../Core/Src/main.c:75:6:read_flash	24	static
../Core/Src/main.c:93:6:save_to_flash	96	dynamic
../Core/Src/main.c:160:6:LerADCS	8	static
../Core/Src/main.c:194:6:LerSPI	8	static
../Core/Src/main.c:225:6:Calibrar	88	static
../Core/Src/main.c:269:6:update_data_from_flash	216	static
../Core/Src/main.c:282:5:main	16	static
../Core/Src/main.c:486:6:SystemClock_Config	88	static
../Core/Src/main.c:534:13:MX_ADC1_Init	24	static
../Core/Src/main.c:599:13:MX_SPI1_Init	8	static
../Core/Src/main.c:637:13:MX_SPI2_Init	8	static
../Core/Src/main.c:675:13:MX_USART1_UART_Init	8	static
../Core/Src/main.c:706:13:MX_DMA_Init	16	static
../Core/Src/main.c:724:13:MX_GPIO_Init	40	static
../Core/Src/main.c:767:6:Error_Handler	4	static,ignoring_inline_asm
