../Core/Src/main.c:75:6:read_flash	24	static
../Core/Src/main.c:93:6:save_to_flash	96	dynamic
../Core/Src/main.c:160:6:LerADCS	8	static
../Core/Src/main.c:188:6:LerSPI	8	static
../Core/Src/main.c:221:6:Calibrar	88	static
../Core/Src/main.c:265:6:update_data_from_flash	216	static
../Core/Src/main.c:288:5:main	16	static
../Core/Src/main.c:496:6:SystemClock_Config	88	static
../Core/Src/main.c:544:13:MX_ADC1_Init	24	static
../Core/Src/main.c:609:13:MX_SPI1_Init	8	static
../Core/Src/main.c:647:13:MX_SPI2_Init	8	static
../Core/Src/main.c:685:13:MX_USART1_UART_Init	8	static
../Core/Src/main.c:716:13:MX_DMA_Init	16	static
../Core/Src/main.c:734:13:MX_GPIO_Init	40	static
../Core/Src/main.c:777:6:Error_Handler	4	static,ignoring_inline_asm
