Archive member included to satisfy reference by file (symbol)

c:/st/stm32cubeide_1.9.0/stm32cubeide/plugins/com.st.stm32cube.ide.mcu.externaltools.gnu-tools-for-stm32.10.3-2021.10.win32_1.0.0.202111181127/tools/bin/../lib/gcc/arm-none-eabi/10.3.1/../../../../arm-none-eabi/lib/thumb/v7-m/nofp\libc_nano.a(lib_a-errno.o)
                              ./Core/Src/syscalls.o (__errno)
c:/st/stm32cubeide_1.9.0/stm32cubeide/plugins/com.st.stm32cube.ide.mcu.externaltools.gnu-tools-for-stm32.10.3-2021.10.win32_1.0.0.202111181127/tools/bin/../lib/gcc/arm-none-eabi/10.3.1/../../../../arm-none-eabi/lib/thumb/v7-m/nofp\libc_nano.a(lib_a-exit.o)
                              c:/st/stm32cubeide_1.9.0/stm32cubeide/plugins/com.st.stm32cube.ide.mcu.externaltools.gnu-tools-for-stm32.10.3-2021.10.win32_1.0.0.202111181127/tools/bin/../lib/gcc/arm-none-eabi/10.3.1/../../../../arm-none-eabi/lib/thumb/v7-m/nofp/crt0.o (exit)
c:/st/stm32cubeide_1.9.0/stm32cubeide/plugins/com.st.stm32cube.ide.mcu.externaltools.gnu-tools-for-stm32.10.3-2021.10.win32_1.0.0.202111181127/tools/bin/../lib/gcc/arm-none-eabi/10.3.1/../../../../arm-none-eabi/lib/thumb/v7-m/nofp\libc_nano.a(lib_a-impure.o)
                              c:/st/stm32cubeide_1.9.0/stm32cubeide/plugins/com.st.stm32cube.ide.mcu.externaltools.gnu-tools-for-stm32.10.3-2021.10.win32_1.0.0.202111181127/tools/bin/../lib/gcc/arm-none-eabi/10.3.1/../../../../arm-none-eabi/lib/thumb/v7-m/nofp\libc_nano.a(lib_a-exit.o) (_global_impure_ptr)
c:/st/stm32cubeide_1.9.0/stm32cubeide/plugins/com.st.stm32cube.ide.mcu.externaltools.gnu-tools-for-stm32.10.3-2021.10.win32_1.0.0.202111181127/tools/bin/../lib/gcc/arm-none-eabi/10.3.1/../../../../arm-none-eabi/lib/thumb/v7-m/nofp\libc_nano.a(lib_a-init.o)
                              c:/st/stm32cubeide_1.9.0/stm32cubeide/plugins/com.st.stm32cube.ide.mcu.externaltools.gnu-tools-for-stm32.10.3-2021.10.win32_1.0.0.202111181127/tools/bin/../lib/gcc/arm-none-eabi/10.3.1/../../../../arm-none-eabi/lib/thumb/v7-m/nofp/crt0.o (__libc_init_array)
c:/st/stm32cubeide_1.9.0/stm32cubeide/plugins/com.st.stm32cube.ide.mcu.externaltools.gnu-tools-for-stm32.10.3-2021.10.win32_1.0.0.202111181127/tools/bin/../lib/gcc/arm-none-eabi/10.3.1/../../../../arm-none-eabi/lib/thumb/v7-m/nofp\libc_nano.a(lib_a-memset.o)
                              c:/st/stm32cubeide_1.9.0/stm32cubeide/plugins/com.st.stm32cube.ide.mcu.externaltools.gnu-tools-for-stm32.10.3-2021.10.win32_1.0.0.202111181127/tools/bin/../lib/gcc/arm-none-eabi/10.3.1/../../../../arm-none-eabi/lib/thumb/v7-m/nofp/crt0.o (memset)

Discarded input sections

 .text          0x0000000000000000        0x0 c:/st/stm32cubeide_1.9.0/stm32cubeide/plugins/com.st.stm32cube.ide.mcu.externaltools.gnu-tools-for-stm32.10.3-2021.10.win32_1.0.0.202111181127/tools/bin/../lib/gcc/arm-none-eabi/10.3.1/thumb/v7-m/nofp/crti.o
 .data          0x0000000000000000        0x0 c:/st/stm32cubeide_1.9.0/stm32cubeide/plugins/com.st.stm32cube.ide.mcu.externaltools.gnu-tools-for-stm32.10.3-2021.10.win32_1.0.0.202111181127/tools/bin/../lib/gcc/arm-none-eabi/10.3.1/thumb/v7-m/nofp/crti.o
 .bss           0x0000000000000000        0x0 c:/st/stm32cubeide_1.9.0/stm32cubeide/plugins/com.st.stm32cube.ide.mcu.externaltools.gnu-tools-for-stm32.10.3-2021.10.win32_1.0.0.202111181127/tools/bin/../lib/gcc/arm-none-eabi/10.3.1/thumb/v7-m/nofp/crti.o
 .data          0x0000000000000000        0x4 c:/st/stm32cubeide_1.9.0/stm32cubeide/plugins/com.st.stm32cube.ide.mcu.externaltools.gnu-tools-for-stm32.10.3-2021.10.win32_1.0.0.202111181127/tools/bin/../lib/gcc/arm-none-eabi/10.3.1/thumb/v7-m/nofp/crtbegin.o
 .rodata        0x0000000000000000       0x24 c:/st/stm32cubeide_1.9.0/stm32cubeide/plugins/com.st.stm32cube.ide.mcu.externaltools.gnu-tools-for-stm32.10.3-2021.10.win32_1.0.0.202111181127/tools/bin/../lib/gcc/arm-none-eabi/10.3.1/thumb/v7-m/nofp/crtbegin.o
 .text          0x0000000000000000       0x7c c:/st/stm32cubeide_1.9.0/stm32cubeide/plugins/com.st.stm32cube.ide.mcu.externaltools.gnu-tools-for-stm32.10.3-2021.10.win32_1.0.0.202111181127/tools/bin/../lib/gcc/arm-none-eabi/10.3.1/../../../../arm-none-eabi/lib/thumb/v7-m/nofp/crt0.o
 .data          0x0000000000000000        0x0 c:/st/stm32cubeide_1.9.0/stm32cubeide/plugins/com.st.stm32cube.ide.mcu.externaltools.gnu-tools-for-stm32.10.3-2021.10.win32_1.0.0.202111181127/tools/bin/../lib/gcc/arm-none-eabi/10.3.1/../../../../arm-none-eabi/lib/thumb/v7-m/nofp/crt0.o
 .bss           0x0000000000000000        0x0 c:/st/stm32cubeide_1.9.0/stm32cubeide/plugins/com.st.stm32cube.ide.mcu.externaltools.gnu-tools-for-stm32.10.3-2021.10.win32_1.0.0.202111181127/tools/bin/../lib/gcc/arm-none-eabi/10.3.1/../../../../arm-none-eabi/lib/thumb/v7-m/nofp/crt0.o
[...]
Memory Configuration

Name             Origin             Length             Attributes
RAM              0x0000000020000000 0x0000000000005000 xrw
FLASH            0x0000000008000000 0x0000000000010000 xr
*default*        0x0000000000000000 0xffffffffffffffff

Linker script and memory map

LOAD c:/st/stm32cubeide_1.9.0/stm32cubeide/plugins/com.st.stm32cube.ide.mcu.externaltools.gnu-tools-for-stm32.10.3-2021.10.win32_1.0.0.202111181127/tools/bin/../lib/gcc/arm-none-eabi/10.3.1/thumb/v7-m/nofp/crti.o
LOAD c:/st/stm32cubeide_1.9.0/stm32cubeide/plugins/com.st.stm32cube.ide.mcu.externaltools.gnu-tools-for-stm32.10.3-2021.10.win32_1.0.0.202111181127/tools/bin/../lib/gcc/arm-none-eabi/10.3.1/thumb/v7-m/nofp/crtbegin.o
LOAD c:/st/stm32cubeide_1.9.0/stm32cubeide/plugins/com.st.stm32cube.ide.mcu.externaltools.gnu-tools-for-stm32.10.3-2021.10.win32_1.0.0.202111181127/tools/bin/../lib/gcc/arm-none-eabi/10.3.1/../../../../arm-none-eabi/lib/thumb/v7-m/nofp/crt0.o
LOAD ./Core/Src/main.o
LOAD ./Core/Src/stm32f1xx_hal_msp.o
LOAD ./Core/Src/stm32f1xx_it.o
LOAD ./Core/Src/syscalls.o
LOAD ./Core/Src/sysmem.o
LOAD ./Core/Src/system_stm32f1xx.o
LOAD ./Core/Startup/startup_stm32f103c8tx.o
LOAD ./Drivers/STM32F1xx_HAL_Driver/Src/stm32f1xx_hal.o
LOAD ./Drivers/STM32F1xx_HAL_Driver/Src/stm32f1xx_hal_adc.o
LOAD ./Drivers/STM32F1xx_HAL_Driver/Src/stm32f1xx_hal_adc_ex.o
LOAD ./Drivers/STM32F1xx_HAL_Driver/Src/stm32f1xx_hal_cortex.o
LOAD ./Drivers/STM32F1xx_HAL_Driver/Src/stm32f1xx_hal_dma.o
LOAD ./Drivers/STM32F1xx_HAL_Driver/Src/stm32f1xx_hal_exti.o
LOAD ./Drivers/STM32F1xx_HAL_Driver/Src/stm32f1xx_hal_flash.o
LOAD ./Drivers/STM32F1xx_HAL_Driver/Src/stm32f1xx_hal_flash_ex.o
LOAD ./Drivers/STM32F1xx_HAL_Driver/Src/stm32f1xx_hal_gpio.o
LOAD ./Drivers/STM32F1xx_HAL_Driver/Src/stm32f1xx_hal_gpio_ex.o
LOAD ./Drivers/STM32F1xx_HAL_Driver/Src/stm32f1xx_hal_pcd.o
LOAD ./Drivers/STM32F1xx_HAL_Driver/Src/stm32f1xx_hal_pcd_ex.o
LOAD ./Drivers/STM32F1xx_HAL_Driver/Src/stm32f1xx_hal_pwr.o
LOAD ./Drivers/STM32F1xx_HAL_Driver/Src/stm32f1xx_hal_rcc.o
LOAD ./Drivers/STM32F1xx_HAL_Driver/Src/stm32f1xx_hal_rcc_ex.o
LOAD ./Drivers/STM32F1xx_HAL_Driver/Src/stm32f1xx_hal_spi.o
LOAD ./Drivers/STM32F1xx_HAL_Driver/Src/stm32f1xx_hal_uart.o
LOAD ./Drivers/STM32F1xx_HAL_Driver/Src/stm32f1xx_ll_usb.o
LOAD ./Middlewares/ST/STM32_USB_Device_Library/Class/CustomHID/Src/usbd_customhid.o
LOAD ./Middlewares/ST/STM32_USB_Device_Library/Core/Src/usbd_core.o
LOAD ./Middlewares/ST/STM32_USB_Device_Library/Core/Src/usbd_ctlreq.o
LOAD ./Middlewares/ST/STM32_USB_Device_Library/Core/Src/usbd_ioreq.o
LOAD ./USB_DEVICE/App/usb_device.o
LOAD ./USB_DEVICE/App/usbd_custom_hid_if.o
LOAD ./USB_DEVICE/App/usbd_desc.o
LOAD ./USB_DEVICE/Target/usbd_conf.o
START GROUP
LOAD c:/st/stm32cubeide_1.9.0/stm32cubeide/plugins/com.st.stm32cube.ide.mcu.externaltools.gnu-tools-for-stm32.10.3-2021.10.win32_1.0.0.202111181127/tools/bin/../lib/gcc/arm-none-eabi/10.3.1/../../../../arm-none-eabi/lib/thumb/v7-m/nofp\libc_nano.a
LOAD c:/st/stm32cubeide_1.9.0/stm32cubeide/plugins/com.st.stm32cube.ide.mcu.externaltools.gnu-tools-for-stm32.10.3-2021.10.win32_1.0.0.202111181127/tools/bin/../lib/gcc/arm-none-eabi/10.3.1/../../../../arm-none-eabi/lib/thumb/v7-m/nofp\libm.a
END GROUP
START GROUP
LOAD c:/st/stm32cubeide_1.9.0/stm32cubeide/plugins/com.st.stm32cube.ide.mcu.externaltools.gnu-tools-for-stm32.10.3-2021.10.win32_1.0.0.202111181127/tools/bin/../lib/gcc/arm-none-eabi/10.3.1/thumb/v7-m/nofp\libgcc.a
LOAD c:/st/stm32cubeide_1.9.0/stm32cubeide/plugins/com.st.stm32cube.ide.mcu.externaltools.gnu-tools-for-stm32.10.3-2021.10.win32_1.0.0.202111181127/tools/bin/../lib/gcc/arm-none-eabi/10.3.1/../../../../arm-none-eabi/lib/thumb/v7-m/nofp\libc_nano.a
END GROUP
START GROUP
LOAD c:/st/stm32cubeide_1.9.0/stm32cubeide/plugins/com.st.stm32cube.ide.mcu.externaltools.gnu-tools-for-stm32.10.3-2021.10.win32_1.0.0.202111181127/tools/bin/../lib/gcc/arm-none-eabi/10.3.1/thumb/v7-m/nofp\libgcc.a
LOAD c:/st/stm32cubeide_1.9.0/stm32cubeide/plugins/com.st.stm32cube.ide.mcu.externaltools.gnu-tools-for-stm32.10.3-2021.10.win32_1.0.0.202111181127/tools/bin/../lib/gcc/arm-none-eabi/10.3.1/../../../../arm-none-eabi/lib/thumb/v7-m/nofp\libc_nano.a
LOAD c:/st/stm32cubeide_1.9.0/stm32cubeide/plugins/com.st.stm32cube.ide.mcu.externaltools.gnu-tools-for-stm32.10.3-2021.10.win32_1.0.0.202111181127/tools/bin/../lib/gcc/arm-none-eabi/10.3.1/../../../../arm-none-eabi/lib/thumb/v7-m/nofp\libnosys.a
END GROUP
START GROUP
LOAD c:/st/stm32cubeide_1.9.0/stm32cubeide/plugins/com.st.stm32cube.ide.mcu.externaltools.gnu-tools-for-stm32.10.3-2021.10.win32_1.0.0.202111181127/tools/bin/../lib/gcc/arm-none-eabi/10.3.1/thumb/v7-m/nofp\libgcc.a
LOAD c:/st/stm32cubeide_1.9.0/stm32cubeide/plugins/com.st.stm32cube.ide.mcu.externaltools.gnu-tools-for-stm32.10.3-2021.10.win32_1.0.0.202111181127/tools/bin/../lib/gcc/arm-none-eabi/10.3.1/../../../../arm-none-eabi/lib/thumb/v7-m/nofp\libc_nano.a
LOAD c:/st/stm32cubeide_1.9.0/stm32cubeide/plugins/com.st.stm32cube.ide.mcu.externaltools.gnu-tools-for-stm32.10.3-2021.10.win32_1.0.0.202111181127/tools/bin/../lib/gcc/arm-none-eabi/10.3.1/../../../../arm-none-eabi/lib/thumb/v7-m/nofp\libnosys.a
END GROUP
LOAD c:/st/stm32cubeide_1.9.0/stm32cubeide/plugins/com.st.stm32cube.ide.mcu.externaltools.gnu-tools-for-stm32.10.3-2021.10.win32_1.0.0.202111181127/tools/bin/../lib/gcc/arm-none-eabi/10.3.1/thumb/v7-m/nofp/crtend.o
LOAD c:/st/stm32cubeide_1.9.0/stm32cubeide/plugins/com.st.stm32cube.ide.mcu.externaltools.gnu-tools-for-stm32.10.3-2021.10.win32_1.0.0.202111181127/tools/bin/../lib/gcc/arm-none-eabi/10.3.1/thumb/v7-m/nofp/crtn.o
                0x0000000020005000                _estack = (ORIGIN (RAM) + LENGTH (RAM))
                0x0000000000000200                _Min_Heap_Size = 0x200
                0x0000000000000400                _Min_Stack_Size = 0x400

.isr_vector     0x0000000008000000      0x10c
                0x0000000008000000                . = ALIGN (0x4)
 *(.isr_vector)
 .isr_vector    0x0000000008000000      0x10c ./Core/Startup/startup_stm32f103c8tx.o
                0x0000000008000000                g_pfnVectors
                0x000000000800010c                . = ALIGN (0x4)

.text           0x000000000800010c     0x82c4
                0x000000000800010c                . = ALIGN (0x4)
 *(.text)
 .text          0x000000000800010c       0x40 c:/st/stm32cubeide_1.9.0/stm32cubeide/plugins/com.st.stm32cube.ide.mcu.externaltools.gnu-tools-for-stm32.10.3-2021.10.win32_1.0.0.202111181127/tools/bin/../lib/gcc/arm-none-eabi/10.3.1/thumb/v7-m/nofp/crtbegin.o
 *(.text*)
 .text.main     0x000000000800014c       0x2a ./Core/Src/main.o
                0x000000000800014c                main
 .text.SystemClock_Config
                0x0000000008000176       0xbc ./Core/Src/main.o
                0x0000000008000176                SystemClock_Config
 *fill*         0x0000000008000232        0x2 
 .text.MX_ADC1_Init
                0x0000000008000234       0xb8 ./Core/Src/main.o
 .text.MX_SPI1_Init
                0x00000000080002ec       0x6c ./Core/Src/main.o
 .text.MX_SPI2_Init
                0x0000000008000358       0x6c ./Core/Src/main.o
 .text.MX_USART1_UART_Init
                0x00000000080003c4       0x54 ./Core/Src/main.o
 .text.MX_DMA_Init
                0x0000000008000418       0x3c ./Core/Src/main.o
 .text.MX_GPIO_Init
                0x0000000008000454       0x5c ./Core/Src/main.o
 .text.Error_Handler
                0x00000000080004b0        0xa ./Core/Src/main.o
                0x00000000080004b0                Error_Handler
 *fill*         0x00000000080004ba        0x2 
 .text.HAL_MspInit
                0x00000000080004bc       0x44 ./Core/Src/stm32f1xx_hal_msp.o
                0x00000000080004bc                HAL_MspInit
 .text.HAL_ADC_MspInit
                0x0000000008000500       0xd0 ./Core/Src/stm32f1xx_hal_msp.o
                0x0000000008000500                HAL_ADC_MspInit
 .text.HAL_SPI_MspInit
                0x00000000080005d0       0xdc ./Core/Src/stm32f1xx_hal_msp.o
                0x00000000080005d0                HAL_SPI_MspInit
 .text.HAL_UART_MspInit
                0x00000000080006ac       0x98 ./Core/Src/stm32f1xx_hal_msp.o
                0x00000000080006ac                HAL_UART_MspInit
 .text.NMI_Handler
                0x0000000008000744        0x6 ./Core/Src/stm32f1xx_it.o
                0x0000000008000744                NMI_Handler
 .text.HardFault_Handler
                0x000000000800074a        0x6 ./Core/Src/stm32f1xx_it.o
                0x000000000800074a                HardFault_Handler
 .text.MemManage_Handler
                0x0000000008000750        0x6 ./Core/Src/stm32f1xx_it.o
                0x0000000008000750                MemManage_Handler
 .text.BusFault_Handler
                0x0000000008000756        0x6 ./Core/Src/stm32f1xx_it.o
                0x0000000008000756                BusFault_Handler
 .text.UsageFault_Handler
                0x000000000800075c        0x6 ./Core/Src/stm32f1xx_it.o
                0x000000000800075c                UsageFault_Handler
 .text.SVC_Handler
                0x0000000008000762        0xc ./Core/Src/stm32f1xx_it.o
                0x0000000008000762                SVC_Handler
 .text.DebugMon_Handler
                0x000000000800076e        0xc ./Core/Src/stm32f1xx_it.o
                0x000000000800076e                DebugMon_Handler
 .text.PendSV_Handler
                0x000000000800077a        0xc ./Core/Src/stm32f1xx_it.o
                0x000000000800077a                PendSV_Handler
 .text.SysTick_Handler
                0x0000000008000786        0xc ./Core/Src/stm32f1xx_it.o
                0x0000000008000786                SysTick_Handler
 *fill*         0x0000000008000792        0x2 
 .text.DMA1_Channel1_IRQHandler
                0x0000000008000794       0x14 ./Core/Src/stm32f1xx_it.o
                0x0000000008000794                DMA1_Channel1_IRQHandler
 .text.USB_LP_CAN1_RX0_IRQHandler
                0x00000000080007a8       0x14 ./Core/Src/stm32f1xx_it.o
                0x00000000080007a8                USB_LP_CAN1_RX0_IRQHandler
 .text.SystemInit
                0x00000000080007bc        0xc ./Core/Src/system_stm32f1xx.o
                0x00000000080007bc                SystemInit
 .text.Reset_Handler
                0x00000000080007c8       0x48 ./Core/Startup/startup_stm32f103c8tx.o
                0x00000000080007c8                Reset_Handler
 .text.Default_Handler
                0x0000000008000810        0x2 ./Core/Startup/startup_stm32f103c8tx.o
                0x0000000008000810                RTC_Alarm_IRQHandler
                0x0000000008000810                EXTI2_IRQHandler
                0x0000000008000810                TIM1_CC_IRQHandler
                0x0000000008000810                PVD_IRQHandler
                0x0000000008000810                EXTI3_IRQHandler
                0x0000000008000810                EXTI0_IRQHandler
                0x0000000008000810                I2C2_EV_IRQHandler
                0x0000000008000810                ADC1_2_IRQHandler
                0x0000000008000810                SPI1_IRQHandler
                0x0000000008000810                TAMPER_IRQHandler
                0x0000000008000810                DMA1_Channel4_IRQHandler
                0x0000000008000810                USART3_IRQHandler
                0x0000000008000810                RTC_IRQHandler
                0x0000000008000810                DMA1_Channel7_IRQHandler
                0x0000000008000810                CAN1_RX1_IRQHandler
                0x0000000008000810                TIM4_IRQHandler
                0x0000000008000810                I2C1_EV_IRQHandler
                0x0000000008000810                DMA1_Channel6_IRQHandler
                0x0000000008000810                TIM3_IRQHandler
                0x0000000008000810                RCC_IRQHandler
                0x0000000008000810                TIM1_TRG_COM_IRQHandler
                0x0000000008000810                Default_Handler
                0x0000000008000810                EXTI15_10_IRQHandler
                0x0000000008000810                EXTI9_5_IRQHandler
                0x0000000008000810                SPI2_IRQHandler
                0x0000000008000810                DMA1_Channel5_IRQHandler
                0x0000000008000810                EXTI4_IRQHandler
                0x0000000008000810                USB_HP_CAN1_TX_IRQHandler
                0x0000000008000810                DMA1_Channel3_IRQHandler
                0x0000000008000810                TIM1_UP_IRQHandler
                0x0000000008000810                WWDG_IRQHandler
                0x0000000008000810                TIM2_IRQHandler
                0x0000000008000810                TIM1_BRK_IRQHandler
                0x0000000008000810                EXTI1_IRQHandler
                0x0000000008000810                USART2_IRQHandler
                0x0000000008000810                I2C2_ER_IRQHandler
                0x0000000008000810                DMA1_Channel2_IRQHandler
                0x0000000008000810                CAN1_SCE_IRQHandler
                0x0000000008000810                FLASH_IRQHandler
                0x0000000008000810                USART1_IRQHandler
                0x0000000008000810                I2C1_ER_IRQHandler
                0x0000000008000810                USBWakeUp_IRQHandler
 *fill*         0x0000000008000812        0x2 
 .text.HAL_Init
                0x0000000008000814       0x2c ./Drivers/STM32F1xx_HAL_Driver/Src/stm32f1xx_hal.o
                0x0000000008000814                HAL_Init
 .text.HAL_InitTick
                0x0000000008000840       0x60 ./Drivers/STM32F1xx_HAL_Driver/Src/stm32f1xx_hal.o
                0x0000000008000840                HAL_InitTick
 .text.HAL_IncTick
                0x00000000080008a0       0x24 ./Drivers/STM32F1xx_HAL_Driver/Src/stm32f1xx_hal.o
                0x00000000080008a0                HAL_IncTick
 .text.HAL_GetTick
                0x00000000080008c4       0x14 ./Drivers/STM32F1xx_HAL_Driver/Src/stm32f1xx_hal.o
                0x00000000080008c4                HAL_GetTick
 .text.HAL_ADC_Init
                0x00000000080008d8      0x1b0 ./Drivers/STM32F1xx_HAL_Driver/Src/stm32f1xx_hal_adc.o
                0x00000000080008d8                HAL_ADC_Init
 .text.HAL_ADC_ConfigChannel
                0x0000000008000a88      0x1f0 ./Drivers/STM32F1xx_HAL_Driver/Src/stm32f1xx_hal_adc.o
                0x0000000008000a88                HAL_ADC_ConfigChannel
 .text.ADC_ConversionStop_Disable
                0x0000000008000c78       0x82 ./Drivers/STM32F1xx_HAL_Driver/Src/stm32f1xx_hal_adc.o
                0x0000000008000c78                ADC_ConversionStop_Disable
 *fill*         0x0000000008000cfa        0x2 
 .text.__NVIC_SetPriorityGrouping
                0x0000000008000cfc       0x48 ./Drivers/STM32F1xx_HAL_Driver/Src/stm32f1xx_hal_cortex.o
 .text.__NVIC_GetPriorityGrouping
                0x0000000008000d44       0x1c ./Drivers/STM32F1xx_HAL_Driver/Src/stm32f1xx_hal_cortex.o
 .text.__NVIC_EnableIRQ
                0x0000000008000d60       0x38 ./Drivers/STM32F1xx_HAL_Driver/Src/stm32f1xx_hal_cortex.o
 .text.__NVIC_SetPriority
                0x0000000008000d98       0x54 ./Drivers/STM32F1xx_HAL_Driver/Src/stm32f1xx_hal_cortex.o
 .text.NVIC_EncodePriority
                0x0000000008000dec       0x64 ./Drivers/STM32F1xx_HAL_Driver/Src/stm32f1xx_hal_cortex.o
 .text.SysTick_Config
                0x0000000008000e50       0x44 ./Drivers/STM32F1xx_HAL_Driver/Src/stm32f1xx_hal_cortex.o
 .text.HAL_NVIC_SetPriorityGrouping
                0x0000000008000e94       0x16 ./Drivers/STM32F1xx_HAL_Driver/Src/stm32f1xx_hal_cortex.o
                0x0000000008000e94                HAL_NVIC_SetPriorityGrouping
 .text.HAL_NVIC_SetPriority
                0x0000000008000eaa       0x38 ./Drivers/STM32F1xx_HAL_Driver/Src/stm32f1xx_hal_cortex.o
                0x0000000008000eaa                HAL_NVIC_SetPriority
 .text.HAL_NVIC_EnableIRQ
                0x0000000008000ee2       0x1c ./Drivers/STM32F1xx_HAL_Driver/Src/stm32f1xx_hal_cortex.o
                0x0000000008000ee2                HAL_NVIC_EnableIRQ
 .text.HAL_SYSTICK_Config
                0x0000000008000efe       0x18 ./Drivers/STM32F1xx_HAL_Driver/Src/stm32f1xx_hal_cortex.o
                0x0000000008000efe                HAL_SYSTICK_Config
 *fill*         0x0000000008000f16        0x2 
 .text.HAL_DMA_Init
                0x0000000008000f18       0xb4 ./Drivers/STM32F1xx_HAL_Driver/Src/stm32f1xx_hal_dma.o
                0x0000000008000f18                HAL_DMA_Init
 .text.HAL_DMA_IRQHandler
                0x0000000008000fcc      0x20c ./Drivers/STM32F1xx_HAL_Driver/Src/stm32f1xx_hal_dma.o
                0x0000000008000fcc                HAL_DMA_IRQHandler
 .text.HAL_GPIO_Init
                0x00000000080011d8      0x308 ./Drivers/STM32F1xx_HAL_Driver/Src/stm32f1xx_hal_gpio.o
                0x00000000080011d8                HAL_GPIO_Init
 .text.HAL_PCD_Init
                0x00000000080014e0      0x216 ./Drivers/STM32F1xx_HAL_Driver/Src/stm32f1xx_hal_pcd.o
                0x00000000080014e0                HAL_PCD_Init
 .text.HAL_PCD_Start
                0x00000000080016f6       0x4c ./Drivers/STM32F1xx_HAL_Driver/Src/stm32f1xx_hal_pcd.o
                0x00000000080016f6                HAL_PCD_Start
 .text.HAL_PCD_IRQHandler
                0x0000000008001742      0x2a6 ./Drivers/STM32F1xx_HAL_Driver/Src/stm32f1xx_hal_pcd.o
                0x0000000008001742                HAL_PCD_IRQHandler
 .text.HAL_PCD_SetAddress
                0x00000000080019e8       0x4a ./Drivers/STM32F1xx_HAL_Driver/Src/stm32f1xx_hal_pcd.o
                0x00000000080019e8                HAL_PCD_SetAddress
 .text.HAL_PCD_EP_Open
                0x0000000008001a32       0xcc ./Drivers/STM32F1xx_HAL_Driver/Src/stm32f1xx_hal_pcd.o
                0x0000000008001a32                HAL_PCD_EP_Open
 .text.HAL_PCD_EP_Close
                0x0000000008001afe       0x90 ./Drivers/STM32F1xx_HAL_Driver/Src/stm32f1xx_hal_pcd.o
                0x0000000008001afe                HAL_PCD_EP_Close
 .text.HAL_PCD_EP_Receive
                0x0000000008001b8e       0x7a ./Drivers/STM32F1xx_HAL_Driver/Src/stm32f1xx_hal_pcd.o
                0x0000000008001b8e                HAL_PCD_EP_Receive
 .text.HAL_PCD_EP_Transmit
                0x0000000008001c08       0x86 ./Drivers/STM32F1xx_HAL_Driver/Src/stm32f1xx_hal_pcd.o
                0x0000000008001c08                HAL_PCD_EP_Transmit
 .text.HAL_PCD_EP_SetStall
                0x0000000008001c8e       0xc0 ./Drivers/STM32F1xx_HAL_Driver/Src/stm32f1xx_hal_pcd.o
                0x0000000008001c8e                HAL_PCD_EP_SetStall
 .text.HAL_PCD_EP_ClrStall
                0x0000000008001d4e       0xa8 ./Drivers/STM32F1xx_HAL_Driver/Src/stm32f1xx_hal_pcd.o
                0x0000000008001d4e                HAL_PCD_EP_ClrStall
 .text.PCD_EP_ISR_Handler
                0x0000000008001df6      0x600 ./Drivers/STM32F1xx_HAL_Driver/Src/stm32f1xx_hal_pcd.o
 .text.HAL_PCD_EP_DB_Receive
                0x00000000080023f6      0x21a ./Drivers/STM32F1xx_HAL_Driver/Src/stm32f1xx_hal_pcd.o
 .text.HAL_PCD_EP_DB_Transmit
                0x0000000008002610      0x7a4 ./Drivers/STM32F1xx_HAL_Driver/Src/stm32f1xx_hal_pcd.o
 .text.HAL_PCDEx_PMAConfig
                0x0000000008002db4       0x84 ./Drivers/STM32F1xx_HAL_Driver/Src/stm32f1xx_hal_pcd_ex.o
                0x0000000008002db4                HAL_PCDEx_PMAConfig
 .text.HAL_RCC_OscConfig
                0x0000000008002e38      0x504 ./Drivers/STM32F1xx_HAL_Driver/Src/stm32f1xx_hal_rcc.o
                0x0000000008002e38                HAL_RCC_OscConfig
 .text.HAL_RCC_ClockConfig
                0x000000000800333c      0x1d4 ./Drivers/STM32F1xx_HAL_Driver/Src/stm32f1xx_hal_rcc.o
                0x000000000800333c                HAL_RCC_ClockConfig
 .text.HAL_RCC_GetSysClockFreq
                0x0000000008003510       0xbc ./Drivers/STM32F1xx_HAL_Driver/Src/stm32f1xx_hal_rcc.o
                0x0000000008003510                HAL_RCC_GetSysClockFreq
 .text.HAL_RCC_GetHCLKFreq
                0x00000000080035cc       0x14 ./Drivers/STM32F1xx_HAL_Driver/Src/stm32f1xx_hal_rcc.o
                0x00000000080035cc                HAL_RCC_GetHCLKFreq
 .text.HAL_RCC_GetPCLK1Freq
                0x00000000080035e0       0x28 ./Drivers/STM32F1xx_HAL_Driver/Src/stm32f1xx_hal_rcc.o
                0x00000000080035e0                HAL_RCC_GetPCLK1Freq
 .text.HAL_RCC_GetPCLK2Freq
                0x0000000008003608       0x28 ./Drivers/STM32F1xx_HAL_Driver/Src/stm32f1xx_hal_rcc.o
                0x0000000008003608                HAL_RCC_GetPCLK2Freq
 .text.RCC_Delay
                0x0000000008003630       0x3c ./Drivers/STM32F1xx_HAL_Driver/Src/stm32f1xx_hal_rcc.o
 .text.HAL_RCCEx_PeriphCLKConfig
                0x000000000800366c      0x16c ./Drivers/STM32F1xx_HAL_Driver/Src/stm32f1xx_hal_rcc_ex.o
                0x000000000800366c                HAL_RCCEx_PeriphCLKConfig
 .text.HAL_SPI_Init
                0x00000000080037d8      0x108 ./Drivers/STM32F1xx_HAL_Driver/Src/stm32f1xx_hal_spi.o
                0x00000000080037d8                HAL_SPI_Init
 .text.HAL_UART_Init
                0x00000000080038e0       0x9a ./Drivers/STM32F1xx_HAL_Driver/Src/stm32f1xx_hal_uart.o
                0x00000000080038e0                HAL_UART_Init
 *fill*         0x000000000800397a        0x2 
 .text.UART_SetConfig
                0x000000000800397c      0x11c ./Drivers/STM32F1xx_HAL_Driver/Src/stm32f1xx_hal_uart.o
 .text.USB_CoreInit
                0x0000000008003a98       0x20 ./Drivers/STM32F1xx_HAL_Driver/Src/stm32f1xx_ll_usb.o
                0x0000000008003a98                USB_CoreInit
 .text.USB_EnableGlobalInt
                0x0000000008003ab8       0x2c ./Drivers/STM32F1xx_HAL_Driver/Src/stm32f1xx_ll_usb.o
                0x0000000008003ab8                USB_EnableGlobalInt
 .text.USB_DisableGlobalInt
                0x0000000008003ae4       0x34 ./Drivers/STM32F1xx_HAL_Driver/Src/stm32f1xx_ll_usb.o
                0x0000000008003ae4                USB_DisableGlobalInt
 .text.USB_SetCurrentMode
                0x0000000008003b18       0x18 ./Drivers/STM32F1xx_HAL_Driver/Src/stm32f1xx_ll_usb.o
                0x0000000008003b18                USB_SetCurrentMode
 .text.USB_DevInit
                0x0000000008003b30       0x40 ./Drivers/STM32F1xx_HAL_Driver/Src/stm32f1xx_ll_usb.o
                0x0000000008003b30                USB_DevInit
 .text.USB_ActivateEndpoint
                0x0000000008003b70      0x6d4 ./Drivers/STM32F1xx_HAL_Driver/Src/stm32f1xx_ll_usb.o
                0x0000000008003b70                USB_ActivateEndpoint
 .text.USB_DeactivateEndpoint
                0x0000000008004244      0x3d8 ./Drivers/STM32F1xx_HAL_Driver/Src/stm32f1xx_ll_usb.o
                0x0000000008004244                USB_DeactivateEndpoint
 .text.USB_EPStartXfer
                0x000000000800461c     0x1c70 ./Drivers/STM32F1xx_HAL_Driver/Src/stm32f1xx_ll_usb.o
                0x000000000800461c                USB_EPStartXfer
 .text.USB_EPSetStall
                0x000000000800628c       0xa0 ./Drivers/STM32F1xx_HAL_Driver/Src/stm32f1xx_ll_usb.o
                0x000000000800628c                USB_EPSetStall
 .text.USB_EPClearStall
                0x000000000800632c      0x15a ./Drivers/STM32F1xx_HAL_Driver/Src/stm32f1xx_ll_usb.o
                0x000000000800632c                USB_EPClearStall
 .text.USB_SetDevAddress
                0x0000000008006486       0x26 ./Drivers/STM32F1xx_HAL_Driver/Src/stm32f1xx_ll_usb.o
                0x0000000008006486                USB_SetDevAddress
 .text.USB_DevConnect
                0x00000000080064ac       0x14 ./Drivers/STM32F1xx_HAL_Driver/Src/stm32f1xx_ll_usb.o
                0x00000000080064ac                USB_DevConnect
 .text.USB_DevDisconnect
                0x00000000080064c0       0x14 ./Drivers/STM32F1xx_HAL_Driver/Src/stm32f1xx_ll_usb.o
                0x00000000080064c0                USB_DevDisconnect
 .text.USB_ReadInterrupts
                0x00000000080064d4       0x1e ./Drivers/STM32F1xx_HAL_Driver/Src/stm32f1xx_ll_usb.o
                0x00000000080064d4                USB_ReadInterrupts
 .text.USB_EP0_OutStart
                0x00000000080064f2       0x16 ./Drivers/STM32F1xx_HAL_Driver/Src/stm32f1xx_ll_usb.o
                0x00000000080064f2                USB_EP0_OutStart
 .text.USB_WritePMA
                0x0000000008006508       0x8a ./Drivers/STM32F1xx_HAL_Driver/Src/stm32f1xx_ll_usb.o
                0x0000000008006508                USB_WritePMA
 .text.USB_ReadPMA
                0x0000000008006592       0x9e ./Drivers/STM32F1xx_HAL_Driver/Src/stm32f1xx_ll_usb.o
                0x0000000008006592                USB_ReadPMA
 .text.USBD_CUSTOM_HID_Init
                0x0000000008006630       0x84 ./Middlewares/ST/STM32_USB_Device_Library/Class/CustomHID/Src/usbd_customhid.o
 .text.USBD_CUSTOM_HID_DeInit
                0x00000000080066b4       0x5c ./Middlewares/ST/STM32_USB_Device_Library/Class/CustomHID/Src/usbd_customhid.o
 .text.USBD_CUSTOM_HID_Setup
                0x0000000008006710      0x200 ./Middlewares/ST/STM32_USB_Device_Library/Class/CustomHID/Src/usbd_customhid.o
 .text.USBD_CUSTOM_HID_GetFSCfgDesc
                0x0000000008006910       0x20 ./Middlewares/ST/STM32_USB_Device_Library/Class/CustomHID/Src/usbd_customhid.o
 .text.USBD_CUSTOM_HID_GetHSCfgDesc
                0x0000000008006930       0x20 ./Middlewares/ST/STM32_USB_Device_Library/Class/CustomHID/Src/usbd_customhid.o
 .text.USBD_CUSTOM_HID_GetOtherSpeedCfgDesc
                0x0000000008006950       0x20 ./Middlewares/ST/STM32_USB_Device_Library/Class/CustomHID/Src/usbd_customhid.o
 .text.USBD_CUSTOM_HID_DataIn
                0x0000000008006970       0x24 ./Middlewares/ST/STM32_USB_Device_Library/Class/CustomHID/Src/usbd_customhid.o
 .text.USBD_CUSTOM_HID_DataOut
                0x0000000008006994       0x3e ./Middlewares/ST/STM32_USB_Device_Library/Class/CustomHID/Src/usbd_customhid.o
 .text.USBD_CUSTOM_HID_EP0_RxReady
                0x00000000080069d2       0x3c ./Middlewares/ST/STM32_USB_Device_Library/Class/CustomHID/Src/usbd_customhid.o
 *fill*         0x0000000008006a0e        0x2 
 .text.USBD_CUSTOM_HID_GetDeviceQualifierDesc
                0x0000000008006a10       0x20 ./Middlewares/ST/STM32_USB_Device_Library/Class/CustomHID/Src/usbd_customhid.o
 .text.USBD_CUSTOM_HID_RegisterInterface
                0x0000000008006a30       0x2c ./Middlewares/ST/STM32_USB_Device_Library/Class/CustomHID/Src/usbd_customhid.o
                0x0000000008006a30                USBD_CUSTOM_HID_RegisterInterface
 .text.USBD_Init
                0x0000000008006a5c       0x56 ./Middlewares/ST/STM32_USB_Device_Library/Core/Src/usbd_core.o
                0x0000000008006a5c                USBD_Init
 .text.USBD_RegisterClass
                0x0000000008006ab2       0x32 ./Middlewares/ST/STM32_USB_Device_Library/Core/Src/usbd_core.o
                0x0000000008006ab2                USBD_RegisterClass
 .text.USBD_Start
                0x0000000008006ae4       0x18 ./Middlewares/ST/STM32_USB_Device_Library/Core/Src/usbd_core.o
                0x0000000008006ae4                USBD_Start
 .text.USBD_RunTestMode
                0x0000000008006afc       0x14 ./Middlewares/ST/STM32_USB_Device_Library/Core/Src/usbd_core.o
                0x0000000008006afc                USBD_RunTestMode
 .text.USBD_SetClassConfig
                0x0000000008006b10       0x3e ./Middlewares/ST/STM32_USB_Device_Library/Core/Src/usbd_core.o
                0x0000000008006b10                USBD_SetClassConfig
 .text.USBD_ClrClassConfig
                0x0000000008006b4e       0x26 ./Middlewares/ST/STM32_USB_Device_Library/Core/Src/usbd_core.o
                0x0000000008006b4e                USBD_ClrClassConfig
 .text.USBD_LL_SetupStage
                0x0000000008006b74       0x9a ./Middlewares/ST/STM32_USB_Device_Library/Core/Src/usbd_core.o
                0x0000000008006b74                USBD_LL_SetupStage
 .text.USBD_LL_DataOutStage
                0x0000000008006c0e       0xe2 ./Middlewares/ST/STM32_USB_Device_Library/Core/Src/usbd_core.o
                0x0000000008006c0e                USBD_LL_DataOutStage
 .text.USBD_LL_DataInStage
                0x0000000008006cf0      0x14a ./Middlewares/ST/STM32_USB_Device_Library/Core/Src/usbd_core.o
                0x0000000008006cf0                USBD_LL_DataInStage
 .text.USBD_LL_Reset
                0x0000000008006e3a       0x82 ./Middlewares/ST/STM32_USB_Device_Library/Core/Src/usbd_core.o
                0x0000000008006e3a                USBD_LL_Reset
 .text.USBD_LL_SetSpeed
                0x0000000008006ebc       0x1e ./Middlewares/ST/STM32_USB_Device_Library/Core/Src/usbd_core.o
                0x0000000008006ebc                USBD_LL_SetSpeed
 .text.USBD_LL_Suspend
                0x0000000008006eda       0x28 ./Middlewares/ST/STM32_USB_Device_Library/Core/Src/usbd_core.o
                0x0000000008006eda                USBD_LL_Suspend
 .text.USBD_LL_Resume
                0x0000000008006f02       0x2a ./Middlewares/ST/STM32_USB_Device_Library/Core/Src/usbd_core.o
                0x0000000008006f02                USBD_LL_Resume
 .text.USBD_LL_SOF
                0x0000000008006f2c       0x34 ./Middlewares/ST/STM32_USB_Device_Library/Core/Src/usbd_core.o
                0x0000000008006f2c                USBD_LL_SOF
 .text.USBD_StdDevReq
                0x0000000008006f60       0xd4 ./Middlewares/ST/STM32_USB_Device_Library/Core/Src/usbd_ctlreq.o
                0x0000000008006f60                USBD_StdDevReq
 .text.USBD_StdItfReq
                0x0000000008007034       0x90 ./Middlewares/ST/STM32_USB_Device_Library/Core/Src/usbd_ctlreq.o
                0x0000000008007034                USBD_StdItfReq
 .text.USBD_StdEPReq
                0x00000000080070c4      0x2c6 ./Middlewares/ST/STM32_USB_Device_Library/Core/Src/usbd_ctlreq.o
                0x00000000080070c4                USBD_StdEPReq
 *fill*         0x000000000800738a        0x2 
 .text.USBD_GetDescriptor
                0x000000000800738c      0x2d0 ./Middlewares/ST/STM32_USB_Device_Library/Core/Src/usbd_ctlreq.o
 .text.USBD_SetAddress
                0x000000000800765c       0x86 ./Middlewares/ST/STM32_USB_Device_Library/Core/Src/usbd_ctlreq.o
 *fill*         0x00000000080076e2        0x2 
 .text.USBD_SetConfig
                0x00000000080076e4      0x11c ./Middlewares/ST/STM32_USB_Device_Library/Core/Src/usbd_ctlreq.o
 .text.USBD_GetConfig
                0x0000000008007800       0x6a ./Middlewares/ST/STM32_USB_Device_Library/Core/Src/usbd_ctlreq.o
 .text.USBD_GetStatus
                0x000000000800786a       0x66 ./Middlewares/ST/STM32_USB_Device_Library/Core/Src/usbd_ctlreq.o
 .text.USBD_SetFeature
                0x00000000080078d0       0x28 ./Middlewares/ST/STM32_USB_Device_Library/Core/Src/usbd_ctlreq.o
 .text.USBD_ClrFeature
                0x00000000080078f8       0x42 ./Middlewares/ST/STM32_USB_Device_Library/Core/Src/usbd_ctlreq.o
 .text.USBD_ParseSetupRequest
                0x000000000800793a       0x78 ./Middlewares/ST/STM32_USB_Device_Library/Core/Src/usbd_ctlreq.o
                0x000000000800793a                USBD_ParseSetupRequest
 .text.USBD_CtlError
                0x00000000080079b2       0x22 ./Middlewares/ST/STM32_USB_Device_Library/Core/Src/usbd_ctlreq.o
                0x00000000080079b2                USBD_CtlError
 .text.USBD_GetString
                0x00000000080079d4       0x84 ./Middlewares/ST/STM32_USB_Device_Library/Core/Src/usbd_ctlreq.o
                0x00000000080079d4                USBD_GetString
 .text.USBD_GetLen
                0x0000000008007a58       0x2e ./Middlewares/ST/STM32_USB_Device_Library/Core/Src/usbd_ctlreq.o
 .text.USBD_CtlSendData
                0x0000000008007a86       0x38 ./Middlewares/ST/STM32_USB_Device_Library/Core/Src/usbd_ioreq.o
                0x0000000008007a86                USBD_CtlSendData
 .text.USBD_CtlContinueSendData
                0x0000000008007abe       0x24 ./Middlewares/ST/STM32_USB_Device_Library/Core/Src/usbd_ioreq.o
                0x0000000008007abe                USBD_CtlContinueSendData
 .text.USBD_CtlPrepareRx
                0x0000000008007ae2       0x3c ./Middlewares/ST/STM32_USB_Device_Library/Core/Src/usbd_ioreq.o
                0x0000000008007ae2                USBD_CtlPrepareRx
 .text.USBD_CtlContinueRx
                0x0000000008007b1e       0x24 ./Middlewares/ST/STM32_USB_Device_Library/Core/Src/usbd_ioreq.o
                0x0000000008007b1e                USBD_CtlContinueRx
 .text.USBD_CtlSendStatus
                0x0000000008007b42       0x26 ./Middlewares/ST/STM32_USB_Device_Library/Core/Src/usbd_ioreq.o
                0x0000000008007b42                USBD_CtlSendStatus
 .text.USBD_CtlReceiveStatus
                0x0000000008007b68       0x26 ./Middlewares/ST/STM32_USB_Device_Library/Core/Src/usbd_ioreq.o
                0x0000000008007b68                USBD_CtlReceiveStatus
 *fill*         0x0000000008007b8e        0x2 
 .text.MX_USB_DEVICE_Init
                0x0000000008007b90       0x60 ./USB_DEVICE/App/usb_device.o
                0x0000000008007b90                MX_USB_DEVICE_Init
 .text.CUSTOM_HID_Init_FS
                0x0000000008007bf0        0xe ./USB_DEVICE/App/usbd_custom_hid_if.o
 .text.CUSTOM_HID_DeInit_FS
                0x0000000008007bfe        0xe ./USB_DEVICE/App/usbd_custom_hid_if.o
 .text.CUSTOM_HID_OutEvent_FS
                0x0000000008007c0c       0x1c ./USB_DEVICE/App/usbd_custom_hid_if.o
 .text.USBD_FS_DeviceDescriptor
                0x0000000008007c28       0x24 ./USB_DEVICE/App/usbd_desc.o
                0x0000000008007c28                USBD_FS_DeviceDescriptor
 .text.USBD_FS_LangIDStrDescriptor
                0x0000000008007c4c       0x24 ./USB_DEVICE/App/usbd_desc.o
                0x0000000008007c4c                USBD_FS_LangIDStrDescriptor
 .text.USBD_FS_ProductStrDescriptor
                0x0000000008007c70       0x3c ./USB_DEVICE/App/usbd_desc.o
                0x0000000008007c70                USBD_FS_ProductStrDescriptor
 .text.USBD_FS_ManufacturerStrDescriptor
                0x0000000008007cac       0x28 ./USB_DEVICE/App/usbd_desc.o
                0x0000000008007cac                USBD_FS_ManufacturerStrDescriptor
 .text.USBD_FS_SerialStrDescriptor
                0x0000000008007cd4       0x24 ./USB_DEVICE/App/usbd_desc.o
                0x0000000008007cd4                USBD_FS_SerialStrDescriptor
 .text.USBD_FS_ConfigStrDescriptor
                0x0000000008007cf8       0x3c ./USB_DEVICE/App/usbd_desc.o
                0x0000000008007cf8                USBD_FS_ConfigStrDescriptor
 .text.USBD_FS_InterfaceStrDescriptor
                0x0000000008007d34       0x3c ./USB_DEVICE/App/usbd_desc.o
                0x0000000008007d34                USBD_FS_InterfaceStrDescriptor
 .text.Get_SerialNum
                0x0000000008007d70       0x58 ./USB_DEVICE/App/usbd_desc.o
 .text.IntToUnicode
                0x0000000008007dc8       0x7c ./USB_DEVICE/App/usbd_desc.o
 .text.HAL_PCD_MspInit
                0x0000000008007e44       0x4c ./USB_DEVICE/Target/usbd_conf.o
                0x0000000008007e44                HAL_PCD_MspInit
 .text.HAL_PCD_SetupStageCallback
                0x0000000008007e90       0x24 ./USB_DEVICE/Target/usbd_conf.o
                0x0000000008007e90                HAL_PCD_SetupStageCallback
 .text.HAL_PCD_DataOutStageCallback
                0x0000000008007eb4       0x36 ./USB_DEVICE/Target/usbd_conf.o
                0x0000000008007eb4                HAL_PCD_DataOutStageCallback
 .text.HAL_PCD_DataInStageCallback
                0x0000000008007eea       0x34 ./USB_DEVICE/Target/usbd_conf.o
                0x0000000008007eea                HAL_PCD_DataInStageCallback
 .text.HAL_PCD_SOFCallback
                0x0000000008007f1e       0x1c ./USB_DEVICE/Target/usbd_conf.o
                0x0000000008007f1e                HAL_PCD_SOFCallback
 .text.HAL_PCD_ResetCallback
                0x0000000008007f3a       0x3c ./USB_DEVICE/Target/usbd_conf.o
                0x0000000008007f3a                HAL_PCD_ResetCallback
 *fill*         0x0000000008007f76        0x2 
 .text.HAL_PCD_SuspendCallback
                0x0000000008007f78       0x34 ./USB_DEVICE/Target/usbd_conf.o
                0x0000000008007f78                HAL_PCD_SuspendCallback
 .text.HAL_PCD_ResumeCallback
                0x0000000008007fac       0x1c ./USB_DEVICE/Target/usbd_conf.o
                0x0000000008007fac                HAL_PCD_ResumeCallback
 .text.USBD_LL_Init
                0x0000000008007fc8       0xa0 ./USB_DEVICE/Target/usbd_conf.o
                0x0000000008007fc8                USBD_LL_Init
 .text.USBD_LL_Start
                0x0000000008008068       0x36 ./USB_DEVICE/Target/usbd_conf.o
                0x0000000008008068                USBD_LL_Start
 .text.USBD_LL_OpenEP
                0x000000000800809e       0x4c ./USB_DEVICE/Target/usbd_conf.o
                0x000000000800809e                USBD_LL_OpenEP
 .text.USBD_LL_CloseEP
                0x00000000080080ea       0x3e ./USB_DEVICE/Target/usbd_conf.o
                0x00000000080080ea                USBD_LL_CloseEP
 .text.USBD_LL_StallEP
                0x0000000008008128       0x3e ./USB_DEVICE/Target/usbd_conf.o
                0x0000000008008128                USBD_LL_StallEP
 .text.USBD_LL_ClearStallEP
                0x0000000008008166       0x3e ./USB_DEVICE/Target/usbd_conf.o
                0x0000000008008166                USBD_LL_ClearStallEP
 .text.USBD_LL_IsStallEP
                0x00000000080081a4       0x58 ./USB_DEVICE/Target/usbd_conf.o
                0x00000000080081a4                USBD_LL_IsStallEP
 .text.USBD_LL_SetUSBAddress
                0x00000000080081fc       0x3e ./USB_DEVICE/Target/usbd_conf.o
                0x00000000080081fc                USBD_LL_SetUSBAddress
 .text.USBD_LL_Transmit
                0x000000000800823a       0x46 ./USB_DEVICE/Target/usbd_conf.o
                0x000000000800823a                USBD_LL_Transmit
 .text.USBD_LL_PrepareReceive
                0x0000000008008280       0x46 ./USB_DEVICE/Target/usbd_conf.o
                0x0000000008008280                USBD_LL_PrepareReceive
 *fill*         0x00000000080082c6        0x2 
 .text.USBD_static_malloc
                0x00000000080082c8       0x18 ./USB_DEVICE/Target/usbd_conf.o
                0x00000000080082c8                USBD_static_malloc
 .text.USBD_static_free
                0x00000000080082e0       0x12 ./USB_DEVICE/Target/usbd_conf.o
                0x00000000080082e0                USBD_static_free
 .text.HAL_PCDEx_SetConnectionState
                0x00000000080082f2       0x16 ./USB_DEVICE/Target/usbd_conf.o
                0x00000000080082f2                HAL_PCDEx_SetConnectionState
 .text.USBD_Get_USB_Status
                0x0000000008008308       0x58 ./USB_DEVICE/Target/usbd_conf.o
 .text.__libc_init_array
                0x0000000008008360       0x48 c:/st/stm32cubeide_1.9.0/stm32cubeide/plugins/com.st.stm32cube.ide.mcu.externaltools.gnu-tools-for-stm32.10.3-2021.10.win32_1.0.0.202111181127/tools/bin/../lib/gcc/arm-none-eabi/10.3.1/../../../../arm-none-eabi/lib/thumb/v7-m/nofp\libc_nano.a(lib_a-init.o)
                0x0000000008008360                __libc_init_array
 .text.memset   0x00000000080083a8       0x10 c:/st/stm32cubeide_1.9.0/stm32cubeide/plugins/com.st.stm32cube.ide.mcu.externaltools.gnu-tools-for-stm32.10.3-2021.10.win32_1.0.0.202111181127/tools/bin/../lib/gcc/arm-none-eabi/10.3.1/../../../../arm-none-eabi/lib/thumb/v7-m/nofp\libc_nano.a(lib_a-memset.o)
                0x00000000080083a8                memset
 *(.glue_7)
 .glue_7        0x00000000080083b8        0x0 linker stubs
 *(.glue_7t)
 .glue_7t       0x00000000080083b8        0x0 linker stubs
 *(.eh_frame)
 .eh_frame      0x00000000080083b8        0x0 c:/st/stm32cubeide_1.9.0/stm32cubeide/plugins/com.st.stm32cube.ide.mcu.externaltools.gnu-tools-for-stm32.10.3-2021.10.win32_1.0.0.202111181127/tools/bin/../lib/gcc/arm-none-eabi/10.3.1/thumb/v7-m/nofp/crtbegin.o
 *(.init)
 .init          0x00000000080083b8        0x4 c:/st/stm32cubeide_1.9.0/stm32cubeide/plugins/com.st.stm32cube.ide.mcu.externaltools.gnu-tools-for-stm32.10.3-2021.10.win32_1.0.0.202111181127/tools/bin/../lib/gcc/arm-none-eabi/10.3.1/thumb/v7-m/nofp/crti.o
                0x00000000080083b8                _init
 .init          0x00000000080083bc        0x8 c:/st/stm32cubeide_1.9.0/stm32cubeide/plugins/com.st.stm32cube.ide.mcu.externaltools.gnu-tools-for-stm32.10.3-2021.10.win32_1.0.0.202111181127/tools/bin/../lib/gcc/arm-none-eabi/10.3.1/thumb/v7-m/nofp/crtn.o
 *(.fini)
 .fini          0x00000000080083c4        0x4 c:/st/stm32cubeide_1.9.0/stm32cubeide/plugins/com.st.stm32cube.ide.mcu.externaltools.gnu-tools-for-stm32.10.3-2021.10.win32_1.0.0.202111181127/tools/bin/../lib/gcc/arm-none-eabi/10.3.1/thumb/v7-m/nofp/crti.o
                0x00000000080083c4                _fini
 .fini          0x00000000080083c8        0x8 c:/st/stm32cubeide_1.9.0/stm32cubeide/plugins/com.st.stm32cube.ide.mcu.externaltools.gnu-tools-for-stm32.10.3-2021.10.win32_1.0.0.202111181127/tools/bin/../lib/gcc/arm-none-eabi/10.3.1/thumb/v7-m/nofp/crtn.o
                0x00000000080083d0                . = ALIGN (0x4)
                0x00000000080083d0                _etext = .

.vfp11_veneer   0x00000000080083d0        0x0
 .vfp11_veneer  0x00000000080083d0        0x0 linker stubs

.v4_bx          0x00000000080083d0        0x0
 .v4_bx         0x00000000080083d0        0x0 linker stubs

.iplt           0x00000000080083d0        0x0
 .iplt          0x00000000080083d0        0x0 c:/st/stm32cubeide_1.9.0/stm32cubeide/plugins/com.st.stm32cube.ide.mcu.externaltools.gnu-tools-for-stm32.10.3-2021.10.win32_1.0.0.202111181127/tools/bin/../lib/gcc/arm-none-eabi/10.3.1/thumb/v7-m/nofp/crtbegin.o

.rodata         0x00000000080083d0       0x70
                0x00000000080083d0                . = ALIGN (0x4)
 *(.rodata)
 .rodata        0x00000000080083d0       0x10 ./Drivers/STM32F1xx_HAL_Driver/Src/stm32f1xx_hal_rcc.o
 .rodata        0x00000000080083e0       0x47 ./USB_DEVICE/App/usbd_desc.o
 *(.rodata*)
 *fill*         0x0000000008008427        0x1 
 .rodata.AHBPrescTable
                0x0000000008008428       0x10 ./Core/Src/system_stm32f1xx.o
                0x0000000008008428                AHBPrescTable
 .rodata.APBPrescTable
                0x0000000008008438        0x8 ./Core/Src/system_stm32f1xx.o
                0x0000000008008438                APBPrescTable
                0x0000000008008440                . = ALIGN (0x4)

.rel.dyn        0x0000000008008440        0x0
 .rel.iplt      0x0000000008008440        0x0 c:/st/stm32cubeide_1.9.0/stm32cubeide/plugins/com.st.stm32cube.ide.mcu.externaltools.gnu-tools-for-stm32.10.3-2021.10.win32_1.0.0.202111181127/tools/bin/../lib/gcc/arm-none-eabi/10.3.1/thumb/v7-m/nofp/crtbegin.o

.ARM.extab      0x0000000008008440        0x0
                0x0000000008008440                . = ALIGN (0x4)
 *(.ARM.extab* .gnu.linkonce.armextab.*)
                0x0000000008008440                . = ALIGN (0x4)

.ARM            0x0000000008008440        0x0
                0x0000000008008440                . = ALIGN (0x4)
                0x0000000008008440                __exidx_start = .
 *(.ARM.exidx*)
                0x0000000008008440                __exidx_end = .
                0x0000000008008440                . = ALIGN (0x4)

.preinit_array  0x0000000008008440        0x0
                0x0000000008008440                . = ALIGN (0x4)
                0x0000000008008440                PROVIDE (__preinit_array_start = .)
 *(.preinit_array*)
                0x0000000008008440                PROVIDE (__preinit_array_end = .)
                0x0000000008008440                . = ALIGN (0x4)

.init_array     0x0000000008008440        0x4
                0x0000000008008440                . = ALIGN (0x4)
                0x0000000008008440                PROVIDE (__init_array_start = .)
 *(SORT_BY_NAME(.init_array.*))
 *(.init_array*)
 .init_array    0x0000000008008440        0x4 c:/st/stm32cubeide_1.9.0/stm32cubeide/plugins/com.st.stm32cube.ide.mcu.externaltools.gnu-tools-for-stm32.10.3-2021.10.win32_1.0.0.202111181127/tools/bin/../lib/gcc/arm-none-eabi/10.3.1/thumb/v7-m/nofp/crtbegin.o
                0x0000000008008444                PROVIDE (__init_array_end = .)
                0x0000000008008444                . = ALIGN (0x4)

.fini_array     0x0000000008008444        0x4
                0x0000000008008444                . = ALIGN (0x4)
                [!provide]                        PROVIDE (__fini_array_start = .)
 *(SORT_BY_NAME(.fini_array.*))
 *(.fini_array*)
 .fini_array    0x0000000008008444        0x4 c:/st/stm32cubeide_1.9.0/stm32cubeide/plugins/com.st.stm32cube.ide.mcu.externaltools.gnu-tools-for-stm32.10.3-2021.10.win32_1.0.0.202111181127/tools/bin/../lib/gcc/arm-none-eabi/10.3.1/thumb/v7-m/nofp/crtbegin.o
                [!provide]                        PROVIDE (__fini_array_end = .)
                0x0000000008008448                . = ALIGN (0x4)
                0x0000000008008448                _sidata = LOADADDR (.data)

.data           0x0000000020000000      0x160 load address 0x0000000008008448
                0x0000000020000000                . = ALIGN (0x4)
                0x0000000020000000                _sdata = .
 *(.data)
 *(.data*)
 .data.SystemCoreClock
                0x0000000020000000        0x4 ./Core/Src/system_stm32f1xx.o
                0x0000000020000000                SystemCoreClock
 .data.uwTickPrio
                0x0000000020000004        0x4 ./Drivers/STM32F1xx_HAL_Driver/Src/stm32f1xx_hal.o
                0x0000000020000004                uwTickPrio
 .data.uwTickFreq
                0x0000000020000008        0x1 ./Drivers/STM32F1xx_HAL_Driver/Src/stm32f1xx_hal.o
                0x0000000020000008                uwTickFreq
 *fill*         0x0000000020000009        0x3 
 .data.USBD_CUSTOM_HID
                0x000000002000000c       0x38 ./Middlewares/ST/STM32_USB_Device_Library/Class/CustomHID/Src/usbd_customhid.o
                0x000000002000000c                USBD_CUSTOM_HID
 .data.USBD_CUSTOM_HID_CfgFSDesc
                0x0000000020000044       0x29 ./Middlewares/ST/STM32_USB_Device_Library/Class/CustomHID/Src/usbd_customhid.o
 *fill*         0x000000002000006d        0x3 
 .data.USBD_CUSTOM_HID_CfgHSDesc
                0x0000000020000070       0x29 ./Middlewares/ST/STM32_USB_Device_Library/Class/CustomHID/Src/usbd_customhid.o
 *fill*         0x0000000020000099        0x3 
 .data.USBD_CUSTOM_HID_OtherSpeedCfgDesc
                0x000000002000009c       0x29 ./Middlewares/ST/STM32_USB_Device_Library/Class/CustomHID/Src/usbd_customhid.o
 *fill*         0x00000000200000c5        0x3 
 .data.USBD_CUSTOM_HID_Desc
                0x00000000200000c8        0x9 ./Middlewares/ST/STM32_USB_Device_Library/Class/CustomHID/Src/usbd_customhid.o
 *fill*         0x00000000200000d1        0x3 
 .data.USBD_CUSTOM_HID_DeviceQualifierDesc
                0x00000000200000d4        0xa ./Middlewares/ST/STM32_USB_Device_Library/Class/CustomHID/Src/usbd_customhid.o
 *fill*         0x00000000200000de        0x2 
 .data.CUSTOM_HID_ReportDesc_FS
                0x00000000200000e0       0x20 ./USB_DEVICE/App/usbd_custom_hid_if.o
 .data.USBD_CustomHID_fops_FS
                0x0000000020000100       0x10 ./USB_DEVICE/App/usbd_custom_hid_if.o
                0x0000000020000100                USBD_CustomHID_fops_FS
 .data.FS_Desc  0x0000000020000110       0x1c ./USB_DEVICE/App/usbd_desc.o
                0x0000000020000110                FS_Desc
 .data.USBD_FS_DeviceDesc
                0x000000002000012c       0x12 ./USB_DEVICE/App/usbd_desc.o
                0x000000002000012c                USBD_FS_DeviceDesc
 *fill*         0x000000002000013e        0x2 
 .data.USBD_LangIDDesc
                0x0000000020000140        0x4 ./USB_DEVICE/App/usbd_desc.o
                0x0000000020000140                USBD_LangIDDesc
 .data.USBD_StringSerial
                0x0000000020000144       0x1a ./USB_DEVICE/App/usbd_desc.o
                0x0000000020000144                USBD_StringSerial
 *(.RamFunc)
 *(.RamFunc*)
                0x0000000020000160                . = ALIGN (0x4)
 *fill*         0x000000002000015e        0x2 
                0x0000000020000160                _edata = .

.igot.plt       0x0000000020000160        0x0 load address 0x00000000080085a8
 .igot.plt      0x0000000020000160        0x0 c:/st/stm32cubeide_1.9.0/stm32cubeide/plugins/com.st.stm32cube.ide.mcu.externaltools.gnu-tools-for-stm32.10.3-2021.10.win32_1.0.0.202111181127/tools/bin/../lib/gcc/arm-none-eabi/10.3.1/thumb/v7-m/nofp/crtbegin.o
                0x0000000020000160                . = ALIGN (0x4)

.bss            0x0000000020000160      0x994 load address 0x00000000080085a8
                0x0000000020000160                _sbss = .
                0x0000000020000160                __bss_start__ = _sbss
 *(.bss)
 .bss           0x0000000020000160       0x1c c:/st/stm32cubeide_1.9.0/stm32cubeide/plugins/com.st.stm32cube.ide.mcu.externaltools.gnu-tools-for-stm32.10.3-2021.10.win32_1.0.0.202111181127/tools/bin/../lib/gcc/arm-none-eabi/10.3.1/thumb/v7-m/nofp/crtbegin.o
 *(.bss*)
 .bss.hadc1     0x000000002000017c       0x30 ./Core/Src/main.o
                0x000000002000017c                hadc1
 .bss.hdma_adc1
                0x00000000200001ac       0x44 ./Core/Src/main.o
                0x00000000200001ac                hdma_adc1
 .bss.hspi1     0x00000000200001f0       0x58 ./Core/Src/main.o
                0x00000000200001f0                hspi1
 .bss.hspi2     0x0000000020000248       0x58 ./Core/Src/main.o
                0x0000000020000248                hspi2
 .bss.huart1    0x00000000200002a0       0x44 ./Core/Src/main.o
                0x00000000200002a0                huart1
 .bss.uwTick    0x00000000200002e4        0x4 ./Drivers/STM32F1xx_HAL_Driver/Src/stm32f1xx_hal.o
                0x00000000200002e4                uwTick
 .bss.cfgidx.0  0x00000000200002e8        0x1 ./Middlewares/ST/STM32_USB_Device_Library/Core/Src/usbd_ctlreq.o
 *fill*         0x00000000200002e9        0x3 
 .bss.hUsbDeviceFS
                0x00000000200002ec      0x2c4 ./USB_DEVICE/App/usb_device.o
                0x00000000200002ec                hUsbDeviceFS
 .bss.USBD_StrDesc
                0x00000000200005b0      0x200 ./USB_DEVICE/App/usbd_desc.o
                0x00000000200005b0                USBD_StrDesc
 .bss.hpcd_USB_FS
                0x00000000200007b0      0x2ec ./USB_DEVICE/Target/usbd_conf.o
                0x00000000200007b0                hpcd_USB_FS
 .bss.mem.0     0x0000000020000a9c       0x58 ./USB_DEVICE/Target/usbd_conf.o
 *(COMMON)
                0x0000000020000af4                . = ALIGN (0x4)
                0x0000000020000af4                _ebss = .
                0x0000000020000af4                __bss_end__ = _ebss

._user_heap_stack
                0x0000000020000af4      0x604 load address 0x00000000080085a8
                0x0000000020000af8                . = ALIGN (0x8)
 *fill*         0x0000000020000af4        0x4 
                [!provide]                        PROVIDE (end = .)
                0x0000000020000af8                PROVIDE (_end = .)
                0x0000000020000cf8                . = (. + _Min_Heap_Size)
 *fill*         0x0000000020000af8      0x200 
                0x00000000200010f8                . = (. + _Min_Stack_Size)
 *fill*         0x0000000020000cf8      0x400 
                0x00000000200010f8                . = ALIGN (0x8)

/DISCARD/
 libc.a(*)
 libm.a(*)
 libgcc.a(*)

.ARM.attributes
                0x0000000000000000       0x29
 *(.ARM.attributes)
 .ARM.attributes
                0x0000000000000000       0x1d c:/st/stm32cubeide_1.9.0/stm32cubeide/plugins/com.st.stm32cube.ide.mcu.externaltools.gnu-tools-for-stm32.10.3-2021.10.win32_1.0.0.202111181127/tools/bin/../lib/gcc/arm-none-eabi/10.3.1/thumb/v7-m/nofp/crti.o
 .ARM.attributes
                0x000000000000001d       0x2d c:/st/stm32cubeide_1.9.0/stm32cubeide/plugins/com.st.stm32cube.ide.mcu.externaltools.gnu-tools-for-stm32.10.3-2021.10.win32_1.0.0.202111181127/tools/bin/../lib/gcc/arm-none-eabi/10.3.1/thumb/v7-m/nofp/crtbegin.o
 .ARM.attributes
                0x000000000000004a       0x2d ./Core/Src/main.o
 .ARM.attributes
                0x0000000000000077       0x2d ./Core/Src/stm32f1xx_hal_msp.o
 .ARM.attributes
                0x00000000000000a4       0x2d ./Core/Src/stm32f1xx_it.o
 .ARM.attributes
                0x00000000000000d1       0x2d ./Core/Src/system_stm32f1xx.o
 .ARM.attributes
                0x00000000000000fe       0x21 ./Core/Startup/startup_stm32f103c8tx.o
 .ARM.attributes
                0x000000000000011f       0x2d ./Drivers/STM32F1xx_HAL_Driver/Src/stm32f1xx_hal.o
 .ARM.attributes
                0x000000000000014c       0x2d ./Drivers/STM32F1xx_HAL_Driver/Src/stm32f1xx_hal_adc.o
 .ARM.attributes
                0x0000000000000179       0x2d ./Drivers/STM32F1xx_HAL_Driver/Src/stm32f1xx_hal_cortex.o
 .ARM.attributes
                0x00000000000001a6       0x2d ./Drivers/STM32F1xx_HAL_Driver/Src/stm32f1xx_hal_dma.o
 .ARM.attributes
                0x00000000000001d3       0x2d ./Drivers/STM32F1xx_HAL_Driver/Src/stm32f1xx_hal_gpio.o
 .ARM.attributes
                0x0000000000000200       0x2d ./Drivers/STM32F1xx_HAL_Driver/Src/stm32f1xx_hal_pcd.o
 .ARM.attributes
                0x000000000000022d       0x2d ./Drivers/STM32F1xx_HAL_Driver/Src/stm32f1xx_hal_pcd_ex.o
 .ARM.attributes
                0x000000000000025a       0x2d ./Drivers/STM32F1xx_HAL_Driver/Src/stm32f1xx_hal_rcc.o
 .ARM.attributes
                0x0000000000000287       0x2d ./Drivers/STM32F1xx_HAL_Driver/Src/stm32f1xx_hal_rcc_ex.o
 .ARM.attributes
                0x00000000000002b4       0x2d ./Drivers/STM32F1xx_HAL_Driver/Src/stm32f1xx_hal_spi.o
 .ARM.attributes
                0x00000000000002e1       0x2d ./Drivers/STM32F1xx_HAL_Driver/Src/stm32f1xx_hal_uart.o
 .ARM.attributes
                0x000000000000030e       0x2d ./Drivers/STM32F1xx_HAL_Driver/Src/stm32f1xx_ll_usb.o
 .ARM.attributes
                0x000000000000033b       0x2d ./Middlewares/ST/STM32_USB_Device_Library/Class/CustomHID/Src/usbd_customhid.o
 .ARM.attributes
                0x0000000000000368       0x2d ./Middlewares/ST/STM32_USB_Device_Library/Core/Src/usbd_core.o
 .ARM.attributes
                0x0000000000000395       0x2d ./Middlewares/ST/STM32_USB_Device_Library/Core/Src/usbd_ctlreq.o
 .ARM.attributes
                0x00000000000003c2       0x2d ./Middlewares/ST/STM32_USB_Device_Library/Core/Src/usbd_ioreq.o
 .ARM.attributes
                0x00000000000003ef       0x2d ./USB_DEVICE/App/usb_device.o
 .ARM.attributes
                0x000000000000041c       0x2d ./USB_DEVICE/App/usbd_custom_hid_if.o
 .ARM.attributes
                0x0000000000000449       0x2d ./USB_DEVICE/App/usbd_desc.o
 .ARM.attributes
                0x0000000000000476       0x2d ./USB_DEVICE/Target/usbd_conf.o
 .ARM.attributes
                0x00000000000004a3       0x2d c:/st/stm32cubeide_1.9.0/stm32cubeide/plugins/com.st.stm32cube.ide.mcu.externaltools.gnu-tools-for-stm32.10.3-2021.10.win32_1.0.0.202111181127/tools/bin/../lib/gcc/arm-none-eabi/10.3.1/../../../../arm-none-eabi/lib/thumb/v7-m/nofp\libc_nano.a(lib_a-init.o)
 .ARM.attributes
                0x00000000000004d0       0x2d c:/st/stm32cubeide_1.9.0/stm32cubeide/plugins/com.st.stm32cube.ide.mcu.externaltools.gnu-tools-for-stm32.10.3-2021.10.win32_1.0.0.202111181127/tools/bin/../lib/gcc/arm-none-eabi/10.3.1/../../../../arm-none-eabi/lib/thumb/v7-m/nofp\libc_nano.a(lib_a-memset.o)
 .ARM.attributes
                0x00000000000004fd       0x1d c:/st/stm32cubeide_1.9.0/stm32cubeide/plugins/com.st.stm32cube.ide.mcu.externaltools.gnu-tools-for-stm32.10.3-2021.10.win32_1.0.0.202111181127/tools/bin/../lib/gcc/arm-none-eabi/10.3.1/thumb/v7-m/nofp/crtn.o
OUTPUT(SHIFTER_RAKE_2023.elf elf32-littlearm)
LOAD linker stubs
LOAD c:/st/stm32cubeide_1.9.0/stm32cubeide/plugins/com.st.stm32cube.ide.mcu.externaltools.gnu-tools-for-stm32.10.3-2021.10.win32_1.0.0.202111181127/tools/bin/../lib/gcc/arm-none-eabi/10.3.1/../../../../arm-none-eabi/lib/thumb/v7-m/nofp\libc.a
LOAD c:/st/stm32cubeide_1.9.0/stm32cubeide/plugins/com.st.stm32cube.ide.mcu.externaltools.gnu-tools-for-stm32.10.3-2021.10.win32_1.0.0.202111181127/tools/bin/../lib/gcc/arm-none-eabi/10.3.1/../../../../arm-none-eabi/lib/thumb/v7-m/nofp\libm.a
LOAD c:/st/stm32cubeide_1.9.0/stm32cubeide/plugins/com.st.stm32cube.ide.mcu.externaltools.gnu-tools-for-stm32.10.3-2021.10.win32_1.0.0.202111181127/tools/bin/../lib/gcc/arm-none-eabi/10.3.1/thumb/v7-m/nofp\libgcc.a

.debug_info     0x0000000000000000    0x1126a
 .debug_info    0x0000000000000000     0x1090 ./Core/Src/main.o
 .debug_info    0x0000000000001090      0xe24 ./Core/Src/stm32f1xx_hal_msp.o
 .debug_info    0x0000000000001eb4      0x899 ./Core/Src/stm32f1xx_it.o
 .debug_info    0x000000000000274d      0x23d ./Core/Src/system_stm32f1xx.o
 .debug_info    0x000000000000298a       0x22 ./Core/Startup/startup_stm32f103c8tx.o
 .debug_info    0x00000000000029ac      0x734 ./Drivers/STM32F1xx_HAL_Driver/Src/stm32f1xx_hal.o
 .debug_info    0x00000000000030e0      0xcd9 ./Drivers/STM32F1xx_HAL_Driver/Src/stm32f1xx_hal_adc.o
 .debug_info    0x0000000000003db9      0xb20 ./Drivers/STM32F1xx_HAL_Driver/Src/stm32f1xx_hal_cortex.o
 .debug_info    0x00000000000048d9      0x73f ./Drivers/STM32F1xx_HAL_Driver/Src/stm32f1xx_hal_dma.o
 .debug_info    0x0000000000005018      0x615 ./Drivers/STM32F1xx_HAL_Driver/Src/stm32f1xx_hal_gpio.o
 .debug_info    0x000000000000562d     0x16ab ./Drivers/STM32F1xx_HAL_Driver/Src/stm32f1xx_hal_pcd.o
 .debug_info    0x0000000000006cd8      0x728 ./Drivers/STM32F1xx_HAL_Driver/Src/stm32f1xx_hal_pcd_ex.o
 .debug_info    0x0000000000007400      0x860 ./Drivers/STM32F1xx_HAL_Driver/Src/stm32f1xx_hal_rcc.o
 .debug_info    0x0000000000007c60      0x3e0 ./Drivers/STM32F1xx_HAL_Driver/Src/stm32f1xx_hal_rcc_ex.o
 .debug_info    0x0000000000008040     0x1658 ./Drivers/STM32F1xx_HAL_Driver/Src/stm32f1xx_hal_spi.o
 .debug_info    0x0000000000009698     0x15d8 ./Drivers/STM32F1xx_HAL_Driver/Src/stm32f1xx_hal_uart.o
 .debug_info    0x000000000000ac70     0x190d ./Drivers/STM32F1xx_HAL_Driver/Src/stm32f1xx_ll_usb.o
 .debug_info    0x000000000000c57d      0xb29 ./Middlewares/ST/STM32_USB_Device_Library/Class/CustomHID/Src/usbd_customhid.o
 .debug_info    0x000000000000d0a6      0xb02 ./Middlewares/ST/STM32_USB_Device_Library/Core/Src/usbd_core.o
 .debug_info    0x000000000000dba8      0x9b6 ./Middlewares/ST/STM32_USB_Device_Library/Core/Src/usbd_ctlreq.o
 .debug_info    0x000000000000e55e      0x715 ./Middlewares/ST/STM32_USB_Device_Library/Core/Src/usbd_ioreq.o
 .debug_info    0x000000000000ec73      0x654 ./USB_DEVICE/App/usb_device.o
 .debug_info    0x000000000000f2c7      0x1ea ./USB_DEVICE/App/usbd_custom_hid_if.o
 .debug_info    0x000000000000f4b1      0x484 ./USB_DEVICE/App/usbd_desc.o
 .debug_info    0x000000000000f935     0x1935 ./USB_DEVICE/Target/usbd_conf.o

.debug_abbrev   0x0000000000000000     0x316d
 .debug_abbrev  0x0000000000000000      0x29b ./Core/Src/main.o
 .debug_abbrev  0x000000000000029b      0x1fd ./Core/Src/stm32f1xx_hal_msp.o
 .debug_abbrev  0x0000000000000498      0x1a2 ./Core/Src/stm32f1xx_it.o
 .debug_abbrev  0x000000000000063a      0x13b ./Core/Src/system_stm32f1xx.o
 .debug_abbrev  0x0000000000000775       0x12 ./Core/Startup/startup_stm32f103c8tx.o
 .debug_abbrev  0x0000000000000787      0x1fb ./Drivers/STM32F1xx_HAL_Driver/Src/stm32f1xx_hal.o
 .debug_abbrev  0x0000000000000982      0x210 ./Drivers/STM32F1xx_HAL_Driver/Src/stm32f1xx_hal_adc.o
 .debug_abbrev  0x0000000000000b92      0x2ed ./Drivers/STM32F1xx_HAL_Driver/Src/stm32f1xx_hal_cortex.o
 .debug_abbrev  0x0000000000000e7f      0x1fe ./Drivers/STM32F1xx_HAL_Driver/Src/stm32f1xx_hal_dma.o
 .debug_abbrev  0x000000000000107d      0x1bb ./Drivers/STM32F1xx_HAL_Driver/Src/stm32f1xx_hal_gpio.o
 .debug_abbrev  0x0000000000001238      0x2b9 ./Drivers/STM32F1xx_HAL_Driver/Src/stm32f1xx_hal_pcd.o
 .debug_abbrev  0x00000000000014f1      0x17f ./Drivers/STM32F1xx_HAL_Driver/Src/stm32f1xx_hal_pcd_ex.o
 .debug_abbrev  0x0000000000001670      0x2a8 ./Drivers/STM32F1xx_HAL_Driver/Src/stm32f1xx_hal_rcc.o
 .debug_abbrev  0x0000000000001918      0x182 ./Drivers/STM32F1xx_HAL_Driver/Src/stm32f1xx_hal_rcc_ex.o
 .debug_abbrev  0x0000000000001a9a      0x26e ./Drivers/STM32F1xx_HAL_Driver/Src/stm32f1xx_hal_spi.o
 .debug_abbrev  0x0000000000001d08      0x278 ./Drivers/STM32F1xx_HAL_Driver/Src/stm32f1xx_hal_uart.o
 .debug_abbrev  0x0000000000001f80      0x1cd ./Drivers/STM32F1xx_HAL_Driver/Src/stm32f1xx_ll_usb.o
 .debug_abbrev  0x000000000000214d      0x261 ./Middlewares/ST/STM32_USB_Device_Library/Class/CustomHID/Src/usbd_customhid.o
 .debug_abbrev  0x00000000000023ae      0x236 ./Middlewares/ST/STM32_USB_Device_Library/Core/Src/usbd_core.o
 .debug_abbrev  0x00000000000025e4      0x257 ./Middlewares/ST/STM32_USB_Device_Library/Core/Src/usbd_ctlreq.o
 .debug_abbrev  0x000000000000283b      0x183 ./Middlewares/ST/STM32_USB_Device_Library/Core/Src/usbd_ioreq.o
 .debug_abbrev  0x00000000000029be      0x183 ./USB_DEVICE/App/usb_device.o
 .debug_abbrev  0x0000000000002b41      0x12d ./USB_DEVICE/App/usbd_custom_hid_if.o
 .debug_abbrev  0x0000000000002c6e      0x1fa ./USB_DEVICE/App/usbd_desc.o
 .debug_abbrev  0x0000000000002e68      0x305 ./USB_DEVICE/Target/usbd_conf.o

.debug_aranges  0x0000000000000000      0xfd8
 .debug_aranges
                0x0000000000000000       0x60 ./Core/Src/main.o
 .debug_aranges
                0x0000000000000060       0x50 ./Core/Src/stm32f1xx_hal_msp.o
 .debug_aranges
                0x00000000000000b0       0x70 ./Core/Src/stm32f1xx_it.o
 .debug_aranges
                0x0000000000000120       0x28 ./Core/Src/system_stm32f1xx.o
 .debug_aranges
                0x0000000000000148       0x28 ./Core/Startup/startup_stm32f103c8tx.o
 .debug_aranges
                0x0000000000000170       0xe0 ./Drivers/STM32F1xx_HAL_Driver/Src/stm32f1xx_hal.o
 .debug_aranges
                0x0000000000000250       0xf0 ./Drivers/STM32F1xx_HAL_Driver/Src/stm32f1xx_hal_adc.o
 .debug_aranges
                0x0000000000000340      0x100 ./Drivers/STM32F1xx_HAL_Driver/Src/stm32f1xx_hal_cortex.o
 .debug_aranges
                0x0000000000000440       0x80 ./Drivers/STM32F1xx_HAL_Driver/Src/stm32f1xx_hal_dma.o
 .debug_aranges
                0x00000000000004c0       0x58 ./Drivers/STM32F1xx_HAL_Driver/Src/stm32f1xx_hal_gpio.o
 .debug_aranges
                0x0000000000000518      0x138 ./Drivers/STM32F1xx_HAL_Driver/Src/stm32f1xx_hal_pcd.o
 .debug_aranges
                0x0000000000000650       0x38 ./Drivers/STM32F1xx_HAL_Driver/Src/stm32f1xx_hal_pcd_ex.o
 .debug_aranges
                0x0000000000000688       0x90 ./Drivers/STM32F1xx_HAL_Driver/Src/stm32f1xx_hal_rcc.o
 .debug_aranges
                0x0000000000000718       0x30 ./Drivers/STM32F1xx_HAL_Driver/Src/stm32f1xx_hal_rcc_ex.o
 .debug_aranges
                0x0000000000000748      0x1d0 ./Drivers/STM32F1xx_HAL_Driver/Src/stm32f1xx_hal_spi.o
 .debug_aranges
                0x0000000000000918      0x200 ./Drivers/STM32F1xx_HAL_Driver/Src/stm32f1xx_hal_uart.o
 .debug_aranges
                0x0000000000000b18       0xf0 ./Drivers/STM32F1xx_HAL_Driver/Src/stm32f1xx_ll_usb.o
 .debug_aranges
                0x0000000000000c08       0x78 ./Middlewares/ST/STM32_USB_Device_Library/Class/CustomHID/Src/usbd_customhid.o
 .debug_aranges
                0x0000000000000c80       0xb8 ./Middlewares/ST/STM32_USB_Device_Library/Core/Src/usbd_core.o
 .debug_aranges
                0x0000000000000d38       0x88 ./Middlewares/ST/STM32_USB_Device_Library/Core/Src/usbd_ctlreq.o
 .debug_aranges
                0x0000000000000dc0       0x50 ./Middlewares/ST/STM32_USB_Device_Library/Core/Src/usbd_ioreq.o
 .debug_aranges
                0x0000000000000e10       0x20 ./USB_DEVICE/App/usb_device.o
 .debug_aranges
                0x0000000000000e30       0x30 ./USB_DEVICE/App/usbd_custom_hid_if.o
 .debug_aranges
                0x0000000000000e60       0x60 ./USB_DEVICE/App/usbd_desc.o
 .debug_aranges
                0x0000000000000ec0      0x118 ./USB_DEVICE/Target/usbd_conf.o

.debug_ranges   0x0000000000000000      0xe80
 .debug_ranges  0x0000000000000000       0x50 ./Core/Src/main.o
 .debug_ranges  0x0000000000000050       0x40 ./Core/Src/stm32f1xx_hal_msp.o
 .debug_ranges  0x0000000000000090       0x60 ./Core/Src/stm32f1xx_it.o
 .debug_ranges  0x00000000000000f0       0x18 ./Core/Src/system_stm32f1xx.o
 .debug_ranges  0x0000000000000108       0x20 ./Core/Startup/startup_stm32f103c8tx.o
 .debug_ranges  0x0000000000000128       0xd0 ./Drivers/STM32F1xx_HAL_Driver/Src/stm32f1xx_hal.o
 .debug_ranges  0x00000000000001f8       0xe0 ./Drivers/STM32F1xx_HAL_Driver/Src/stm32f1xx_hal_adc.o
 .debug_ranges  0x00000000000002d8       0xf0 ./Drivers/STM32F1xx_HAL_Driver/Src/stm32f1xx_hal_cortex.o
 .debug_ranges  0x00000000000003c8       0x70 ./Drivers/STM32F1xx_HAL_Driver/Src/stm32f1xx_hal_dma.o
 .debug_ranges  0x0000000000000438       0x48 ./Drivers/STM32F1xx_HAL_Driver/Src/stm32f1xx_hal_gpio.o
 .debug_ranges  0x0000000000000480      0x128 ./Drivers/STM32F1xx_HAL_Driver/Src/stm32f1xx_hal_pcd.o
 .debug_ranges  0x00000000000005a8       0x28 ./Drivers/STM32F1xx_HAL_Driver/Src/stm32f1xx_hal_pcd_ex.o
 .debug_ranges  0x00000000000005d0       0x80 ./Drivers/STM32F1xx_HAL_Driver/Src/stm32f1xx_hal_rcc.o
 .debug_ranges  0x0000000000000650       0x20 ./Drivers/STM32F1xx_HAL_Driver/Src/stm32f1xx_hal_rcc_ex.o
 .debug_ranges  0x0000000000000670      0x1c0 ./Drivers/STM32F1xx_HAL_Driver/Src/stm32f1xx_hal_spi.o
 .debug_ranges  0x0000000000000830      0x220 ./Drivers/STM32F1xx_HAL_Driver/Src/stm32f1xx_hal_uart.o
 .debug_ranges  0x0000000000000a50       0xe0 ./Drivers/STM32F1xx_HAL_Driver/Src/stm32f1xx_ll_usb.o
 .debug_ranges  0x0000000000000b30       0x68 ./Middlewares/ST/STM32_USB_Device_Library/Class/CustomHID/Src/usbd_customhid.o
 .debug_ranges  0x0000000000000b98       0xa8 ./Middlewares/ST/STM32_USB_Device_Library/Core/Src/usbd_core.o
 .debug_ranges  0x0000000000000c40       0x78 ./Middlewares/ST/STM32_USB_Device_Library/Core/Src/usbd_ctlreq.o
 .debug_ranges  0x0000000000000cb8       0x40 ./Middlewares/ST/STM32_USB_Device_Library/Core/Src/usbd_ioreq.o
 .debug_ranges  0x0000000000000cf8       0x10 ./USB_DEVICE/App/usb_device.o
 .debug_ranges  0x0000000000000d08       0x20 ./USB_DEVICE/App/usbd_custom_hid_if.o
 .debug_ranges  0x0000000000000d28       0x50 ./USB_DEVICE/App/usbd_desc.o
 .debug_ranges  0x0000000000000d78      0x108 ./USB_DEVICE/Target/usbd_conf.o

.debug_macro    0x0000000000000000    0x1aa86
 .debug_macro   0x0000000000000000      0x3c5 ./Core/Src/main.o
 .debug_macro   0x00000000000003c5      0xa6c ./Core/Src/main.o
 .debug_macro   0x0000000000000e31      0x22d ./Core/Src/main.o
 .debug_macro   0x000000000000105e       0x2e ./Core/Src/main.o
 .debug_macro   0x000000000000108c       0x22 ./Core/Src/main.o
 .debug_macro   0x00000000000010ae       0x22 ./Core/Src/main.o
 .debug_macro   0x00000000000010d0       0x8e ./Core/Src/main.o
 .debug_macro   0x000000000000115e       0x51 ./Core/Src/main.o
 .debug_macro   0x00000000000011af      0x103 ./Core/Src/main.o
 .debug_macro   0x00000000000012b2       0x6a ./Core/Src/main.o
 .debug_macro   0x000000000000131c      0x1df ./Core/Src/main.o
 .debug_macro   0x00000000000014fb       0x1c ./Core/Src/main.o
 .debug_macro   0x0000000000001517       0x22 ./Core/Src/main.o
 .debug_macro   0x0000000000001539       0xbd ./Core/Src/main.o
 .debug_macro   0x00000000000015f6      0xd23 ./Core/Src/main.o
 .debug_macro   0x0000000000002319     0xe09e ./Core/Src/main.o
 .debug_macro   0x00000000000103b7       0x6d ./Core/Src/main.o
 .debug_macro   0x0000000000010424     0x3468 ./Core/Src/main.o
 .debug_macro   0x000000000001388c      0x174 ./Core/Src/main.o
 .debug_macro   0x0000000000013a00       0x5c ./Core/Src/main.o
 .debug_macro   0x0000000000013a5c      0x5be ./Core/Src/main.o
 .debug_macro   0x000000000001401a      0x289 ./Core/Src/main.o
 .debug_macro   0x00000000000142a3      0x1cb ./Core/Src/main.o
 .debug_macro   0x000000000001446e      0x114 ./Core/Src/main.o
 .debug_macro   0x0000000000014582      0x1b2 ./Core/Src/main.o
 .debug_macro   0x0000000000014734       0x27 ./Core/Src/main.o
 .debug_macro   0x000000000001475b      0x136 ./Core/Src/main.o
 .debug_macro   0x0000000000014891      0x1bc ./Core/Src/main.o
 .debug_macro   0x0000000000014a4d       0x34 ./Core/Src/main.o
 .debug_macro   0x0000000000014a81       0x3c ./Core/Src/main.o
 .debug_macro   0x0000000000014abd       0x57 ./Core/Src/main.o
 .debug_macro   0x0000000000014b14      0x46a ./Core/Src/main.o
 .debug_macro   0x0000000000014f7e      0x1b5 ./Core/Src/main.o
 .debug_macro   0x0000000000015133       0x88 ./Core/Src/main.o
 .debug_macro   0x00000000000151bb      0x241 ./Core/Src/main.o
 .debug_macro   0x00000000000153fc      0x141 ./Core/Src/main.o
 .debug_macro   0x000000000001553d      0x217 ./Core/Src/main.o
 .debug_macro   0x0000000000015754      0x279 ./Core/Src/main.o
 .debug_macro   0x00000000000159cd       0x65 ./Core/Src/main.o
 .debug_macro   0x0000000000015a32      0x249 ./Core/Src/main.o
 .debug_macro   0x0000000000015c7b       0x83 ./Core/Src/main.o
 .debug_macro   0x0000000000015cfe       0x52 ./Core/Src/main.o
 .debug_macro   0x0000000000015d50       0x18 ./Core/Src/main.o
 .debug_macro   0x0000000000015d68       0x3c ./Core/Src/main.o
 .debug_macro   0x0000000000015da4       0x34 ./Core/Src/main.o
 .debug_macro   0x0000000000015dd8       0x16 ./Core/Src/main.o
 .debug_macro   0x0000000000015dee       0x35 ./Core/Src/main.o
 .debug_macro   0x0000000000015e23      0x341 ./Core/Src/main.o
 .debug_macro   0x0000000000016164       0x10 ./Core/Src/main.o
 .debug_macro   0x0000000000016174       0x16 ./Core/Src/main.o
 .debug_macro   0x000000000001618a       0x43 ./Core/Src/main.o
 .debug_macro   0x00000000000161cd       0x34 ./Core/Src/main.o
 .debug_macro   0x0000000000016201       0x10 ./Core/Src/main.o
 .debug_macro   0x0000000000016211       0x58 ./Core/Src/main.o
 .debug_macro   0x0000000000016269       0x71 ./Core/Src/main.o
 .debug_macro   0x00000000000162da       0x1c ./Core/Src/main.o
 .debug_macro   0x00000000000162f6      0x12a ./Core/Src/main.o
 .debug_macro   0x0000000000016420       0x10 ./Core/Src/main.o
 .debug_macro   0x0000000000016430       0x1c ./Core/Src/main.o
 .debug_macro   0x000000000001644c       0x52 ./Core/Src/main.o
 .debug_macro   0x000000000001649e       0x22 ./Core/Src/main.o
 .debug_macro   0x00000000000164c0       0x10 ./Core/Src/main.o
 .debug_macro   0x00000000000164d0       0x52 ./Core/Src/main.o
 .debug_macro   0x0000000000016522       0xd5 ./Core/Src/main.o
 .debug_macro   0x00000000000165f7       0x1c ./Core/Src/main.o
 .debug_macro   0x0000000000016613       0x3d ./Core/Src/main.o
 .debug_macro   0x0000000000016650       0x16 ./Core/Src/main.o
 .debug_macro   0x0000000000016666      0x145 ./Core/Src/main.o
 .debug_macro   0x00000000000167ab       0x16 ./Core/Src/main.o
 .debug_macro   0x00000000000167c1       0x16 ./Core/Src/main.o
 .debug_macro   0x00000000000167d7       0x29 ./Core/Src/main.o
 .debug_macro   0x0000000000016800       0x16 ./Core/Src/main.o
 .debug_macro   0x0000000000016816       0x20 ./Core/Src/main.o
 .debug_macro   0x0000000000016836       0x6c ./Core/Src/main.o
 .debug_macro   0x00000000000168a2      0x1c8 ./Core/Src/main.o
 .debug_macro   0x0000000000016a6a      0x1da ./Core/Src/stm32f1xx_hal_msp.o
 .debug_macro   0x0000000000016c44      0x1e4 ./Core/Src/stm32f1xx_it.o
 .debug_macro   0x0000000000016e28      0x1d0 ./Core/Src/system_stm32f1xx.o
 .debug_macro   0x0000000000016ff8      0x1f4 ./Drivers/STM32F1xx_HAL_Driver/Src/stm32f1xx_hal.o
 .debug_macro   0x00000000000171ec      0x1ed ./Drivers/STM32F1xx_HAL_Driver/Src/stm32f1xx_hal_adc.o
 .debug_macro   0x00000000000173d9      0x1d0 ./Drivers/STM32F1xx_HAL_Driver/Src/stm32f1xx_hal_cortex.o
 .debug_macro   0x00000000000175a9      0x1d0 ./Drivers/STM32F1xx_HAL_Driver/Src/stm32f1xx_hal_dma.o
 .debug_macro   0x0000000000017779      0x23b ./Drivers/STM32F1xx_HAL_Driver/Src/stm32f1xx_hal_gpio.o
 .debug_macro   0x00000000000179b4      0x1dc ./Drivers/STM32F1xx_HAL_Driver/Src/stm32f1xx_hal_pcd.o
 .debug_macro   0x0000000000017b90      0x1d0 ./Drivers/STM32F1xx_HAL_Driver/Src/stm32f1xx_hal_pcd_ex.o
 .debug_macro   0x0000000000017d60      0x1e2 ./Drivers/STM32F1xx_HAL_Driver/Src/stm32f1xx_hal_rcc.o
 .debug_macro   0x0000000000017f42      0x1d0 ./Drivers/STM32F1xx_HAL_Driver/Src/stm32f1xx_hal_rcc_ex.o
 .debug_macro   0x0000000000018112      0x1d8 ./Drivers/STM32F1xx_HAL_Driver/Src/stm32f1xx_hal_spi.o
 .debug_macro   0x00000000000182ea      0x1d1 ./Drivers/STM32F1xx_HAL_Driver/Src/stm32f1xx_hal_uart.o
 .debug_macro   0x00000000000184bb      0x1d0 ./Drivers/STM32F1xx_HAL_Driver/Src/stm32f1xx_ll_usb.o
 .debug_macro   0x000000000001868b      0x3f0 ./Middlewares/ST/STM32_USB_Device_Library/Class/CustomHID/Src/usbd_customhid.o
 .debug_macro   0x0000000000018a7b       0x97 ./Middlewares/ST/STM32_USB_Device_Library/Class/CustomHID/Src/usbd_customhid.o
 .debug_macro   0x0000000000018b12       0xfd ./Middlewares/ST/STM32_USB_Device_Library/Class/CustomHID/Src/usbd_customhid.o
 .debug_macro   0x0000000000018c0f       0x56 ./Middlewares/ST/STM32_USB_Device_Library/Class/CustomHID/Src/usbd_customhid.o
 .debug_macro   0x0000000000018c65       0x65 ./Middlewares/ST/STM32_USB_Device_Library/Class/CustomHID/Src/usbd_customhid.o
 .debug_macro   0x0000000000018cca      0x3d7 ./Middlewares/ST/STM32_USB_Device_Library/Core/Src/usbd_core.o
 .debug_macro   0x00000000000190a1      0x1ce ./Middlewares/ST/STM32_USB_Device_Library/Core/Src/usbd_core.o
 .debug_macro   0x000000000001926f      0x3e1 ./Middlewares/ST/STM32_USB_Device_Library/Core/Src/usbd_ctlreq.o
 .debug_macro   0x0000000000019650      0x3dd ./Middlewares/ST/STM32_USB_Device_Library/Core/Src/usbd_ioreq.o
 .debug_macro   0x0000000000019a2d      0x417 ./USB_DEVICE/App/usb_device.o
 .debug_macro   0x0000000000019e44       0x22 ./USB_DEVICE/App/usb_device.o
 .debug_macro   0x0000000000019e66      0x3f6 ./USB_DEVICE/App/usbd_custom_hid_if.o
 .debug_macro   0x000000000001a25c      0x414 ./USB_DEVICE/App/usbd_desc.o
 .debug_macro   0x000000000001a670       0x1c ./USB_DEVICE/App/usbd_desc.o
 .debug_macro   0x000000000001a68c      0x3fa ./USB_DEVICE/Target/usbd_conf.o

.debug_line     0x0000000000000000    0x139e2
 .debug_line    0x0000000000000000      0xb68 ./Core/Src/main.o
 .debug_line    0x0000000000000b68      0x7ff ./Core/Src/stm32f1xx_hal_msp.o
 .debug_line    0x0000000000001367      0x7be ./Core/Src/stm32f1xx_it.o
 .debug_line    0x0000000000001b25      0x74a ./Core/Src/system_stm32f1xx.o
 .debug_line    0x000000000000226f       0x87 ./Core/Startup/startup_stm32f103c8tx.o
 .debug_line    0x00000000000022f6      0x977 ./Drivers/STM32F1xx_HAL_Driver/Src/stm32f1xx_hal.o
 .debug_line    0x0000000000002c6d      0xfee ./Drivers/STM32F1xx_HAL_Driver/Src/stm32f1xx_hal_adc.o
 .debug_line    0x0000000000003c5b      0xb5f ./Drivers/STM32F1xx_HAL_Driver/Src/stm32f1xx_hal_cortex.o
 .debug_line    0x00000000000047ba      0xdcf ./Drivers/STM32F1xx_HAL_Driver/Src/stm32f1xx_hal_dma.o
 .debug_line    0x0000000000005589      0xa0e ./Drivers/STM32F1xx_HAL_Driver/Src/stm32f1xx_hal_gpio.o
 .debug_line    0x0000000000005f97     0x1365 ./Drivers/STM32F1xx_HAL_Driver/Src/stm32f1xx_hal_pcd.o
 .debug_line    0x00000000000072fc      0x745 ./Drivers/STM32F1xx_HAL_Driver/Src/stm32f1xx_hal_pcd_ex.o
 .debug_line    0x0000000000007a41      0xd85 ./Drivers/STM32F1xx_HAL_Driver/Src/stm32f1xx_hal_rcc.o
 .debug_line    0x00000000000087c6      0x8c3 ./Drivers/STM32F1xx_HAL_Driver/Src/stm32f1xx_hal_rcc_ex.o
 .debug_line    0x0000000000009089     0x1bfc ./Drivers/STM32F1xx_HAL_Driver/Src/stm32f1xx_hal_spi.o
 .debug_line    0x000000000000ac85     0x1a52 ./Drivers/STM32F1xx_HAL_Driver/Src/stm32f1xx_hal_uart.o
 .debug_line    0x000000000000c6d7     0x10aa ./Drivers/STM32F1xx_HAL_Driver/Src/stm32f1xx_ll_usb.o
 .debug_line    0x000000000000d781      0xcac ./Middlewares/ST/STM32_USB_Device_Library/Class/CustomHID/Src/usbd_customhid.o
 .debug_line    0x000000000000e42d      0xdd5 ./Middlewares/ST/STM32_USB_Device_Library/Core/Src/usbd_core.o
 .debug_line    0x000000000000f202      0xff7 ./Middlewares/ST/STM32_USB_Device_Library/Core/Src/usbd_ctlreq.o
 .debug_line    0x00000000000101f9      0xa6b ./Middlewares/ST/STM32_USB_Device_Library/Core/Src/usbd_ioreq.o
 .debug_line    0x0000000000010c64      0xa3e ./USB_DEVICE/App/usb_device.o
 .debug_line    0x00000000000116a2      0xa36 ./USB_DEVICE/App/usbd_custom_hid_if.o
 .debug_line    0x00000000000120d8      0xaf4 ./USB_DEVICE/App/usbd_desc.o
 .debug_line    0x0000000000012bcc      0xe16 ./USB_DEVICE/Target/usbd_conf.o

.debug_str      0x0000000000000000    0x8d9a8
 .debug_str     0x0000000000000000    0x89e0b ./Core/Src/main.o
                                      0x8a2ca (size before relaxing)
 .debug_str     0x0000000000089e0b      0x11b ./Core/Src/stm32f1xx_hal_msp.o
                                      0x8555b (size before relaxing)
 .debug_str     0x0000000000089f26      0x403 ./Core/Src/stm32f1xx_it.o
                                      0x85357 (size before relaxing)
 .debug_str     0x000000000008a329       0x7e ./Core/Src/system_stm32f1xx.o
                                      0x84dec (size before relaxing)
 .debug_str     0x000000000008a3a7       0x36 ./Core/Startup/startup_stm32f103c8tx.o
                                         0x8b (size before relaxing)
 .debug_str     0x000000000008a3dd      0x37a ./Drivers/STM32F1xx_HAL_Driver/Src/stm32f1xx_hal.o
                                      0x8551f (size before relaxing)
 .debug_str     0x000000000008a757      0x390 ./Drivers/STM32F1xx_HAL_Driver/Src/stm32f1xx_hal_adc.o
                                      0x854c9 (size before relaxing)
 .debug_str     0x000000000008aae7      0x280 ./Drivers/STM32F1xx_HAL_Driver/Src/stm32f1xx_hal_cortex.o
                                      0x8546b (size before relaxing)
 .debug_str     0x000000000008ad67      0x1e7 ./Drivers/STM32F1xx_HAL_Driver/Src/stm32f1xx_hal_dma.o
                                      0x85195 (size before relaxing)
 .debug_str     0x000000000008af4e      0x341 ./Drivers/STM32F1xx_HAL_Driver/Src/stm32f1xx_hal_gpio.o
                                      0x85172 (size before relaxing)
 .debug_str     0x000000000008b28f      0x573 ./Drivers/STM32F1xx_HAL_Driver/Src/stm32f1xx_hal_pcd.o
                                      0x856c4 (size before relaxing)
 .debug_str     0x000000000008b802      0x170 ./Drivers/STM32F1xx_HAL_Driver/Src/stm32f1xx_hal_pcd_ex.o
                                      0x85260 (size before relaxing)
 .debug_str     0x000000000008b972      0x229 ./Drivers/STM32F1xx_HAL_Driver/Src/stm32f1xx_hal_rcc.o
                                      0x8521b (size before relaxing)
 .debug_str     0x000000000008bb9b       0x84 ./Drivers/STM32F1xx_HAL_Driver/Src/stm32f1xx_hal_rcc_ex.o
                                      0x84f6b (size before relaxing)
 .debug_str     0x000000000008bc1f      0x536 ./Drivers/STM32F1xx_HAL_Driver/Src/stm32f1xx_hal_spi.o
                                      0x85718 (size before relaxing)
 .debug_str     0x000000000008c155      0x5d6 ./Drivers/STM32F1xx_HAL_Driver/Src/stm32f1xx_hal_uart.o
                                      0x85826 (size before relaxing)
 .debug_str     0x000000000008c72b      0x11d ./Drivers/STM32F1xx_HAL_Driver/Src/stm32f1xx_ll_usb.o
                                      0x85293 (size before relaxing)
 .debug_str     0x000000000008c848      0x92c ./Middlewares/ST/STM32_USB_Device_Library/Class/CustomHID/Src/usbd_customhid.o
                                      0x89fbc (size before relaxing)
 .debug_str     0x000000000008d174      0x281 ./Middlewares/ST/STM32_USB_Device_Library/Core/Src/usbd_core.o
                                      0x89c8e (size before relaxing)
 .debug_str     0x000000000008d3f5      0x11b ./Middlewares/ST/STM32_USB_Device_Library/Core/Src/usbd_ctlreq.o
                                      0x89ba8 (size before relaxing)
 .debug_str     0x000000000008d510       0x67 ./Middlewares/ST/STM32_USB_Device_Library/Core/Src/usbd_ioreq.o
                                      0x89ad5 (size before relaxing)
 .debug_str     0x000000000008d577       0xe0 ./USB_DEVICE/App/usb_device.o
                                      0x89d7d (size before relaxing)
 .debug_str     0x000000000008d657       0x89 ./USB_DEVICE/App/usbd_custom_hid_if.o
                                      0x8991a (size before relaxing)
 .debug_str     0x000000000008d6e0      0x25b ./USB_DEVICE/App/usbd_desc.o
                                      0x89a14 (size before relaxing)
 .debug_str     0x000000000008d93b       0x6d ./USB_DEVICE/Target/usbd_conf.o
                                      0x8a805 (size before relaxing)

.comment        0x0000000000000000       0x50
 .comment       0x0000000000000000       0x50 ./Core/Src/main.o
                                         0x51 (size before relaxing)
 .comment       0x0000000000000050       0x51 ./Core/Src/stm32f1xx_hal_msp.o
 .comment       0x0000000000000050       0x51 ./Core/Src/stm32f1xx_it.o
 .comment       0x0000000000000050       0x51 ./Core/Src/system_stm32f1xx.o
 .comment       0x0000000000000050       0x51 ./Drivers/STM32F1xx_HAL_Driver/Src/stm32f1xx_hal.o
 .comment       0x0000000000000050       0x51 ./Drivers/STM32F1xx_HAL_Driver/Src/stm32f1xx_hal_adc.o
 .comment       0x0000000000000050       0x51 ./Drivers/STM32F1xx_HAL_Driver/Src/stm32f1xx_hal_cortex.o
 .comment       0x0000000000000050       0x51 ./Drivers/STM32F1xx_HAL_Driver/Src/stm32f1xx_hal_dma.o
 .comment       0x0000000000000050       0x51 ./Drivers/STM32F1xx_HAL_Driver/Src/stm32f1xx_hal_gpio.o
 .comment       0x0000000000000050       0x51 ./Drivers/STM32F1xx_HAL_Driver/Src/stm32f1xx_hal_pcd.o
 .comment       0x0000000000000050       0x51 ./Drivers/STM32F1xx_HAL_Driver/Src/stm32f1xx_hal_pcd_ex.o
 .comment       0x0000000000000050       0x51 ./Drivers/STM32F1xx_HAL_Driver/Src/stm32f1xx_hal_rcc.o
 .comment       0x0000000000000050       0x51 ./Drivers/STM32F1xx_HAL_Driver/Src/stm32f1xx_hal_rcc_ex.o
 .comment       0x0000000000000050       0x51 ./Drivers/STM32F1xx_HAL_Driver/Src/stm32f1xx_hal_spi.o
 .comment       0x0000000000000050       0x51 ./Drivers/STM32F1xx_HAL_Driver/Src/stm32f1xx_hal_uart.o
 .comment       0x0000000000000050       0x51 ./Drivers/STM32F1xx_HAL_Driver/Src/stm32f1xx_ll_usb.o
 .comment       0x0000000000000050       0x51 ./Middlewares/ST/STM32_USB_Device_Library/Class/CustomHID/Src/usbd_customhid.o
 .comment       0x0000000000000050       0x51 ./Middlewares/ST/STM32_USB_Device_Library/Core/Src/usbd_core.o
 .comment       0x0000000000000050       0x51 ./Middlewares/ST/STM32_USB_Device_Library/Core/Src/usbd_ctlreq.o
 .comment       0x0000000000000050       0x51 ./Middlewares/ST/STM32_USB_Device_Library/Core/Src/usbd_ioreq.o
 .comment       0x0000000000000050       0x51 ./USB_DEVICE/App/usb_device.o
 .comment       0x0000000000000050       0x51 ./USB_DEVICE/App/usbd_custom_hid_if.o
 .comment       0x0000000000000050       0x51 ./USB_DEVICE/App/usbd_desc.o
 .comment       0x0000000000000050       0x51 ./USB_DEVICE/Target/usbd_conf.o

.debug_frame    0x0000000000000000     0x3fcc
 .debug_frame   0x0000000000000000      0x12c ./Core/Src/main.o
 .debug_frame   0x000000000000012c      0x110 ./Core/Src/stm32f1xx_hal_msp.o
 .debug_frame   0x000000000000023c      0x13c ./Core/Src/stm32f1xx_it.o
 .debug_frame   0x0000000000000378       0x58 ./Core/Src/system_stm32f1xx.o
 .debug_frame   0x00000000000003d0      0x334 ./Drivers/STM32F1xx_HAL_Driver/Src/stm32f1xx_hal.o
 .debug_frame   0x0000000000000704      0x40c ./Drivers/STM32F1xx_HAL_Driver/Src/stm32f1xx_hal_adc.o
 .debug_frame   0x0000000000000b10      0x428 ./Drivers/STM32F1xx_HAL_Driver/Src/stm32f1xx_hal_cortex.o
 .debug_frame   0x0000000000000f38      0x208 ./Drivers/STM32F1xx_HAL_Driver/Src/stm32f1xx_hal_dma.o
 .debug_frame   0x0000000000001140      0x14c ./Drivers/STM32F1xx_HAL_Driver/Src/stm32f1xx_hal_gpio.o
 .debug_frame   0x000000000000128c      0x578 ./Drivers/STM32F1xx_HAL_Driver/Src/stm32f1xx_hal_pcd.o
 .debug_frame   0x0000000000001804       0xb0 ./Drivers/STM32F1xx_HAL_Driver/Src/stm32f1xx_hal_pcd_ex.o
 .debug_frame   0x00000000000018b4      0x21c ./Drivers/STM32F1xx_HAL_Driver/Src/stm32f1xx_hal_rcc.o
 .debug_frame   0x0000000000001ad0       0x84 ./Drivers/STM32F1xx_HAL_Driver/Src/stm32f1xx_hal_rcc_ex.o
 .debug_frame   0x0000000000001b54      0x824 ./Drivers/STM32F1xx_HAL_Driver/Src/stm32f1xx_hal_spi.o
 .debug_frame   0x0000000000002378      0x914 ./Drivers/STM32F1xx_HAL_Driver/Src/stm32f1xx_hal_uart.o
 .debug_frame   0x0000000000002c8c      0x450 ./Drivers/STM32F1xx_HAL_Driver/Src/stm32f1xx_ll_usb.o
 .debug_frame   0x00000000000030dc      0x1d8 ./Middlewares/ST/STM32_USB_Device_Library/Class/CustomHID/Src/usbd_customhid.o
 .debug_frame   0x00000000000032b4      0x300 ./Middlewares/ST/STM32_USB_Device_Library/Core/Src/usbd_core.o
 .debug_frame   0x00000000000035b4      0x218 ./Middlewares/ST/STM32_USB_Device_Library/Core/Src/usbd_ctlreq.o
 .debug_frame   0x00000000000037cc      0x10c ./Middlewares/ST/STM32_USB_Device_Library/Core/Src/usbd_ioreq.o
 .debug_frame   0x00000000000038d8       0x2c ./USB_DEVICE/App/usb_device.o
 .debug_frame   0x0000000000003904       0x78 ./USB_DEVICE/App/usbd_custom_hid_if.o
 .debug_frame   0x000000000000397c      0x160 ./USB_DEVICE/App/usbd_desc.o
 .debug_frame   0x0000000000003adc      0x4a4 ./USB_DEVICE/Target/usbd_conf.o
 .debug_frame   0x0000000000003f80       0x2c c:/st/stm32cubeide_1.9.0/stm32cubeide/plugins/com.st.stm32cube.ide.mcu.externaltools.gnu-tools-for-stm32.10.3-2021.10.win32_1.0.0.202111181127/tools/bin/../lib/gcc/arm-none-eabi/10.3.1/../../../../arm-none-eabi/lib/thumb/v7-m/nofp\libc_nano.a(lib_a-init.o)
 .debug_frame   0x0000000000003fac       0x20 c:/st/stm32cubeide_1.9.0/stm32cubeide/plugins/com.st.stm32cube.ide.mcu.externaltools.gnu-tools-for-stm32.10.3-2021.10.win32_1.0.0.202111181127/tools/bin/../lib/gcc/arm-none-eabi/10.3.1/../../../../arm-none-eabi/lib/thumb/v7-m/nofp\libc_nano.a(lib_a-memset.o)
