Archive member included to satisfy reference by file (symbol)

c:/st/stm32cubeide_1.9.0/stm32cubeide/plugins/com.st.stm32cube.ide.mcu.externaltools.gnu-tools-for-stm32.10.3-2021.10.win32_1.0.0.202111181127/tools/bin/../lib/gcc/arm-none-eabi/10.3.1/../../../../arm-none-eabi/lib/thumb/v7-m/nofp\libc_nano.a(lib_a-atoi.o)
                              ./Core/Src/main.o (atoi)
c:/st/stm32cubeide_1.9.0/stm32cubeide/plugins/com.st.stm32cube.ide.mcu.externaltools.gnu-tools-for-stm32.10.3-2021.10.win32_1.0.0.202111181127/tools/bin/../lib/gcc/arm-none-eabi/10.3.1/../../../../arm-none-eabi/lib/thumb/v7-m/nofp\libc_nano.a(lib_a-errno.o)
                              ./Core/Src/syscalls.o (__errno)
c:/st/stm32cubeide_1.9.0/stm32cubeide/plugins/com.st.stm32cube.ide.mcu.externaltools.gnu-tools-for-stm32.10.3-2021.10.win32_1.0.0.202111181127/tools/bin/../lib/gcc/arm-none-eabi/10.3.1/../../../../arm-none-eabi/lib/thumb/v7-m/nofp\libc_nano.a(lib_a-exit.o)
                              c:/st/stm32cubeide_1.9.0/stm32cubeide/plugins/com.st.stm32cube.ide.mcu.externaltools.gnu-tools-for-stm32.10.3-2021.10.win32_1.0.0.202111181127/tools/bin/../lib/gcc/arm-none-eabi/10.3.1/../../../../arm-none-eabi/lib/thumb/v7-m/nofp/crt0.o (exit)
c:/st/stm32cubeide_1.9.0/stm32cubeide/plugins/com.st.stm32cube.ide.mcu.externaltools.gnu-tools-for-stm32.10.3-2021.10.win32_1.0.0.202111181127/tools/bin/../lib/gcc/arm-none-eabi/10.3.1/../../../../arm-none-eabi/lib/thumb/v7-m/nofp\libc_nano.a(lib_a-impure.o)
                              c:/st/stm32cubeide_1.9.0/stm32cubeide/plugins/com.st.stm32cube.ide.mcu.externaltools.gnu-tools-for-stm32.10.3-2021.10.win32_1.0.0.202111181127/tools/bin/../lib/gcc/arm-none-eabi/10.3.1/../../../../arm-none-eabi/lib/thumb/v7-m/nofp\libc_nano.a(lib_a-exit.o) (_global_impure_ptr)
c:/st/stm32cubeide_1.9.0/stm32cubeide/plugins/com.st.stm32cube.ide.mcu.externaltools.gnu-tools-for-stm32.10.3-2021.10.win32_1.0.0.202111181127/tools/bin/../lib/gcc/arm-none-eabi/10.3.1/../../../../arm-none-eabi/lib/thumb/v7-m/nofp\libc_nano.a(lib_a-init.o)
                              c:/st/stm32cubeide_1.9.0/stm32cubeide/plugins/com.st.stm32cube.ide.mcu.externaltools.gnu-tools-for-stm32.10.3-2021.10.win32_1.0.0.202111181127/tools/bin/../lib/gcc/arm-none-eabi/10.3.1/../../../../arm-none-eabi/lib/thumb/v7-m/nofp/crt0.o (__libc_init_array)
c:/st/stm32cubeide_1.9.0/stm32cubeide/plugins/com.st.stm32cube.ide.mcu.externaltools.gnu-tools-for-stm32.10.3-2021.10.win32_1.0.0.202111181127/tools/bin/../lib/gcc/arm-none-eabi/10.3.1/../../../../arm-none-eabi/lib/thumb/v7-m/nofp\libc_nano.a(lib_a-memset.o)
                              c:/st/stm32cubeide_1.9.0/stm32cubeide/plugins/com.st.stm32cube.ide.mcu.externaltools.gnu-tools-for-stm32.10.3-2021.10.win32_1.0.0.202111181127/tools/bin/../lib/gcc/arm-none-eabi/10.3.1/../../../../arm-none-eabi/lib/thumb/v7-m/nofp/crt0.o (memset)
c:/st/stm32cubeide_1.9.0/stm32cubeide/plugins/com.st.stm32cube.ide.mcu.externaltools.gnu-tools-for-stm32.10.3-2021.10.win32_1.0.0.202111181127/tools/bin/../lib/gcc/arm-none-eabi/10.3.1/../../../../arm-none-eabi/lib/thumb/v7-m/nofp\libc_nano.a(lib_a-sprintf.o)
                              ./Core/Src/main.o (sprintf)
c:/st/stm32cubeide_1.9.0/stm32cubeide/plugins/com.st.stm32cube.ide.mcu.externaltools.gnu-tools-for-stm32.10.3-2021.10.win32_1.0.0.202111181127/tools/bin/../lib/gcc/arm-none-eabi/10.3.1/../../../../arm-none-eabi/lib/thumb/v7-m/nofp\libc_nano.a(lib_a-strcpy.o)
                              ./Core/Src/main.o (strcpy)
c:/st/stm32cubeide_1.9.0/stm32cubeide/plugins/com.st.stm32cube.ide.mcu.externaltools.gnu-tools-for-stm32.10.3-2021.10.win32_1.0.0.202111181127/tools/bin/../lib/gcc/arm-none-eabi/10.3.1/../../../../arm-none-eabi/lib/thumb/v7-m/nofp\libc_nano.a(lib_a-strlen.o)
                              ./Core/Src/main.o (strlen)
c:/st/stm32cubeide_1.9.0/stm32cubeide/plugins/com.st.stm32cube.ide.mcu.externaltools.gnu-tools-for-stm32.10.3-2021.10.win32_1.0.0.202111181127/tools/bin/../lib/gcc/arm-none-eabi/10.3.1/../../../../arm-none-eabi/lib/thumb/v7-m/nofp\libc_nano.a(lib_a-strtok.o)
                              ./Core/Src/main.o (strtok)
c:/st/stm32cubeide_1.9.0/stm32cubeide/plugins/com.st.stm32cube.ide.mcu.externaltools.gnu-tools-for-stm32.10.3-2021.10.win32_1.0.0.202111181127/tools/bin/../lib/gcc/arm-none-eabi/10.3.1/../../../../arm-none-eabi/lib/thumb/v7-m/nofp\libc_nano.a(lib_a-strtok_r.o)
                              c:/st/stm32cubeide_1.9.0/stm32cubeide/plugins/com.st.stm32cube.ide.mcu.externaltools.gnu-tools-for-stm32.10.3-2021.10.win32_1.0.0.202111181127/tools/bin/../lib/gcc/arm-none-eabi/10.3.1/../../../../arm-none-eabi/lib/thumb/v7-m/nofp\libc_nano.a(lib_a-strtok.o) (__strtok_r)
c:/st/stm32cubeide_1.9.0/stm32cubeide/plugins/com.st.stm32cube.ide.mcu.externaltools.gnu-tools-for-stm32.10.3-2021.10.win32_1.0.0.202111181127/tools/bin/../lib/gcc/arm-none-eabi/10.3.1/../../../../arm-none-eabi/lib/thumb/v7-m/nofp\libc_nano.a(lib_a-strtol.o)
[...]
Memory Configuration

Name             Origin             Length             Attributes
RAM              0x0000000020000000 0x0000000000005000 xrw
FLASH            0x0000000008000000 0x0000000000010000 xr
*default*        0x0000000000000000 0xffffffffffffffff

Linker script and memory map

LOAD c:/st/stm32cubeide_1.9.0/stm32cubeide/plugins/com.st.stm32cube.ide.mcu.externaltools.gnu-tools-for-stm32.10.3-2021.10.win32_1.0.0.202111181127/tools/bin/../lib/gcc/arm-none-eabi/10.3.1/thumb/v7-m/nofp/crti.o
LOAD c:/st/stm32cubeide_1.9.0/stm32cubeide/plugins/com.st.stm32cube.ide.mcu.externaltools.gnu-tools-for-stm32.10.3-2021.10.win32_1.0.0.202111181127/tools/bin/../lib/gcc/arm-none-eabi/10.3.1/thumb/v7-m/nofp/crtbegin.o
LOAD c:/st/stm32cubeide_1.9.0/stm32cubeide/plugins/com.st.stm32cube.ide.mcu.externaltools.gnu-tools-for-stm32.10.3-2021.10.win32_1.0.0.202111181127/tools/bin/../lib/gcc/arm-none-eabi/10.3.1/../../../../arm-none-eabi/lib/thumb/v7-m/nofp/crt0.o
LOAD ./Core/Src/main.o
LOAD ./Core/Src/stm32f1xx_hal_msp.o
LOAD ./Core/Src/stm32f1xx_it.o
LOAD ./Core/Src/syscalls.o
LOAD ./Core/Src/sysmem.o
LOAD ./Core/Src/system_stm32f1xx.o
LOAD ./Core/Startup/startup_stm32f103c8tx.o
LOAD ./Drivers/STM32F1xx_HAL_Driver/Src/stm32f1xx_hal.o
LOAD ./Drivers/STM32F1xx_HAL_Driver/Src/stm32f1xx_hal_adc.o
LOAD ./Drivers/STM32F1xx_HAL_Driver/Src/stm32f1xx_hal_adc_ex.o
LOAD ./Drivers/STM32F1xx_HAL_Driver/Src/stm32f1xx_hal_cortex.o
LOAD ./Drivers/STM32F1xx_HAL_Driver/Src/stm32f1xx_hal_dma.o
LOAD ./Drivers/STM32F1xx_HAL_Driver/Src/stm32f1xx_hal_exti.o
LOAD ./Drivers/STM32F1xx_HAL_Driver/Src/stm32f1xx_hal_flash.o
LOAD ./Drivers/STM32F1xx_HAL_Driver/Src/stm32f1xx_hal_flash_ex.o
LOAD ./Drivers/STM32F1xx_HAL_Driver/Src/stm32f1xx_hal_gpio.o
LOAD ./Drivers/STM32F1xx_HAL_Driver/Src/stm32f1xx_hal_gpio_ex.o
LOAD ./Drivers/STM32F1xx_HAL_Driver/Src/stm32f1xx_hal_pcd.o
LOAD ./Drivers/STM32F1xx_HAL_Driver/Src/stm32f1xx_hal_pcd_ex.o
LOAD ./Drivers/STM32F1xx_HAL_Driver/Src/stm32f1xx_hal_pwr.o
LOAD ./Drivers/STM32F1xx_HAL_Driver/Src/stm32f1xx_hal_rcc.o
LOAD ./Drivers/STM32F1xx_HAL_Driver/Src/stm32f1xx_hal_rcc_ex.o
LOAD ./Drivers/STM32F1xx_HAL_Driver/Src/stm32f1xx_hal_spi.o
LOAD ./Drivers/STM32F1xx_HAL_Driver/Src/stm32f1xx_hal_uart.o
LOAD ./Drivers/STM32F1xx_HAL_Driver/Src/stm32f1xx_ll_usb.o
LOAD ./Middlewares/ST/STM32_USB_Device_Library/Class/CustomHID/Src/usbd_customhid.o
LOAD ./Middlewares/ST/STM32_USB_Device_Library/Core/Src/usbd_core.o
LOAD ./Middlewares/ST/STM32_USB_Device_Library/Core/Src/usbd_ctlreq.o
LOAD ./Middlewares/ST/STM32_USB_Device_Library/Core/Src/usbd_ioreq.o
LOAD ./USB_DEVICE/App/usb_device.o
LOAD ./USB_DEVICE/App/usbd_custom_hid_if.o
LOAD ./USB_DEVICE/App/usbd_desc.o
LOAD ./USB_DEVICE/Target/usbd_conf.o
START GROUP
LOAD c:/st/stm32cubeide_1.9.0/stm32cubeide/plugins/com.st.stm32cube.ide.mcu.externaltools.gnu-tools-for-stm32.10.3-2021.10.win32_1.0.0.202111181127/tools/bin/../lib/gcc/arm-none-eabi/10.3.1/../../../../arm-none-eabi/lib/thumb/v7-m/nofp\libc_nano.a
LOAD c:/st/stm32cubeide_1.9.0/stm32cubeide/plugins/com.st.stm32cube.ide.mcu.externaltools.gnu-tools-for-stm32.10.3-2021.10.win32_1.0.0.202111181127/tools/bin/../lib/gcc/arm-none-eabi/10.3.1/../../../../arm-none-eabi/lib/thumb/v7-m/nofp\libm.a
END GROUP
START GROUP
LOAD c:/st/stm32cubeide_1.9.0/stm32cubeide/plugins/com.st.stm32cube.ide.mcu.externaltools.gnu-tools-for-stm32.10.3-2021.10.win32_1.0.0.202111181127/tools/bin/../lib/gcc/arm-none-eabi/10.3.1/thumb/v7-m/nofp\libgcc.a
LOAD c:/st/stm32cubeide_1.9.0/stm32cubeide/plugins/com.st.stm32cube.ide.mcu.externaltools.gnu-tools-for-stm32.10.3-2021.10.win32_1.0.0.202111181127/tools/bin/../lib/gcc/arm-none-eabi/10.3.1/../../../../arm-none-eabi/lib/thumb/v7-m/nofp\libc_nano.a
END GROUP
START GROUP
LOAD c:/st/stm32cubeide_1.9.0/stm32cubeide/plugins/com.st.stm32cube.ide.mcu.externaltools.gnu-tools-for-stm32.10.3-2021.10.win32_1.0.0.202111181127/tools/bin/../lib/gcc/arm-none-eabi/10.3.1/thumb/v7-m/nofp\libgcc.a
LOAD c:/st/stm32cubeide_1.9.0/stm32cubeide/plugins/com.st.stm32cube.ide.mcu.externaltools.gnu-tools-for-stm32.10.3-2021.10.win32_1.0.0.202111181127/tools/bin/../lib/gcc/arm-none-eabi/10.3.1/../../../../arm-none-eabi/lib/thumb/v7-m/nofp\libc_nano.a
LOAD c:/st/stm32cubeide_1.9.0/stm32cubeide/plugins/com.st.stm32cube.ide.mcu.externaltools.gnu-tools-for-stm32.10.3-2021.10.win32_1.0.0.202111181127/tools/bin/../lib/gcc/arm-none-eabi/10.3.1/../../../../arm-none-eabi/lib/thumb/v7-m/nofp\libnosys.a
END GROUP
START GROUP
LOAD c:/st/stm32cubeide_1.9.0/stm32cubeide/plugins/com.st.stm32cube.ide.mcu.externaltools.gnu-tools-for-stm32.10.3-2021.10.win32_1.0.0.202111181127/tools/bin/../lib/gcc/arm-none-eabi/10.3.1/thumb/v7-m/nofp\libgcc.a
LOAD c:/st/stm32cubeide_1.9.0/stm32cubeide/plugins/com.st.stm32cube.ide.mcu.externaltools.gnu-tools-for-stm32.10.3-2021.10.win32_1.0.0.202111181127/tools/bin/../lib/gcc/arm-none-eabi/10.3.1/../../../../arm-none-eabi/lib/thumb/v7-m/nofp\libc_nano.a
LOAD c:/st/stm32cubeide_1.9.0/stm32cubeide/plugins/com.st.stm32cube.ide.mcu.externaltools.gnu-tools-for-stm32.10.3-2021.10.win32_1.0.0.202111181127/tools/bin/../lib/gcc/arm-none-eabi/10.3.1/../../../../arm-none-eabi/lib/thumb/v7-m/nofp\libnosys.a
END GROUP
LOAD c:/st/stm32cubeide_1.9.0/stm32cubeide/plugins/com.st.stm32cube.ide.mcu.externaltools.gnu-tools-for-stm32.10.3-2021.10.win32_1.0.0.202111181127/tools/bin/../lib/gcc/arm-none-eabi/10.3.1/thumb/v7-m/nofp/crtend.o
LOAD c:/st/stm32cubeide_1.9.0/stm32cubeide/plugins/com.st.stm32cube.ide.mcu.externaltools.gnu-tools-for-stm32.10.3-2021.10.win32_1.0.0.202111181127/tools/bin/../lib/gcc/arm-none-eabi/10.3.1/thumb/v7-m/nofp/crtn.o
                0x0000000020005000                _estack = (ORIGIN (RAM) + LENGTH (RAM))
                0x0000000000000200                _Min_Heap_Size = 0x200
                0x0000000000000400                _Min_Stack_Size = 0x400

.isr_vector     0x0000000008000000      0x10c
                0x0000000008000000                . = ALIGN (0x4)
 *(.isr_vector)
 .isr_vector    0x0000000008000000      0x10c ./Core/Startup/startup_stm32f103c8tx.o
                0x0000000008000000                g_pfnVectors
                0x000000000800010c                . = ALIGN (0x4)

.text           0x0000000008000110     0xc140
                0x0000000008000110                . = ALIGN (0x4)
 *(.text)
 .text          0x0000000008000110       0x40 c:/st/stm32cubeide_1.9.0/stm32cubeide/plugins/com.st.stm32cube.ide.mcu.externaltools.gnu-tools-for-stm32.10.3-2021.10.win32_1.0.0.202111181127/tools/bin/../lib/gcc/arm-none-eabi/10.3.1/thumb/v7-m/nofp/crtbegin.o
 .text          0x0000000008000150       0x10 c:/st/stm32cubeide_1.9.0/stm32cubeide/plugins/com.st.stm32cube.ide.mcu.externaltools.gnu-tools-for-stm32.10.3-2021.10.win32_1.0.0.202111181127/tools/bin/../lib/gcc/arm-none-eabi/10.3.1/../../../../arm-none-eabi/lib/thumb/v7-m/nofp\libc_nano.a(lib_a-strlen.o)
                0x0000000008000150                strlen
 .text          0x0000000008000160      0x254 c:/st/stm32cubeide_1.9.0/stm32cubeide/plugins/com.st.stm32cube.ide.mcu.externaltools.gnu-tools-for-stm32.10.3-2021.10.win32_1.0.0.202111181127/tools/bin/../lib/gcc/arm-none-eabi/10.3.1/thumb/v7-m/nofp\libgcc.a(_arm_muldf3.o)
                0x0000000008000160                __muldf3
                0x0000000008000160                __aeabi_dmul
 .text          0x00000000080003b4      0x378 c:/st/stm32cubeide_1.9.0/stm32cubeide/plugins/com.st.stm32cube.ide.mcu.externaltools.gnu-tools-for-stm32.10.3-2021.10.win32_1.0.0.202111181127/tools/bin/../lib/gcc/arm-none-eabi/10.3.1/thumb/v7-m/nofp\libgcc.a(_arm_addsubdf3.o)
                0x00000000080003b4                __aeabi_drsub
                0x00000000080003bc                __aeabi_dsub
                0x00000000080003bc                __subdf3
                0x00000000080003c0                __aeabi_dadd
                0x00000000080003c0                __adddf3
                0x0000000008000638                __floatunsidf
                0x0000000008000638                __aeabi_ui2d
                0x0000000008000658                __floatsidf
                0x0000000008000658                __aeabi_i2d
                0x000000000800067c                __aeabi_f2d
                0x000000000800067c                __extendsfdf2
                0x00000000080006c0                __floatundidf
                0x00000000080006c0                __aeabi_ul2d
                0x00000000080006d0                __floatdidf
                0x00000000080006d0                __aeabi_l2d
 .text          0x000000000800072c       0x40 c:/st/stm32cubeide_1.9.0/stm32cubeide/plugins/com.st.stm32cube.ide.mcu.externaltools.gnu-tools-for-stm32.10.3-2021.10.win32_1.0.0.202111181127/tools/bin/../lib/gcc/arm-none-eabi/10.3.1/thumb/v7-m/nofp\libgcc.a(_arm_fixunsdfsi.o)
                0x000000000800072c                __aeabi_d2uiz
                0x000000000800072c                __fixunsdfsi
 *(.text*)
 .text.read_flash
                0x000000000800076c       0x78 ./Core/Src/main.o
                0x000000000800076c                read_flash
 .text.save_to_flash
                0x00000000080007e4      0x17c ./Core/Src/main.o
                0x00000000080007e4                save_to_flash
 .text.LerADCS  0x0000000008000960       0x88 ./Core/Src/main.o
                0x0000000008000960                LerADCS
 .text.LerSPI   0x00000000080009e8       0x90 ./Core/Src/main.o
                0x00000000080009e8                LerSPI
 .text.Calibrar
                0x0000000008000a78      0x244 ./Core/Src/main.o
                0x0000000008000a78                Calibrar
 .text.update_data_from_flash
                0x0000000008000cbc       0xa8 ./Core/Src/main.o
                0x0000000008000cbc                update_data_from_flash
 .text.main     0x0000000008000d64      0x468 ./Core/Src/main.o
                0x0000000008000d64                main
 .text.SystemClock_Config
                0x00000000080011cc       0xbc ./Core/Src/main.o
                0x00000000080011cc                SystemClock_Config
 .text.MX_ADC1_Init
                0x0000000008001288       0xb8 ./Core/Src/main.o
 .text.MX_SPI1_Init
                0x0000000008001340       0x6c ./Core/Src/main.o
 .text.MX_SPI2_Init
                0x00000000080013ac       0x6c ./Core/Src/main.o
 .text.MX_USART1_UART_Init
                0x0000000008001418       0x54 ./Core/Src/main.o
 .text.MX_DMA_Init
                0x000000000800146c       0x3c ./Core/Src/main.o
 .text.MX_GPIO_Init
                0x00000000080014a8      0x114 ./Core/Src/main.o
 .text.Error_Handler
                0x00000000080015bc        0xa ./Core/Src/main.o
                0x00000000080015bc                Error_Handler
 *fill*         0x00000000080015c6        0x2 
 .text.HAL_MspInit
                0x00000000080015c8       0x44 ./Core/Src/stm32f1xx_hal_msp.o
                0x00000000080015c8                HAL_MspInit
 .text.HAL_ADC_MspInit
                0x000000000800160c       0xd0 ./Core/Src/stm32f1xx_hal_msp.o
                0x000000000800160c                HAL_ADC_MspInit
 .text.HAL_SPI_MspInit
                0x00000000080016dc      0x11c ./Core/Src/stm32f1xx_hal_msp.o
                0x00000000080016dc                HAL_SPI_MspInit
 .text.HAL_UART_MspInit
                0x00000000080017f8       0x98 ./Core/Src/stm32f1xx_hal_msp.o
                0x00000000080017f8                HAL_UART_MspInit
 .text.NMI_Handler
                0x0000000008001890        0x6 ./Core/Src/stm32f1xx_it.o
                0x0000000008001890                NMI_Handler
 .text.HardFault_Handler
                0x0000000008001896        0x6 ./Core/Src/stm32f1xx_it.o
                0x0000000008001896                HardFault_Handler
 .text.MemManage_Handler
                0x000000000800189c        0x6 ./Core/Src/stm32f1xx_it.o
                0x000000000800189c                MemManage_Handler
 .text.BusFault_Handler
                0x00000000080018a2        0x6 ./Core/Src/stm32f1xx_it.o
                0x00000000080018a2                BusFault_Handler
 .text.UsageFault_Handler
                0x00000000080018a8        0x6 ./Core/Src/stm32f1xx_it.o
                0x00000000080018a8                UsageFault_Handler
 .text.SVC_Handler
                0x00000000080018ae        0xc ./Core/Src/stm32f1xx_it.o
                0x00000000080018ae                SVC_Handler
 .text.DebugMon_Handler
                0x00000000080018ba        0xc ./Core/Src/stm32f1xx_it.o
                0x00000000080018ba                DebugMon_Handler
 .text.PendSV_Handler
                0x00000000080018c6        0xc ./Core/Src/stm32f1xx_it.o
                0x00000000080018c6                PendSV_Handler
 .text.SysTick_Handler
                0x00000000080018d2        0xc ./Core/Src/stm32f1xx_it.o
                0x00000000080018d2                SysTick_Handler
 *fill*         0x00000000080018de        0x2 
 .text.DMA1_Channel1_IRQHandler
                0x00000000080018e0       0x14 ./Core/Src/stm32f1xx_it.o
                0x00000000080018e0                DMA1_Channel1_IRQHandler
 .text.USB_LP_CAN1_RX0_IRQHandler
                0x00000000080018f4       0x14 ./Core/Src/stm32f1xx_it.o
                0x00000000080018f4                USB_LP_CAN1_RX0_IRQHandler
 .text.SPI1_IRQHandler
                0x0000000008001908       0x14 ./Core/Src/stm32f1xx_it.o
                0x0000000008001908                SPI1_IRQHandler
 .text._getpid  0x000000000800191c        0xe ./Core/Src/syscalls.o
                0x000000000800191c                _getpid
 .text._kill    0x000000000800192a       0x20 ./Core/Src/syscalls.o
                0x000000000800192a                _kill
 .text._exit    0x000000000800194a       0x14 ./Core/Src/syscalls.o
                0x000000000800194a                _exit
 .text._read    0x000000000800195e       0x3a ./Core/Src/syscalls.o
                0x000000000800195e                _read
 .text._write   0x0000000008001998       0x38 ./Core/Src/syscalls.o
                0x0000000008001998                _write
 .text._close   0x00000000080019d0       0x16 ./Core/Src/syscalls.o
                0x00000000080019d0                _close
 .text._fstat   0x00000000080019e6       0x1e ./Core/Src/syscalls.o
                0x00000000080019e6                _fstat
 .text._isatty  0x0000000008001a04       0x14 ./Core/Src/syscalls.o
                0x0000000008001a04                _isatty
 .text._lseek   0x0000000008001a18       0x18 ./Core/Src/syscalls.o
                0x0000000008001a18                _lseek
 .text._sbrk    0x0000000008001a30       0x6c ./Core/Src/sysmem.o
                0x0000000008001a30                _sbrk
 .text.SystemInit
                0x0000000008001a9c        0xc ./Core/Src/system_stm32f1xx.o
                0x0000000008001a9c                SystemInit
 .text.Reset_Handler
                0x0000000008001aa8       0x48 ./Core/Startup/startup_stm32f103c8tx.o
                0x0000000008001aa8                Reset_Handler
 .text.Default_Handler
                0x0000000008001af0        0x2 ./Core/Startup/startup_stm32f103c8tx.o
                0x0000000008001af0                RTC_Alarm_IRQHandler
                0x0000000008001af0                EXTI2_IRQHandler
                0x0000000008001af0                TIM1_CC_IRQHandler
                0x0000000008001af0                PVD_IRQHandler
                0x0000000008001af0                EXTI3_IRQHandler
                0x0000000008001af0                EXTI0_IRQHandler
                0x0000000008001af0                I2C2_EV_IRQHandler
                0x0000000008001af0                ADC1_2_IRQHandler
                0x0000000008001af0                TAMPER_IRQHandler
                0x0000000008001af0                DMA1_Channel4_IRQHandler
                0x0000000008001af0                USART3_IRQHandler
                0x0000000008001af0                RTC_IRQHandler
                0x0000000008001af0                DMA1_Channel7_IRQHandler
                0x0000000008001af0                CAN1_RX1_IRQHandler
                0x0000000008001af0                TIM4_IRQHandler
                0x0000000008001af0                I2C1_EV_IRQHandler
                0x0000000008001af0                DMA1_Channel6_IRQHandler
                0x0000000008001af0                TIM3_IRQHandler
                0x0000000008001af0                RCC_IRQHandler
                0x0000000008001af0                TIM1_TRG_COM_IRQHandler
                0x0000000008001af0                Default_Handler
                0x0000000008001af0                EXTI15_10_IRQHandler
                0x0000000008001af0                EXTI9_5_IRQHandler
                0x0000000008001af0                SPI2_IRQHandler
                0x0000000008001af0                DMA1_Channel5_IRQHandler
                0x0000000008001af0                EXTI4_IRQHandler
                0x0000000008001af0                USB_HP_CAN1_TX_IRQHandler
                0x0000000008001af0                DMA1_Channel3_IRQHandler
                0x0000000008001af0                TIM1_UP_IRQHandler
                0x0000000008001af0                WWDG_IRQHandler
                0x0000000008001af0                TIM2_IRQHandler
                0x0000000008001af0                TIM1_BRK_IRQHandler
                0x0000000008001af0                EXTI1_IRQHandler
                0x0000000008001af0                USART2_IRQHandler
                0x0000000008001af0                I2C2_ER_IRQHandler
                0x0000000008001af0                DMA1_Channel2_IRQHandler
                0x0000000008001af0                CAN1_SCE_IRQHandler
                0x0000000008001af0                FLASH_IRQHandler
                0x0000000008001af0                USART1_IRQHandler
                0x0000000008001af0                I2C1_ER_IRQHandler
                0x0000000008001af0                USBWakeUp_IRQHandler
 *fill*         0x0000000008001af2        0x2 
 .text.HAL_Init
                0x0000000008001af4       0x2c ./Drivers/STM32F1xx_HAL_Driver/Src/stm32f1xx_hal.o
                0x0000000008001af4                HAL_Init
 .text.HAL_InitTick
                0x0000000008001b20       0x60 ./Drivers/STM32F1xx_HAL_Driver/Src/stm32f1xx_hal.o
                0x0000000008001b20                HAL_InitTick
 .text.HAL_IncTick
                0x0000000008001b80       0x24 ./Drivers/STM32F1xx_HAL_Driver/Src/stm32f1xx_hal.o
                0x0000000008001b80                HAL_IncTick
 .text.HAL_GetTick
                0x0000000008001ba4       0x14 ./Drivers/STM32F1xx_HAL_Driver/Src/stm32f1xx_hal.o
                0x0000000008001ba4                HAL_GetTick
 .text.HAL_Delay
                0x0000000008001bb8       0x48 ./Drivers/STM32F1xx_HAL_Driver/Src/stm32f1xx_hal.o
                0x0000000008001bb8                HAL_Delay
 .text.HAL_ADC_Init
                0x0000000008001c00      0x1b0 ./Drivers/STM32F1xx_HAL_Driver/Src/stm32f1xx_hal_adc.o
                0x0000000008001c00                HAL_ADC_Init
 .text.HAL_ADC_Start_DMA
                0x0000000008001db0      0x1bc ./Drivers/STM32F1xx_HAL_Driver/Src/stm32f1xx_hal_adc.o
                0x0000000008001db0                HAL_ADC_Start_DMA
 .text.HAL_ADC_ConvCpltCallback
                0x0000000008001f6c       0x12 ./Drivers/STM32F1xx_HAL_Driver/Src/stm32f1xx_hal_adc.o
                0x0000000008001f6c                HAL_ADC_ConvCpltCallback
 .text.HAL_ADC_ConvHalfCpltCallback
                0x0000000008001f7e       0x12 ./Drivers/STM32F1xx_HAL_Driver/Src/stm32f1xx_hal_adc.o
                0x0000000008001f7e                HAL_ADC_ConvHalfCpltCallback
 .text.HAL_ADC_ErrorCallback
                0x0000000008001f90       0x12 ./Drivers/STM32F1xx_HAL_Driver/Src/stm32f1xx_hal_adc.o
                0x0000000008001f90                HAL_ADC_ErrorCallback
 *fill*         0x0000000008001fa2        0x2 
 .text.HAL_ADC_ConfigChannel
                0x0000000008001fa4      0x1f0 ./Drivers/STM32F1xx_HAL_Driver/Src/stm32f1xx_hal_adc.o
                0x0000000008001fa4                HAL_ADC_ConfigChannel
 .text.ADC_Enable
                0x0000000008002194       0xb4 ./Drivers/STM32F1xx_HAL_Driver/Src/stm32f1xx_hal_adc.o
                0x0000000008002194                ADC_Enable
 .text.ADC_ConversionStop_Disable
                0x0000000008002248       0x82 ./Drivers/STM32F1xx_HAL_Driver/Src/stm32f1xx_hal_adc.o
                0x0000000008002248                ADC_ConversionStop_Disable
 .text.ADC_DMAConvCplt
                0x00000000080022ca       0x7c ./Drivers/STM32F1xx_HAL_Driver/Src/stm32f1xx_hal_adc.o
                0x00000000080022ca                ADC_DMAConvCplt
 .text.ADC_DMAHalfConvCplt
                0x0000000008002346       0x1c ./Drivers/STM32F1xx_HAL_Driver/Src/stm32f1xx_hal_adc.o
                0x0000000008002346                ADC_DMAHalfConvCplt
 .text.ADC_DMAError
                0x0000000008002362       0x34 ./Drivers/STM32F1xx_HAL_Driver/Src/stm32f1xx_hal_adc.o
                0x0000000008002362                ADC_DMAError
 *fill*         0x0000000008002396        0x2 
 .text.__NVIC_SetPriorityGrouping
                0x0000000008002398       0x48 ./Drivers/STM32F1xx_HAL_Driver/Src/stm32f1xx_hal_cortex.o
 .text.__NVIC_GetPriorityGrouping
                0x00000000080023e0       0x1c ./Drivers/STM32F1xx_HAL_Driver/Src/stm32f1xx_hal_cortex.o
 .text.__NVIC_EnableIRQ
                0x00000000080023fc       0x38 ./Drivers/STM32F1xx_HAL_Driver/Src/stm32f1xx_hal_cortex.o
 .text.__NVIC_SetPriority
                0x0000000008002434       0x54 ./Drivers/STM32F1xx_HAL_Driver/Src/stm32f1xx_hal_cortex.o
 .text.NVIC_EncodePriority
                0x0000000008002488       0x64 ./Drivers/STM32F1xx_HAL_Driver/Src/stm32f1xx_hal_cortex.o
 .text.SysTick_Config
                0x00000000080024ec       0x44 ./Drivers/STM32F1xx_HAL_Driver/Src/stm32f1xx_hal_cortex.o
 .text.HAL_NVIC_SetPriorityGrouping
                0x0000000008002530       0x16 ./Drivers/STM32F1xx_HAL_Driver/Src/stm32f1xx_hal_cortex.o
                0x0000000008002530                HAL_NVIC_SetPriorityGrouping
 .text.HAL_NVIC_SetPriority
                0x0000000008002546       0x38 ./Drivers/STM32F1xx_HAL_Driver/Src/stm32f1xx_hal_cortex.o
                0x0000000008002546                HAL_NVIC_SetPriority
 .text.HAL_NVIC_EnableIRQ
                0x000000000800257e       0x1c ./Drivers/STM32F1xx_HAL_Driver/Src/stm32f1xx_hal_cortex.o
                0x000000000800257e                HAL_NVIC_EnableIRQ
 .text.HAL_SYSTICK_Config
                0x000000000800259a       0x18 ./Drivers/STM32F1xx_HAL_Driver/Src/stm32f1xx_hal_cortex.o
                0x000000000800259a                HAL_SYSTICK_Config
 *fill*         0x00000000080025b2        0x2 
 .text.HAL_DMA_Init
                0x00000000080025b4       0xb4 ./Drivers/STM32F1xx_HAL_Driver/Src/stm32f1xx_hal_dma.o
                0x00000000080025b4                HAL_DMA_Init
 .text.HAL_DMA_Start_IT
                0x0000000008002668       0xbe ./Drivers/STM32F1xx_HAL_Driver/Src/stm32f1xx_hal_dma.o
                0x0000000008002668                HAL_DMA_Start_IT
 *fill*         0x0000000008002726        0x2 
 .text.HAL_DMA_Abort_IT
                0x0000000008002728       0xec ./Drivers/STM32F1xx_HAL_Driver/Src/stm32f1xx_hal_dma.o
                0x0000000008002728                HAL_DMA_Abort_IT
 .text.HAL_DMA_IRQHandler
                0x0000000008002814      0x20c ./Drivers/STM32F1xx_HAL_Driver/Src/stm32f1xx_hal_dma.o
                0x0000000008002814                HAL_DMA_IRQHandler
 .text.DMA_SetConfig
                0x0000000008002a20       0x5a ./Drivers/STM32F1xx_HAL_Driver/Src/stm32f1xx_hal_dma.o
 *fill*         0x0000000008002a7a        0x2 
 .text.HAL_FLASH_Program
                0x0000000008002a7c       0xe0 ./Drivers/STM32F1xx_HAL_Driver/Src/stm32f1xx_hal_flash.o
                0x0000000008002a7c                HAL_FLASH_Program
 .text.HAL_FLASH_Unlock
                0x0000000008002b5c       0x4c ./Drivers/STM32F1xx_HAL_Driver/Src/stm32f1xx_hal_flash.o
                0x0000000008002b5c                HAL_FLASH_Unlock
 .text.HAL_FLASH_Lock
                0x0000000008002ba8       0x20 ./Drivers/STM32F1xx_HAL_Driver/Src/stm32f1xx_hal_flash.o
                0x0000000008002ba8                HAL_FLASH_Lock
 .text.HAL_FLASH_OB_Unlock
                0x0000000008002bc8       0x38 ./Drivers/STM32F1xx_HAL_Driver/Src/stm32f1xx_hal_flash.o
                0x0000000008002bc8                HAL_FLASH_OB_Unlock
 .text.HAL_FLASH_OB_Lock
                0x0000000008002c00       0x20 ./Drivers/STM32F1xx_HAL_Driver/Src/stm32f1xx_hal_flash.o
                0x0000000008002c00                HAL_FLASH_OB_Lock
 .text.FLASH_Program_HalfWord
                0x0000000008002c20       0x38 ./Drivers/STM32F1xx_HAL_Driver/Src/stm32f1xx_hal_flash.o
 .text.FLASH_WaitForLastOperation
                0x0000000008002c58       0x8c ./Drivers/STM32F1xx_HAL_Driver/Src/stm32f1xx_hal_flash.o
                0x0000000008002c58                FLASH_WaitForLastOperation
 .text.FLASH_SetErrorCode
                0x0000000008002ce4       0xa0 ./Drivers/STM32F1xx_HAL_Driver/Src/stm32f1xx_hal_flash.o
 .text.HAL_FLASHEx_Erase
                0x0000000008002d84       0xd8 ./Drivers/STM32F1xx_HAL_Driver/Src/stm32f1xx_hal_flash_ex.o
                0x0000000008002d84                HAL_FLASHEx_Erase
 .text.FLASH_MassErase
                0x0000000008002e5c       0x38 ./Drivers/STM32F1xx_HAL_Driver/Src/stm32f1xx_hal_flash_ex.o
 .text.FLASH_PageErase
                0x0000000008002e94       0x40 ./Drivers/STM32F1xx_HAL_Driver/Src/stm32f1xx_hal_flash_ex.o
                0x0000000008002e94                FLASH_PageErase
 .text.HAL_GPIO_Init
                0x0000000008002ed4      0x308 ./Drivers/STM32F1xx_HAL_Driver/Src/stm32f1xx_hal_gpio.o
                0x0000000008002ed4                HAL_GPIO_Init
 .text.HAL_GPIO_ReadPin
                0x00000000080031dc       0x2e ./Drivers/STM32F1xx_HAL_Driver/Src/stm32f1xx_hal_gpio.o
                0x00000000080031dc                HAL_GPIO_ReadPin
 .text.HAL_GPIO_WritePin
                0x000000000800320a       0x30 ./Drivers/STM32F1xx_HAL_Driver/Src/stm32f1xx_hal_gpio.o
                0x000000000800320a                HAL_GPIO_WritePin
 .text.HAL_GPIO_TogglePin
                0x000000000800323a       0x32 ./Drivers/STM32F1xx_HAL_Driver/Src/stm32f1xx_hal_gpio.o
                0x000000000800323a                HAL_GPIO_TogglePin
 .text.HAL_PCD_Init
                0x000000000800326c      0x216 ./Drivers/STM32F1xx_HAL_Driver/Src/stm32f1xx_hal_pcd.o
                0x000000000800326c                HAL_PCD_Init
 .text.HAL_PCD_Start
                0x0000000008003482       0x4c ./Drivers/STM32F1xx_HAL_Driver/Src/stm32f1xx_hal_pcd.o
                0x0000000008003482                HAL_PCD_Start
 .text.HAL_PCD_IRQHandler
                0x00000000080034ce      0x2a6 ./Drivers/STM32F1xx_HAL_Driver/Src/stm32f1xx_hal_pcd.o
                0x00000000080034ce                HAL_PCD_IRQHandler
 .text.HAL_PCD_SetAddress
                0x0000000008003774       0x4a ./Drivers/STM32F1xx_HAL_Driver/Src/stm32f1xx_hal_pcd.o
                0x0000000008003774                HAL_PCD_SetAddress
 .text.HAL_PCD_EP_Open
                0x00000000080037be       0xcc ./Drivers/STM32F1xx_HAL_Driver/Src/stm32f1xx_hal_pcd.o
                0x00000000080037be                HAL_PCD_EP_Open
 .text.HAL_PCD_EP_Close
                0x000000000800388a       0x90 ./Drivers/STM32F1xx_HAL_Driver/Src/stm32f1xx_hal_pcd.o
                0x000000000800388a                HAL_PCD_EP_Close
 .text.HAL_PCD_EP_Receive
                0x000000000800391a       0x7a ./Drivers/STM32F1xx_HAL_Driver/Src/stm32f1xx_hal_pcd.o
                0x000000000800391a                HAL_PCD_EP_Receive
 .text.HAL_PCD_EP_Transmit
                0x0000000008003994       0x86 ./Drivers/STM32F1xx_HAL_Driver/Src/stm32f1xx_hal_pcd.o
                0x0000000008003994                HAL_PCD_EP_Transmit
 .text.HAL_PCD_EP_SetStall
                0x0000000008003a1a       0xc0 ./Drivers/STM32F1xx_HAL_Driver/Src/stm32f1xx_hal_pcd.o
                0x0000000008003a1a                HAL_PCD_EP_SetStall
 .text.HAL_PCD_EP_ClrStall
                0x0000000008003ada       0xa8 ./Drivers/STM32F1xx_HAL_Driver/Src/stm32f1xx_hal_pcd.o
                0x0000000008003ada                HAL_PCD_EP_ClrStall
 .text.PCD_EP_ISR_Handler
                0x0000000008003b82      0x600 ./Drivers/STM32F1xx_HAL_Driver/Src/stm32f1xx_hal_pcd.o
 .text.HAL_PCD_EP_DB_Receive
                0x0000000008004182      0x21a ./Drivers/STM32F1xx_HAL_Driver/Src/stm32f1xx_hal_pcd.o
 .text.HAL_PCD_EP_DB_Transmit
                0x000000000800439c      0x7a4 ./Drivers/STM32F1xx_HAL_Driver/Src/stm32f1xx_hal_pcd.o
 .text.HAL_PCDEx_PMAConfig
                0x0000000008004b40       0x84 ./Drivers/STM32F1xx_HAL_Driver/Src/stm32f1xx_hal_pcd_ex.o
                0x0000000008004b40                HAL_PCDEx_PMAConfig
 .text.HAL_RCC_OscConfig
                0x0000000008004bc4      0x504 ./Drivers/STM32F1xx_HAL_Driver/Src/stm32f1xx_hal_rcc.o
                0x0000000008004bc4                HAL_RCC_OscConfig
 .text.HAL_RCC_ClockConfig
                0x00000000080050c8      0x1d4 ./Drivers/STM32F1xx_HAL_Driver/Src/stm32f1xx_hal_rcc.o
                0x00000000080050c8                HAL_RCC_ClockConfig
 .text.HAL_RCC_GetSysClockFreq
                0x000000000800529c       0xbc ./Drivers/STM32F1xx_HAL_Driver/Src/stm32f1xx_hal_rcc.o
                0x000000000800529c                HAL_RCC_GetSysClockFreq
 .text.HAL_RCC_GetHCLKFreq
                0x0000000008005358       0x14 ./Drivers/STM32F1xx_HAL_Driver/Src/stm32f1xx_hal_rcc.o
                0x0000000008005358                HAL_RCC_GetHCLKFreq
 .text.HAL_RCC_GetPCLK1Freq
                0x000000000800536c       0x28 ./Drivers/STM32F1xx_HAL_Driver/Src/stm32f1xx_hal_rcc.o
                0x000000000800536c                HAL_RCC_GetPCLK1Freq
 .text.HAL_RCC_GetPCLK2Freq
                0x0000000008005394       0x28 ./Drivers/STM32F1xx_HAL_Driver/Src/stm32f1xx_hal_rcc.o
                0x0000000008005394                HAL_RCC_GetPCLK2Freq
 .text.RCC_Delay
                0x00000000080053bc       0x3c ./Drivers/STM32F1xx_HAL_Driver/Src/stm32f1xx_hal_rcc.o
 .text.HAL_RCCEx_PeriphCLKConfig
                0x00000000080053f8      0x16c ./Drivers/STM32F1xx_HAL_Driver/Src/stm32f1xx_hal_rcc_ex.o
                0x00000000080053f8                HAL_RCCEx_PeriphCLKConfig
 .text.HAL_SPI_Init
                0x0000000008005564      0x108 ./Drivers/STM32F1xx_HAL_Driver/Src/stm32f1xx_hal_spi.o
                0x0000000008005564                HAL_SPI_Init
 .text.HAL_SPI_Receive
                0x000000000800566c      0x222 ./Drivers/STM32F1xx_HAL_Driver/Src/stm32f1xx_hal_spi.o
                0x000000000800566c                HAL_SPI_Receive
 .text.HAL_SPI_TransmitReceive
                0x000000000800588e      0x344 ./Drivers/STM32F1xx_HAL_Driver/Src/stm32f1xx_hal_spi.o
                0x000000000800588e                HAL_SPI_TransmitReceive
 *fill*         0x0000000008005bd2        0x2 
 .text.HAL_SPI_IRQHandler
                0x0000000008005bd4      0x1cc ./Drivers/STM32F1xx_HAL_Driver/Src/stm32f1xx_hal_spi.o
                0x0000000008005bd4                HAL_SPI_IRQHandler
 .text.HAL_SPI_ErrorCallback
                0x0000000008005da0       0x12 ./Drivers/STM32F1xx_HAL_Driver/Src/stm32f1xx_hal_spi.o
                0x0000000008005da0                HAL_SPI_ErrorCallback
 .text.SPI_DMAAbortOnError
                0x0000000008005db2       0x28 ./Drivers/STM32F1xx_HAL_Driver/Src/stm32f1xx_hal_spi.o
 *fill*         0x0000000008005dda        0x2 
 .text.SPI_WaitFlagStateUntilTimeout
                0x0000000008005ddc      0x110 ./Drivers/STM32F1xx_HAL_Driver/Src/stm32f1xx_hal_spi.o
 .text.SPI_EndRxTransaction
                0x0000000008005eec       0xa4 ./Drivers/STM32F1xx_HAL_Driver/Src/stm32f1xx_hal_spi.o
 .text.SPI_EndRxTxTransaction
                0x0000000008005f90       0x3c ./Drivers/STM32F1xx_HAL_Driver/Src/stm32f1xx_hal_spi.o
 .text.HAL_UART_Init
                0x0000000008005fcc       0x9a ./Drivers/STM32F1xx_HAL_Driver/Src/stm32f1xx_hal_uart.o
                0x0000000008005fcc                HAL_UART_Init
 .text.HAL_UART_Transmit
                0x0000000008006066      0x124 ./Drivers/STM32F1xx_HAL_Driver/Src/stm32f1xx_hal_uart.o
                0x0000000008006066                HAL_UART_Transmit
 .text.UART_WaitOnFlagUntilTimeout
                0x000000000800618a       0x94 ./Drivers/STM32F1xx_HAL_Driver/Src/stm32f1xx_hal_uart.o
 *fill*         0x000000000800621e        0x2 
 .text.UART_SetConfig
                0x0000000008006220      0x11c ./Drivers/STM32F1xx_HAL_Driver/Src/stm32f1xx_hal_uart.o
 .text.USB_CoreInit
                0x000000000800633c       0x20 ./Drivers/STM32F1xx_HAL_Driver/Src/stm32f1xx_ll_usb.o
                0x000000000800633c                USB_CoreInit
 .text.USB_EnableGlobalInt
                0x000000000800635c       0x2c ./Drivers/STM32F1xx_HAL_Driver/Src/stm32f1xx_ll_usb.o
                0x000000000800635c                USB_EnableGlobalInt
 .text.USB_DisableGlobalInt
                0x0000000008006388       0x34 ./Drivers/STM32F1xx_HAL_Driver/Src/stm32f1xx_ll_usb.o
                0x0000000008006388                USB_DisableGlobalInt
 .text.USB_SetCurrentMode
                0x00000000080063bc       0x18 ./Drivers/STM32F1xx_HAL_Driver/Src/stm32f1xx_ll_usb.o
                0x00000000080063bc                USB_SetCurrentMode
 .text.USB_DevInit
                0x00000000080063d4       0x40 ./Drivers/STM32F1xx_HAL_Driver/Src/stm32f1xx_ll_usb.o
                0x00000000080063d4                USB_DevInit
 .text.USB_ActivateEndpoint
                0x0000000008006414      0x6d4 ./Drivers/STM32F1xx_HAL_Driver/Src/stm32f1xx_ll_usb.o
                0x0000000008006414                USB_ActivateEndpoint
 .text.USB_DeactivateEndpoint
                0x0000000008006ae8      0x3d8 ./Drivers/STM32F1xx_HAL_Driver/Src/stm32f1xx_ll_usb.o
                0x0000000008006ae8                USB_DeactivateEndpoint
 .text.USB_EPStartXfer
                0x0000000008006ec0     0x1c70 ./Drivers/STM32F1xx_HAL_Driver/Src/stm32f1xx_ll_usb.o
                0x0000000008006ec0                USB_EPStartXfer
 .text.USB_EPSetStall
                0x0000000008008b30       0xa0 ./Drivers/STM32F1xx_HAL_Driver/Src/stm32f1xx_ll_usb.o
                0x0000000008008b30                USB_EPSetStall
 .text.USB_EPClearStall
                0x0000000008008bd0      0x15a ./Drivers/STM32F1xx_HAL_Driver/Src/stm32f1xx_ll_usb.o
                0x0000000008008bd0                USB_EPClearStall
 .text.USB_SetDevAddress
                0x0000000008008d2a       0x26 ./Drivers/STM32F1xx_HAL_Driver/Src/stm32f1xx_ll_usb.o
                0x0000000008008d2a                USB_SetDevAddress
 .text.USB_DevConnect
                0x0000000008008d50       0x14 ./Drivers/STM32F1xx_HAL_Driver/Src/stm32f1xx_ll_usb.o
                0x0000000008008d50                USB_DevConnect
 .text.USB_DevDisconnect
                0x0000000008008d64       0x14 ./Drivers/STM32F1xx_HAL_Driver/Src/stm32f1xx_ll_usb.o
                0x0000000008008d64                USB_DevDisconnect
 .text.USB_ReadInterrupts
                0x0000000008008d78       0x1e ./Drivers/STM32F1xx_HAL_Driver/Src/stm32f1xx_ll_usb.o
                0x0000000008008d78                USB_ReadInterrupts
 .text.USB_EP0_OutStart
                0x0000000008008d96       0x16 ./Drivers/STM32F1xx_HAL_Driver/Src/stm32f1xx_ll_usb.o
                0x0000000008008d96                USB_EP0_OutStart
 .text.USB_WritePMA
                0x0000000008008dac       0x8a ./Drivers/STM32F1xx_HAL_Driver/Src/stm32f1xx_ll_usb.o
                0x0000000008008dac                USB_WritePMA
 .text.USB_ReadPMA
                0x0000000008008e36       0x9e ./Drivers/STM32F1xx_HAL_Driver/Src/stm32f1xx_ll_usb.o
                0x0000000008008e36                USB_ReadPMA
 .text.USBD_CUSTOM_HID_Init
                0x0000000008008ed4       0x84 ./Middlewares/ST/STM32_USB_Device_Library/Class/CustomHID/Src/usbd_customhid.o
 .text.USBD_CUSTOM_HID_DeInit
                0x0000000008008f58       0x5c ./Middlewares/ST/STM32_USB_Device_Library/Class/CustomHID/Src/usbd_customhid.o
 .text.USBD_CUSTOM_HID_Setup
                0x0000000008008fb4      0x200 ./Middlewares/ST/STM32_USB_Device_Library/Class/CustomHID/Src/usbd_customhid.o
 .text.USBD_CUSTOM_HID_SendReport
                0x00000000080091b4       0x4e ./Middlewares/ST/STM32_USB_Device_Library/Class/CustomHID/Src/usbd_customhid.o
                0x00000000080091b4                USBD_CUSTOM_HID_SendReport
 *fill*         0x0000000008009202        0x2 
 .text.USBD_CUSTOM_HID_GetFSCfgDesc
                0x0000000008009204       0x20 ./Middlewares/ST/STM32_USB_Device_Library/Class/CustomHID/Src/usbd_customhid.o
 .text.USBD_CUSTOM_HID_GetHSCfgDesc
                0x0000000008009224       0x20 ./Middlewares/ST/STM32_USB_Device_Library/Class/CustomHID/Src/usbd_customhid.o
 .text.USBD_CUSTOM_HID_GetOtherSpeedCfgDesc
                0x0000000008009244       0x20 ./Middlewares/ST/STM32_USB_Device_Library/Class/CustomHID/Src/usbd_customhid.o
 .text.USBD_CUSTOM_HID_DataIn
                0x0000000008009264       0x24 ./Middlewares/ST/STM32_USB_Device_Library/Class/CustomHID/Src/usbd_customhid.o
 .text.USBD_CUSTOM_HID_DataOut
                0x0000000008009288       0x38 ./Middlewares/ST/STM32_USB_Device_Library/Class/CustomHID/Src/usbd_customhid.o
 .text.USBD_CUSTOM_HID_EP0_RxReady
                0x00000000080092c0       0x36 ./Middlewares/ST/STM32_USB_Device_Library/Class/CustomHID/Src/usbd_customhid.o
 *fill*         0x00000000080092f6        0x2 
 .text.USBD_CUSTOM_HID_GetDeviceQualifierDesc
                0x00000000080092f8       0x20 ./Middlewares/ST/STM32_USB_Device_Library/Class/CustomHID/Src/usbd_customhid.o
 .text.USBD_CUSTOM_HID_RegisterInterface
                0x0000000008009318       0x2c ./Middlewares/ST/STM32_USB_Device_Library/Class/CustomHID/Src/usbd_customhid.o
                0x0000000008009318                USBD_CUSTOM_HID_RegisterInterface
 .text.USBD_Init
                0x0000000008009344       0x56 ./Middlewares/ST/STM32_USB_Device_Library/Core/Src/usbd_core.o
                0x0000000008009344                USBD_Init
 .text.USBD_RegisterClass
                0x000000000800939a       0x32 ./Middlewares/ST/STM32_USB_Device_Library/Core/Src/usbd_core.o
                0x000000000800939a                USBD_RegisterClass
 .text.USBD_Start
                0x00000000080093cc       0x18 ./Middlewares/ST/STM32_USB_Device_Library/Core/Src/usbd_core.o
                0x00000000080093cc                USBD_Start
 .text.USBD_RunTestMode
                0x00000000080093e4       0x14 ./Middlewares/ST/STM32_USB_Device_Library/Core/Src/usbd_core.o
                0x00000000080093e4                USBD_RunTestMode
 .text.USBD_SetClassConfig
                0x00000000080093f8       0x3e ./Middlewares/ST/STM32_USB_Device_Library/Core/Src/usbd_core.o
                0x00000000080093f8                USBD_SetClassConfig
 .text.USBD_ClrClassConfig
                0x0000000008009436       0x26 ./Middlewares/ST/STM32_USB_Device_Library/Core/Src/usbd_core.o
                0x0000000008009436                USBD_ClrClassConfig
 .text.USBD_LL_SetupStage
                0x000000000800945c       0x9a ./Middlewares/ST/STM32_USB_Device_Library/Core/Src/usbd_core.o
                0x000000000800945c                USBD_LL_SetupStage
 .text.USBD_LL_DataOutStage
                0x00000000080094f6       0xe2 ./Middlewares/ST/STM32_USB_Device_Library/Core/Src/usbd_core.o
                0x00000000080094f6                USBD_LL_DataOutStage
 .text.USBD_LL_DataInStage
                0x00000000080095d8      0x14a ./Middlewares/ST/STM32_USB_Device_Library/Core/Src/usbd_core.o
                0x00000000080095d8                USBD_LL_DataInStage
 .text.USBD_LL_Reset
                0x0000000008009722       0x82 ./Middlewares/ST/STM32_USB_Device_Library/Core/Src/usbd_core.o
                0x0000000008009722                USBD_LL_Reset
 .text.USBD_LL_SetSpeed
                0x00000000080097a4       0x1e ./Middlewares/ST/STM32_USB_Device_Library/Core/Src/usbd_core.o
                0x00000000080097a4                USBD_LL_SetSpeed
 .text.USBD_LL_Suspend
                0x00000000080097c2       0x28 ./Middlewares/ST/STM32_USB_Device_Library/Core/Src/usbd_core.o
                0x00000000080097c2                USBD_LL_Suspend
 .text.USBD_LL_Resume
                0x00000000080097ea       0x2a ./Middlewares/ST/STM32_USB_Device_Library/Core/Src/usbd_core.o
                0x00000000080097ea                USBD_LL_Resume
 .text.USBD_LL_SOF
                0x0000000008009814       0x34 ./Middlewares/ST/STM32_USB_Device_Library/Core/Src/usbd_core.o
                0x0000000008009814                USBD_LL_SOF
 .text.USBD_StdDevReq
                0x0000000008009848       0xd4 ./Middlewares/ST/STM32_USB_Device_Library/Core/Src/usbd_ctlreq.o
                0x0000000008009848                USBD_StdDevReq
 .text.USBD_StdItfReq
                0x000000000800991c       0x90 ./Middlewares/ST/STM32_USB_Device_Library/Core/Src/usbd_ctlreq.o
                0x000000000800991c                USBD_StdItfReq
 .text.USBD_StdEPReq
                0x00000000080099ac      0x2c6 ./Middlewares/ST/STM32_USB_Device_Library/Core/Src/usbd_ctlreq.o
                0x00000000080099ac                USBD_StdEPReq
 *fill*         0x0000000008009c72        0x2 
 .text.USBD_GetDescriptor
                0x0000000008009c74      0x2d0 ./Middlewares/ST/STM32_USB_Device_Library/Core/Src/usbd_ctlreq.o
 .text.USBD_SetAddress
                0x0000000008009f44       0x86 ./Middlewares/ST/STM32_USB_Device_Library/Core/Src/usbd_ctlreq.o
 *fill*         0x0000000008009fca        0x2 
 .text.USBD_SetConfig
                0x0000000008009fcc      0x11c ./Middlewares/ST/STM32_USB_Device_Library/Core/Src/usbd_ctlreq.o
 .text.USBD_GetConfig
                0x000000000800a0e8       0x6a ./Middlewares/ST/STM32_USB_Device_Library/Core/Src/usbd_ctlreq.o
 .text.USBD_GetStatus
                0x000000000800a152       0x66 ./Middlewares/ST/STM32_USB_Device_Library/Core/Src/usbd_ctlreq.o
 .text.USBD_SetFeature
                0x000000000800a1b8       0x28 ./Middlewares/ST/STM32_USB_Device_Library/Core/Src/usbd_ctlreq.o
 .text.USBD_ClrFeature
                0x000000000800a1e0       0x42 ./Middlewares/ST/STM32_USB_Device_Library/Core/Src/usbd_ctlreq.o
 .text.USBD_ParseSetupRequest
                0x000000000800a222       0x78 ./Middlewares/ST/STM32_USB_Device_Library/Core/Src/usbd_ctlreq.o
                0x000000000800a222                USBD_ParseSetupRequest
 .text.USBD_CtlError
                0x000000000800a29a       0x22 ./Middlewares/ST/STM32_USB_Device_Library/Core/Src/usbd_ctlreq.o
                0x000000000800a29a                USBD_CtlError
 .text.USBD_GetString
                0x000000000800a2bc       0x84 ./Middlewares/ST/STM32_USB_Device_Library/Core/Src/usbd_ctlreq.o
                0x000000000800a2bc                USBD_GetString
 .text.USBD_GetLen
                0x000000000800a340       0x2e ./Middlewares/ST/STM32_USB_Device_Library/Core/Src/usbd_ctlreq.o
 .text.USBD_CtlSendData
                0x000000000800a36e       0x38 ./Middlewares/ST/STM32_USB_Device_Library/Core/Src/usbd_ioreq.o
                0x000000000800a36e                USBD_CtlSendData
 .text.USBD_CtlContinueSendData
                0x000000000800a3a6       0x24 ./Middlewares/ST/STM32_USB_Device_Library/Core/Src/usbd_ioreq.o
                0x000000000800a3a6                USBD_CtlContinueSendData
 .text.USBD_CtlPrepareRx
                0x000000000800a3ca       0x3c ./Middlewares/ST/STM32_USB_Device_Library/Core/Src/usbd_ioreq.o
                0x000000000800a3ca                USBD_CtlPrepareRx
 .text.USBD_CtlContinueRx
                0x000000000800a406       0x24 ./Middlewares/ST/STM32_USB_Device_Library/Core/Src/usbd_ioreq.o
                0x000000000800a406                USBD_CtlContinueRx
 .text.USBD_CtlSendStatus
                0x000000000800a42a       0x26 ./Middlewares/ST/STM32_USB_Device_Library/Core/Src/usbd_ioreq.o
                0x000000000800a42a                USBD_CtlSendStatus
 .text.USBD_CtlReceiveStatus
                0x000000000800a450       0x26 ./Middlewares/ST/STM32_USB_Device_Library/Core/Src/usbd_ioreq.o
                0x000000000800a450                USBD_CtlReceiveStatus
 *fill*         0x000000000800a476        0x2 
 .text.MX_USB_DEVICE_Init
                0x000000000800a478       0x60 ./USB_DEVICE/App/usb_device.o
                0x000000000800a478                MX_USB_DEVICE_Init
 .text.CUSTOM_HID_Init_FS
                0x000000000800a4d8        0xe ./USB_DEVICE/App/usbd_custom_hid_if.o
 .text.CUSTOM_HID_DeInit_FS
                0x000000000800a4e6        0xe ./USB_DEVICE/App/usbd_custom_hid_if.o
 .text.CUSTOM_HID_OutEvent_FS
                0x000000000800a4f4       0x14 ./USB_DEVICE/App/usbd_custom_hid_if.o
 .text.USBD_FS_DeviceDescriptor
                0x000000000800a508       0x24 ./USB_DEVICE/App/usbd_desc.o
                0x000000000800a508                USBD_FS_DeviceDescriptor
 .text.USBD_FS_LangIDStrDescriptor
                0x000000000800a52c       0x24 ./USB_DEVICE/App/usbd_desc.o
                0x000000000800a52c                USBD_FS_LangIDStrDescriptor
 .text.USBD_FS_ProductStrDescriptor
                0x000000000800a550       0x3c ./USB_DEVICE/App/usbd_desc.o
                0x000000000800a550                USBD_FS_ProductStrDescriptor
 .text.USBD_FS_ManufacturerStrDescriptor
                0x000000000800a58c       0x28 ./USB_DEVICE/App/usbd_desc.o
                0x000000000800a58c                USBD_FS_ManufacturerStrDescriptor
 .text.USBD_FS_SerialStrDescriptor
                0x000000000800a5b4       0x24 ./USB_DEVICE/App/usbd_desc.o
                0x000000000800a5b4                USBD_FS_SerialStrDescriptor
 .text.USBD_FS_ConfigStrDescriptor
                0x000000000800a5d8       0x3c ./USB_DEVICE/App/usbd_desc.o
                0x000000000800a5d8                USBD_FS_ConfigStrDescriptor
 .text.USBD_FS_InterfaceStrDescriptor
                0x000000000800a614       0x3c ./USB_DEVICE/App/usbd_desc.o
                0x000000000800a614                USBD_FS_InterfaceStrDescriptor
 .text.Get_SerialNum
                0x000000000800a650       0x58 ./USB_DEVICE/App/usbd_desc.o
 .text.IntToUnicode
                0x000000000800a6a8       0x7c ./USB_DEVICE/App/usbd_desc.o
 .text.HAL_PCD_MspInit
                0x000000000800a724       0x4c ./USB_DEVICE/Target/usbd_conf.o
                0x000000000800a724                HAL_PCD_MspInit
 .text.HAL_PCD_SetupStageCallback
                0x000000000800a770       0x24 ./USB_DEVICE/Target/usbd_conf.o
                0x000000000800a770                HAL_PCD_SetupStageCallback
 .text.HAL_PCD_DataOutStageCallback
                0x000000000800a794       0x36 ./USB_DEVICE/Target/usbd_conf.o
                0x000000000800a794                HAL_PCD_DataOutStageCallback
 .text.HAL_PCD_DataInStageCallback
                0x000000000800a7ca       0x34 ./USB_DEVICE/Target/usbd_conf.o
                0x000000000800a7ca                HAL_PCD_DataInStageCallback
 .text.HAL_PCD_SOFCallback
                0x000000000800a7fe       0x1c ./USB_DEVICE/Target/usbd_conf.o
                0x000000000800a7fe                HAL_PCD_SOFCallback
 .text.HAL_PCD_ResetCallback
                0x000000000800a81a       0x3c ./USB_DEVICE/Target/usbd_conf.o
                0x000000000800a81a                HAL_PCD_ResetCallback
 *fill*         0x000000000800a856        0x2 
 .text.HAL_PCD_SuspendCallback
                0x000000000800a858       0x34 ./USB_DEVICE/Target/usbd_conf.o
                0x000000000800a858                HAL_PCD_SuspendCallback
 .text.HAL_PCD_ResumeCallback
                0x000000000800a88c       0x1c ./USB_DEVICE/Target/usbd_conf.o
                0x000000000800a88c                HAL_PCD_ResumeCallback
 .text.USBD_LL_Init
                0x000000000800a8a8       0xa0 ./USB_DEVICE/Target/usbd_conf.o
                0x000000000800a8a8                USBD_LL_Init
 .text.USBD_LL_Start
                0x000000000800a948       0x36 ./USB_DEVICE/Target/usbd_conf.o
                0x000000000800a948                USBD_LL_Start
 .text.USBD_LL_OpenEP
                0x000000000800a97e       0x4c ./USB_DEVICE/Target/usbd_conf.o
                0x000000000800a97e                USBD_LL_OpenEP
 .text.USBD_LL_CloseEP
                0x000000000800a9ca       0x3e ./USB_DEVICE/Target/usbd_conf.o
                0x000000000800a9ca                USBD_LL_CloseEP
 .text.USBD_LL_StallEP
                0x000000000800aa08       0x3e ./USB_DEVICE/Target/usbd_conf.o
                0x000000000800aa08                USBD_LL_StallEP
 .text.USBD_LL_ClearStallEP
                0x000000000800aa46       0x3e ./USB_DEVICE/Target/usbd_conf.o
                0x000000000800aa46                USBD_LL_ClearStallEP
 .text.USBD_LL_IsStallEP
                0x000000000800aa84       0x58 ./USB_DEVICE/Target/usbd_conf.o
                0x000000000800aa84                USBD_LL_IsStallEP
 .text.USBD_LL_SetUSBAddress
                0x000000000800aadc       0x3e ./USB_DEVICE/Target/usbd_conf.o
                0x000000000800aadc                USBD_LL_SetUSBAddress
 .text.USBD_LL_Transmit
                0x000000000800ab1a       0x46 ./USB_DEVICE/Target/usbd_conf.o
                0x000000000800ab1a                USBD_LL_Transmit
 .text.USBD_LL_PrepareReceive
                0x000000000800ab60       0x46 ./USB_DEVICE/Target/usbd_conf.o
                0x000000000800ab60                USBD_LL_PrepareReceive
 *fill*         0x000000000800aba6        0x2 
 .text.USBD_static_malloc
                0x000000000800aba8       0x18 ./USB_DEVICE/Target/usbd_conf.o
                0x000000000800aba8                USBD_static_malloc
 .text.USBD_static_free
                0x000000000800abc0       0x12 ./USB_DEVICE/Target/usbd_conf.o
                0x000000000800abc0                USBD_static_free
 .text.HAL_PCDEx_SetConnectionState
                0x000000000800abd2       0x16 ./USB_DEVICE/Target/usbd_conf.o
                0x000000000800abd2                HAL_PCDEx_SetConnectionState
 .text.USBD_Get_USB_Status
                0x000000000800abe8       0x58 ./USB_DEVICE/Target/usbd_conf.o
 .text.atoi     0x000000000800ac40        0x8 c:/st/stm32cubeide_1.9.0/stm32cubeide/plugins/com.st.stm32cube.ide.mcu.externaltools.gnu-tools-for-stm32.10.3-2021.10.win32_1.0.0.202111181127/tools/bin/../lib/gcc/arm-none-eabi/10.3.1/../../../../arm-none-eabi/lib/thumb/v7-m/nofp\libc_nano.a(lib_a-atoi.o)
                0x000000000800ac40                atoi
 .text.__errno  0x000000000800ac48        0xc c:/st/stm32cubeide_1.9.0/stm32cubeide/plugins/com.st.stm32cube.ide.mcu.externaltools.gnu-tools-for-stm32.10.3-2021.10.win32_1.0.0.202111181127/tools/bin/../lib/gcc/arm-none-eabi/10.3.1/../../../../arm-none-eabi/lib/thumb/v7-m/nofp\libc_nano.a(lib_a-errno.o)
                0x000000000800ac48                __errno
 .text.__libc_init_array
                0x000000000800ac54       0x48 c:/st/stm32cubeide_1.9.0/stm32cubeide/plugins/com.st.stm32cube.ide.mcu.externaltools.gnu-tools-for-stm32.10.3-2021.10.win32_1.0.0.202111181127/tools/bin/../lib/gcc/arm-none-eabi/10.3.1/../../../../arm-none-eabi/lib/thumb/v7-m/nofp\libc_nano.a(lib_a-init.o)
                0x000000000800ac54                __libc_init_array
 .text.memset   0x000000000800ac9c       0x10 c:/st/stm32cubeide_1.9.0/stm32cubeide/plugins/com.st.stm32cube.ide.mcu.externaltools.gnu-tools-for-stm32.10.3-2021.10.win32_1.0.0.202111181127/tools/bin/../lib/gcc/arm-none-eabi/10.3.1/../../../../arm-none-eabi/lib/thumb/v7-m/nofp\libc_nano.a(lib_a-memset.o)
                0x000000000800ac9c                memset
 .text.sprintf  0x000000000800acac       0x40 c:/st/stm32cubeide_1.9.0/stm32cubeide/plugins/com.st.stm32cube.ide.mcu.externaltools.gnu-tools-for-stm32.10.3-2021.10.win32_1.0.0.202111181127/tools/bin/../lib/gcc/arm-none-eabi/10.3.1/../../../../arm-none-eabi/lib/thumb/v7-m/nofp\libc_nano.a(lib_a-sprintf.o)
                0x000000000800acac                siprintf
                0x000000000800acac                sprintf
 .text.strcpy   0x000000000800acec       0x10 c:/st/stm32cubeide_1.9.0/stm32cubeide/plugins/com.st.stm32cube.ide.mcu.externaltools.gnu-tools-for-stm32.10.3-2021.10.win32_1.0.0.202111181127/tools/bin/../lib/gcc/arm-none-eabi/10.3.1/../../../../arm-none-eabi/lib/thumb/v7-m/nofp\libc_nano.a(lib_a-strcpy.o)
                0x000000000800acec                strcpy
 .text.strtok   0x000000000800acfc       0x68 c:/st/stm32cubeide_1.9.0/stm32cubeide/plugins/com.st.stm32cube.ide.mcu.externaltools.gnu-tools-for-stm32.10.3-2021.10.win32_1.0.0.202111181127/tools/bin/../lib/gcc/arm-none-eabi/10.3.1/../../../../arm-none-eabi/lib/thumb/v7-m/nofp\libc_nano.a(lib_a-strtok.o)
                0x000000000800acfc                strtok
 .text.__strtok_r
                0x000000000800ad64       0x50 c:/st/stm32cubeide_1.9.0/stm32cubeide/plugins/com.st.stm32cube.ide.mcu.externaltools.gnu-tools-for-stm32.10.3-2021.10.win32_1.0.0.202111181127/tools/bin/../lib/gcc/arm-none-eabi/10.3.1/../../../../arm-none-eabi/lib/thumb/v7-m/nofp\libc_nano.a(lib_a-strtok_r.o)
                0x000000000800ad64                __strtok_r
 .text._strtol_l.constprop.0
                0x000000000800adb4       0xf8 c:/st/stm32cubeide_1.9.0/stm32cubeide/plugins/com.st.stm32cube.ide.mcu.externaltools.gnu-tools-for-stm32.10.3-2021.10.win32_1.0.0.202111181127/tools/bin/../lib/gcc/arm-none-eabi/10.3.1/../../../../arm-none-eabi/lib/thumb/v7-m/nofp\libc_nano.a(lib_a-strtol.o)
 .text.strtol   0x000000000800aeac       0x14 c:/st/stm32cubeide_1.9.0/stm32cubeide/plugins/com.st.stm32cube.ide.mcu.externaltools.gnu-tools-for-stm32.10.3-2021.10.win32_1.0.0.202111181127/tools/bin/../lib/gcc/arm-none-eabi/10.3.1/../../../../arm-none-eabi/lib/thumb/v7-m/nofp\libc_nano.a(lib_a-strtol.o)
                0x000000000800aeac                strtol
 .text.__assert_func
                0x000000000800aec0       0x3c c:/st/stm32cubeide_1.9.0/stm32cubeide/plugins/com.st.stm32cube.ide.mcu.externaltools.gnu-tools-for-stm32.10.3-2021.10.win32_1.0.0.202111181127/tools/bin/../lib/gcc/arm-none-eabi/10.3.1/../../../../arm-none-eabi/lib/thumb/v7-m/nofp\libc_nano.a(lib_a-assert.o)
                0x000000000800aec0                __assert_func
 .text.fprintf  0x000000000800aefc       0x24 c:/st/stm32cubeide_1.9.0/stm32cubeide/plugins/com.st.stm32cube.ide.mcu.externaltools.gnu-tools-for-stm32.10.3-2021.10.win32_1.0.0.202111181127/tools/bin/../lib/gcc/arm-none-eabi/10.3.1/../../../../arm-none-eabi/lib/thumb/v7-m/nofp\libc_nano.a(lib_a-fprintf.o)
                0x000000000800aefc                fiprintf
                0x000000000800aefc                fprintf
 .text.malloc   0x000000000800af20       0x10 c:/st/stm32cubeide_1.9.0/stm32cubeide/plugins/com.st.stm32cube.ide.mcu.externaltools.gnu-tools-for-stm32.10.3-2021.10.win32_1.0.0.202111181127/tools/bin/../lib/gcc/arm-none-eabi/10.3.1/../../../../arm-none-eabi/lib/thumb/v7-m/nofp\libc_nano.a(lib_a-malloc.o)
                0x000000000800af20                malloc
 .text._free_r  0x000000000800af30       0x90 c:/st/stm32cubeide_1.9.0/stm32cubeide/plugins/com.st.stm32cube.ide.mcu.externaltools.gnu-tools-for-stm32.10.3-2021.10.win32_1.0.0.202111181127/tools/bin/../lib/gcc/arm-none-eabi/10.3.1/../../../../arm-none-eabi/lib/thumb/v7-m/nofp\libc_nano.a(lib_a-nano-freer.o)
                0x000000000800af30                _free_r
 .text.sbrk_aligned
                0x000000000800afc0       0x40 c:/st/stm32cubeide_1.9.0/stm32cubeide/plugins/com.st.stm32cube.ide.mcu.externaltools.gnu-tools-for-stm32.10.3-2021.10.win32_1.0.0.202111181127/tools/bin/../lib/gcc/arm-none-eabi/10.3.1/../../../../arm-none-eabi/lib/thumb/v7-m/nofp\libc_nano.a(lib_a-nano-mallocr.o)
 .text._malloc_r
                0x000000000800b000       0xe8 c:/st/stm32cubeide_1.9.0/stm32cubeide/plugins/com.st.stm32cube.ide.mcu.externaltools.gnu-tools-for-stm32.10.3-2021.10.win32_1.0.0.202111181127/tools/bin/../lib/gcc/arm-none-eabi/10.3.1/../../../../arm-none-eabi/lib/thumb/v7-m/nofp\libc_nano.a(lib_a-nano-mallocr.o)
                0x000000000800b000                _malloc_r
 .text.__ssputs_r
                0x000000000800b0e8       0xb6 c:/st/stm32cubeide_1.9.0/stm32cubeide/plugins/com.st.stm32cube.ide.mcu.externaltools.gnu-tools-for-stm32.10.3-2021.10.win32_1.0.0.202111181127/tools/bin/../lib/gcc/arm-none-eabi/10.3.1/../../../../arm-none-eabi/lib/thumb/v7-m/nofp\libc_nano.a(lib_a-nano-svfprintf.o)
                0x000000000800b0e8                __ssputs_r
 *fill*         0x000000000800b19e        0x2 
 .text._svfprintf_r
                0x000000000800b1a0      0x200 c:/st/stm32cubeide_1.9.0/stm32cubeide/plugins/com.st.stm32cube.ide.mcu.externaltools.gnu-tools-for-stm32.10.3-2021.10.win32_1.0.0.202111181127/tools/bin/../lib/gcc/arm-none-eabi/10.3.1/../../../../arm-none-eabi/lib/thumb/v7-m/nofp\libc_nano.a(lib_a-nano-svfprintf.o)
                0x000000000800b1a0                _svfiprintf_r
                0x000000000800b1a0                _svfprintf_r
 .text.__sfputc_r
                0x000000000800b3a0       0x2a c:/st/stm32cubeide_1.9.0/stm32cubeide/plugins/com.st.stm32cube.ide.mcu.externaltools.gnu-tools-for-stm32.10.3-2021.10.win32_1.0.0.202111181127/tools/bin/../lib/gcc/arm-none-eabi/10.3.1/../../../../arm-none-eabi/lib/thumb/v7-m/nofp\libc_nano.a(lib_a-nano-vfprintf.o)
 .text.__sfputs_r
                0x000000000800b3ca       0x24 c:/st/stm32cubeide_1.9.0/stm32cubeide/plugins/com.st.stm32cube.ide.mcu.externaltools.gnu-tools-for-stm32.10.3-2021.10.win32_1.0.0.202111181127/tools/bin/../lib/gcc/arm-none-eabi/10.3.1/../../../../arm-none-eabi/lib/thumb/v7-m/nofp\libc_nano.a(lib_a-nano-vfprintf.o)
                0x000000000800b3ca                __sfputs_r
 *fill*         0x000000000800b3ee        0x2 
 .text._vfprintf_r
                0x000000000800b3f0      0x260 c:/st/stm32cubeide_1.9.0/stm32cubeide/plugins/com.st.stm32cube.ide.mcu.externaltools.gnu-tools-for-stm32.10.3-2021.10.win32_1.0.0.202111181127/tools/bin/../lib/gcc/arm-none-eabi/10.3.1/../../../../arm-none-eabi/lib/thumb/v7-m/nofp\libc_nano.a(lib_a-nano-vfprintf.o)
                0x000000000800b3f0                _vfprintf_r
                0x000000000800b3f0                _vfiprintf_r
 .text._printf_common
                0x000000000800b650       0xde c:/st/stm32cubeide_1.9.0/stm32cubeide/plugins/com.st.stm32cube.ide.mcu.externaltools.gnu-tools-for-stm32.10.3-2021.10.win32_1.0.0.202111181127/tools/bin/../lib/gcc/arm-none-eabi/10.3.1/../../../../arm-none-eabi/lib/thumb/v7-m/nofp\libc_nano.a(lib_a-nano-vfprintf_i.o)
                0x000000000800b650                _printf_common
 *fill*         0x000000000800b72e        0x2 
 .text._printf_i
                0x000000000800b730      0x24c c:/st/stm32cubeide_1.9.0/stm32cubeide/plugins/com.st.stm32cube.ide.mcu.externaltools.gnu-tools-for-stm32.10.3-2021.10.win32_1.0.0.202111181127/tools/bin/../lib/gcc/arm-none-eabi/10.3.1/../../../../arm-none-eabi/lib/thumb/v7-m/nofp\libc_nano.a(lib_a-nano-vfprintf_i.o)
                0x000000000800b730                _printf_i
 .text._sbrk_r  0x000000000800b97c       0x20 c:/st/stm32cubeide_1.9.0/stm32cubeide/plugins/com.st.stm32cube.ide.mcu.externaltools.gnu-tools-for-stm32.10.3-2021.10.win32_1.0.0.202111181127/tools/bin/../lib/gcc/arm-none-eabi/10.3.1/../../../../arm-none-eabi/lib/thumb/v7-m/nofp\libc_nano.a(lib_a-sbrkr.o)
                0x000000000800b97c                _sbrk_r
 .text.__swbuf_r
                0x000000000800b99c       0xa4 c:/st/stm32cubeide_1.9.0/stm32cubeide/plugins/com.st.stm32cube.ide.mcu.externaltools.gnu-tools-for-stm32.10.3-2021.10.win32_1.0.0.202111181127/tools/bin/../lib/gcc/arm-none-eabi/10.3.1/../../../../arm-none-eabi/lib/thumb/v7-m/nofp\libc_nano.a(lib_a-wbuf.o)
                0x000000000800b99c                __swbuf_r
 .text.__swsetup_r
                0x000000000800ba40       0xdc c:/st/stm32cubeide_1.9.0/stm32cubeide/plugins/com.st.stm32cube.ide.mcu.externaltools.gnu-tools-for-stm32.10.3-2021.10.win32_1.0.0.202111181127/tools/bin/../lib/gcc/arm-none-eabi/10.3.1/../../../../arm-none-eabi/lib/thumb/v7-m/nofp\libc_nano.a(lib_a-wsetup.o)
                0x000000000800ba40                __swsetup_r
 .text.abort    0x000000000800bb1c        0xe c:/st/stm32cubeide_1.9.0/stm32cubeide/plugins/com.st.stm32cube.ide.mcu.externaltools.gnu-tools-for-stm32.10.3-2021.10.win32_1.0.0.202111181127/tools/bin/../lib/gcc/arm-none-eabi/10.3.1/../../../../arm-none-eabi/lib/thumb/v7-m/nofp\libc_nano.a(lib_a-abort.o)
                0x000000000800bb1c                abort
 *fill*         0x000000000800bb2a        0x2 
 .text.__sflush_r
                0x000000000800bb2c      0x104 c:/st/stm32cubeide_1.9.0/stm32cubeide/plugins/com.st.stm32cube.ide.mcu.externaltools.gnu-tools-for-stm32.10.3-2021.10.win32_1.0.0.202111181127/tools/bin/../lib/gcc/arm-none-eabi/10.3.1/../../../../arm-none-eabi/lib/thumb/v7-m/nofp\libc_nano.a(lib_a-fflush.o)
                0x000000000800bb2c                __sflush_r
 .text._fflush_r
                0x000000000800bc30       0x78 c:/st/stm32cubeide_1.9.0/stm32cubeide/plugins/com.st.stm32cube.ide.mcu.externaltools.gnu-tools-for-stm32.10.3-2021.10.win32_1.0.0.202111181127/tools/bin/../lib/gcc/arm-none-eabi/10.3.1/../../../../arm-none-eabi/lib/thumb/v7-m/nofp\libc_nano.a(lib_a-fflush.o)
                0x000000000800bc30                _fflush_r
 .text.std      0x000000000800bca8       0x48 c:/st/stm32cubeide_1.9.0/stm32cubeide/plugins/com.st.stm32cube.ide.mcu.externaltools.gnu-tools-for-stm32.10.3-2021.10.win32_1.0.0.202111181127/tools/bin/../lib/gcc/arm-none-eabi/10.3.1/../../../../arm-none-eabi/lib/thumb/v7-m/nofp\libc_nano.a(lib_a-findfp.o)
 .text._cleanup_r
                0x000000000800bcf0        0xc c:/st/stm32cubeide_1.9.0/stm32cubeide/plugins/com.st.stm32cube.ide.mcu.externaltools.gnu-tools-for-stm32.10.3-2021.10.win32_1.0.0.202111181127/tools/bin/../lib/gcc/arm-none-eabi/10.3.1/../../../../arm-none-eabi/lib/thumb/v7-m/nofp\libc_nano.a(lib_a-findfp.o)
                0x000000000800bcf0                _cleanup_r
 .text.__sfmoreglue
                0x000000000800bcfc       0x2c c:/st/stm32cubeide_1.9.0/stm32cubeide/plugins/com.st.stm32cube.ide.mcu.externaltools.gnu-tools-for-stm32.10.3-2021.10.win32_1.0.0.202111181127/tools/bin/../lib/gcc/arm-none-eabi/10.3.1/../../../../arm-none-eabi/lib/thumb/v7-m/nofp\libc_nano.a(lib_a-findfp.o)
                0x000000000800bcfc                __sfmoreglue
 .text.__sfp_lock_acquire
                0x000000000800bd28        0xc c:/st/stm32cubeide_1.9.0/stm32cubeide/plugins/com.st.stm32cube.ide.mcu.externaltools.gnu-tools-for-stm32.10.3-2021.10.win32_1.0.0.202111181127/tools/bin/../lib/gcc/arm-none-eabi/10.3.1/../../../../arm-none-eabi/lib/thumb/v7-m/nofp\libc_nano.a(lib_a-findfp.o)
                0x000000000800bd28                __sfp_lock_acquire
 .text.__sfp_lock_release
                0x000000000800bd34        0xc c:/st/stm32cubeide_1.9.0/stm32cubeide/plugins/com.st.stm32cube.ide.mcu.externaltools.gnu-tools-for-stm32.10.3-2021.10.win32_1.0.0.202111181127/tools/bin/../lib/gcc/arm-none-eabi/10.3.1/../../../../arm-none-eabi/lib/thumb/v7-m/nofp\libc_nano.a(lib_a-findfp.o)
                0x000000000800bd34                __sfp_lock_release
 .text.__sinit_lock_acquire
                0x000000000800bd40        0xc c:/st/stm32cubeide_1.9.0/stm32cubeide/plugins/com.st.stm32cube.ide.mcu.externaltools.gnu-tools-for-stm32.10.3-2021.10.win32_1.0.0.202111181127/tools/bin/../lib/gcc/arm-none-eabi/10.3.1/../../../../arm-none-eabi/lib/thumb/v7-m/nofp\libc_nano.a(lib_a-findfp.o)
                0x000000000800bd40                __sinit_lock_acquire
 .text.__sinit_lock_release
                0x000000000800bd4c        0xc c:/st/stm32cubeide_1.9.0/stm32cubeide/plugins/com.st.stm32cube.ide.mcu.externaltools.gnu-tools-for-stm32.10.3-2021.10.win32_1.0.0.202111181127/tools/bin/../lib/gcc/arm-none-eabi/10.3.1/../../../../arm-none-eabi/lib/thumb/v7-m/nofp\libc_nano.a(lib_a-findfp.o)
                0x000000000800bd4c                __sinit_lock_release
 .text.__sinit  0x000000000800bd58       0x70 c:/st/stm32cubeide_1.9.0/stm32cubeide/plugins/com.st.stm32cube.ide.mcu.externaltools.gnu-tools-for-stm32.10.3-2021.10.win32_1.0.0.202111181127/tools/bin/../lib/gcc/arm-none-eabi/10.3.1/../../../../arm-none-eabi/lib/thumb/v7-m/nofp\libc_nano.a(lib_a-findfp.o)
                0x000000000800bd58                __sinit
 .text.__sfp    0x000000000800bdc8       0x8c c:/st/stm32cubeide_1.9.0/stm32cubeide/plugins/com.st.stm32cube.ide.mcu.externaltools.gnu-tools-for-stm32.10.3-2021.10.win32_1.0.0.202111181127/tools/bin/../lib/gcc/arm-none-eabi/10.3.1/../../../../arm-none-eabi/lib/thumb/v7-m/nofp\libc_nano.a(lib_a-findfp.o)
                0x000000000800bdc8                __sfp
 .text._fwalk_reent
                0x000000000800be54       0x3e c:/st/stm32cubeide_1.9.0/stm32cubeide/plugins/com.st.stm32cube.ide.mcu.externaltools.gnu-tools-for-stm32.10.3-2021.10.win32_1.0.0.202111181127/tools/bin/../lib/gcc/arm-none-eabi/10.3.1/../../../../arm-none-eabi/lib/thumb/v7-m/nofp\libc_nano.a(lib_a-fwalk.o)
                0x000000000800be54                _fwalk_reent
 .text.__retarget_lock_init_recursive
                0x000000000800be92        0x2 c:/st/stm32cubeide_1.9.0/stm32cubeide/plugins/com.st.stm32cube.ide.mcu.externaltools.gnu-tools-for-stm32.10.3-2021.10.win32_1.0.0.202111181127/tools/bin/../lib/gcc/arm-none-eabi/10.3.1/../../../../arm-none-eabi/lib/thumb/v7-m/nofp\libc_nano.a(lib_a-lock.o)
                0x000000000800be92                __retarget_lock_init_recursive
 .text.__retarget_lock_acquire_recursive
                0x000000000800be94        0x2 c:/st/stm32cubeide_1.9.0/stm32cubeide/plugins/com.st.stm32cube.ide.mcu.externaltools.gnu-tools-for-stm32.10.3-2021.10.win32_1.0.0.202111181127/tools/bin/../lib/gcc/arm-none-eabi/10.3.1/../../../../arm-none-eabi/lib/thumb/v7-m/nofp\libc_nano.a(lib_a-lock.o)
                0x000000000800be94                __retarget_lock_acquire_recursive
 .text.__retarget_lock_release_recursive
                0x000000000800be96        0x2 c:/st/stm32cubeide_1.9.0/stm32cubeide/plugins/com.st.stm32cube.ide.mcu.externaltools.gnu-tools-for-stm32.10.3-2021.10.win32_1.0.0.202111181127/tools/bin/../lib/gcc/arm-none-eabi/10.3.1/../../../../arm-none-eabi/lib/thumb/v7-m/nofp\libc_nano.a(lib_a-lock.o)
                0x000000000800be96                __retarget_lock_release_recursive
 .text.__swhatbuf_r
                0x000000000800be98       0x4a c:/st/stm32cubeide_1.9.0/stm32cubeide/plugins/com.st.stm32cube.ide.mcu.externaltools.gnu-tools-for-stm32.10.3-2021.10.win32_1.0.0.202111181127/tools/bin/../lib/gcc/arm-none-eabi/10.3.1/../../../../arm-none-eabi/lib/thumb/v7-m/nofp\libc_nano.a(lib_a-makebuf.o)
                0x000000000800be98                __swhatbuf_r
 *fill*         0x000000000800bee2        0x2 
 .text.__smakebuf_r
                0x000000000800bee4       0x80 c:/st/stm32cubeide_1.9.0/stm32cubeide/plugins/com.st.stm32cube.ide.mcu.externaltools.gnu-tools-for-stm32.10.3-2021.10.win32_1.0.0.202111181127/tools/bin/../lib/gcc/arm-none-eabi/10.3.1/../../../../arm-none-eabi/lib/thumb/v7-m/nofp\libc_nano.a(lib_a-makebuf.o)
                0x000000000800bee4                __smakebuf_r
 .text.memchr   0x000000000800bf64       0x1c c:/st/stm32cubeide_1.9.0/stm32cubeide/plugins/com.st.stm32cube.ide.mcu.externaltools.gnu-tools-for-stm32.10.3-2021.10.win32_1.0.0.202111181127/tools/bin/../lib/gcc/arm-none-eabi/10.3.1/../../../../arm-none-eabi/lib/thumb/v7-m/nofp\libc_nano.a(lib_a-memchr-stub.o)
                0x000000000800bf64                memchr
 .text.memcpy   0x000000000800bf80       0x1c c:/st/stm32cubeide_1.9.0/stm32cubeide/plugins/com.st.stm32cube.ide.mcu.externaltools.gnu-tools-for-stm32.10.3-2021.10.win32_1.0.0.202111181127/tools/bin/../lib/gcc/arm-none-eabi/10.3.1/../../../../arm-none-eabi/lib/thumb/v7-m/nofp\libc_nano.a(lib_a-memcpy-stub.o)
                0x000000000800bf80                memcpy
 .text.memmove  0x000000000800bf9c       0x34 c:/st/stm32cubeide_1.9.0/stm32cubeide/plugins/com.st.stm32cube.ide.mcu.externaltools.gnu-tools-for-stm32.10.3-2021.10.win32_1.0.0.202111181127/tools/bin/../lib/gcc/arm-none-eabi/10.3.1/../../../../arm-none-eabi/lib/thumb/v7-m/nofp\libc_nano.a(lib_a-memmove.o)
                0x000000000800bf9c                memmove
 .text.__malloc_lock
                0x000000000800bfd0        0xc c:/st/stm32cubeide_1.9.0/stm32cubeide/plugins/com.st.stm32cube.ide.mcu.externaltools.gnu-tools-for-stm32.10.3-2021.10.win32_1.0.0.202111181127/tools/bin/../lib/gcc/arm-none-eabi/10.3.1/../../../../arm-none-eabi/lib/thumb/v7-m/nofp\libc_nano.a(lib_a-mlock.o)
                0x000000000800bfd0                __malloc_lock
 .text.__malloc_unlock
                0x000000000800bfdc        0xc c:/st/stm32cubeide_1.9.0/stm32cubeide/plugins/com.st.stm32cube.ide.mcu.externaltools.gnu-tools-for-stm32.10.3-2021.10.win32_1.0.0.202111181127/tools/bin/../lib/gcc/arm-none-eabi/10.3.1/../../../../arm-none-eabi/lib/thumb/v7-m/nofp\libc_nano.a(lib_a-mlock.o)
                0x000000000800bfdc                __malloc_unlock
 .text._realloc_r
                0x000000000800bfe8       0x5e c:/st/stm32cubeide_1.9.0/stm32cubeide/plugins/com.st.stm32cube.ide.mcu.externaltools.gnu-tools-for-stm32.10.3-2021.10.win32_1.0.0.202111181127/tools/bin/../lib/gcc/arm-none-eabi/10.3.1/../../../../arm-none-eabi/lib/thumb/v7-m/nofp\libc_nano.a(lib_a-nano-reallocr.o)
                0x000000000800bfe8                _realloc_r
 .text._raise_r
                0x000000000800c046       0x50 c:/st/stm32cubeide_1.9.0/stm32cubeide/plugins/com.st.stm32cube.ide.mcu.externaltools.gnu-tools-for-stm32.10.3-2021.10.win32_1.0.0.202111181127/tools/bin/../lib/gcc/arm-none-eabi/10.3.1/../../../../arm-none-eabi/lib/thumb/v7-m/nofp\libc_nano.a(lib_a-signal.o)
                0x000000000800c046                _raise_r
 *fill*         0x000000000800c096        0x2 
 .text.raise    0x000000000800c098       0x10 c:/st/stm32cubeide_1.9.0/stm32cubeide/plugins/com.st.stm32cube.ide.mcu.externaltools.gnu-tools-for-stm32.10.3-2021.10.win32_1.0.0.202111181127/tools/bin/../lib/gcc/arm-none-eabi/10.3.1/../../../../arm-none-eabi/lib/thumb/v7-m/nofp\libc_nano.a(lib_a-signal.o)
                0x000000000800c098                raise
 .text._kill_r  0x000000000800c0a8       0x24 c:/st/stm32cubeide_1.9.0/stm32cubeide/plugins/com.st.stm32cube.ide.mcu.externaltools.gnu-tools-for-stm32.10.3-2021.10.win32_1.0.0.202111181127/tools/bin/../lib/gcc/arm-none-eabi/10.3.1/../../../../arm-none-eabi/lib/thumb/v7-m/nofp\libc_nano.a(lib_a-signalr.o)
                0x000000000800c0a8                _kill_r
 .text._getpid_r
                0x000000000800c0cc        0x4 c:/st/stm32cubeide_1.9.0/stm32cubeide/plugins/com.st.stm32cube.ide.mcu.externaltools.gnu-tools-for-stm32.10.3-2021.10.win32_1.0.0.202111181127/tools/bin/../lib/gcc/arm-none-eabi/10.3.1/../../../../arm-none-eabi/lib/thumb/v7-m/nofp\libc_nano.a(lib_a-signalr.o)
                0x000000000800c0cc                _getpid_r
 .text.__sread  0x000000000800c0d0       0x22 c:/st/stm32cubeide_1.9.0/stm32cubeide/plugins/com.st.stm32cube.ide.mcu.externaltools.gnu-tools-for-stm32.10.3-2021.10.win32_1.0.0.202111181127/tools/bin/../lib/gcc/arm-none-eabi/10.3.1/../../../../arm-none-eabi/lib/thumb/v7-m/nofp\libc_nano.a(lib_a-stdio.o)
                0x000000000800c0d0                __sread
 .text.__swrite
                0x000000000800c0f2       0x38 c:/st/stm32cubeide_1.9.0/stm32cubeide/plugins/com.st.stm32cube.ide.mcu.externaltools.gnu-tools-for-stm32.10.3-2021.10.win32_1.0.0.202111181127/tools/bin/../lib/gcc/arm-none-eabi/10.3.1/../../../../arm-none-eabi/lib/thumb/v7-m/nofp\libc_nano.a(lib_a-stdio.o)
                0x000000000800c0f2                __swrite
 .text.__sseek  0x000000000800c12a       0x24 c:/st/stm32cubeide_1.9.0/stm32cubeide/plugins/com.st.stm32cube.ide.mcu.externaltools.gnu-tools-for-stm32.10.3-2021.10.win32_1.0.0.202111181127/tools/bin/../lib/gcc/arm-none-eabi/10.3.1/../../../../arm-none-eabi/lib/thumb/v7-m/nofp\libc_nano.a(lib_a-stdio.o)
                0x000000000800c12a                __sseek
 .text.__sclose
                0x000000000800c14e        0x8 c:/st/stm32cubeide_1.9.0/stm32cubeide/plugins/com.st.stm32cube.ide.mcu.externaltools.gnu-tools-for-stm32.10.3-2021.10.win32_1.0.0.202111181127/tools/bin/../lib/gcc/arm-none-eabi/10.3.1/../../../../arm-none-eabi/lib/thumb/v7-m/nofp\libc_nano.a(lib_a-stdio.o)
                0x000000000800c14e                __sclose
 *fill*         0x000000000800c156        0x2 
 .text._write_r
                0x000000000800c158       0x24 c:/st/stm32cubeide_1.9.0/stm32cubeide/plugins/com.st.stm32cube.ide.mcu.externaltools.gnu-tools-for-stm32.10.3-2021.10.win32_1.0.0.202111181127/tools/bin/../lib/gcc/arm-none-eabi/10.3.1/../../../../arm-none-eabi/lib/thumb/v7-m/nofp\libc_nano.a(lib_a-writer.o)
                0x000000000800c158                _write_r
 .text._close_r
                0x000000000800c17c       0x20 c:/st/stm32cubeide_1.9.0/stm32cubeide/plugins/com.st.stm32cube.ide.mcu.externaltools.gnu-tools-for-stm32.10.3-2021.10.win32_1.0.0.202111181127/tools/bin/../lib/gcc/arm-none-eabi/10.3.1/../../../../arm-none-eabi/lib/thumb/v7-m/nofp\libc_nano.a(lib_a-closer.o)
                0x000000000800c17c                _close_r
 .text._fstat_r
                0x000000000800c19c       0x24 c:/st/stm32cubeide_1.9.0/stm32cubeide/plugins/com.st.stm32cube.ide.mcu.externaltools.gnu-tools-for-stm32.10.3-2021.10.win32_1.0.0.202111181127/tools/bin/../lib/gcc/arm-none-eabi/10.3.1/../../../../arm-none-eabi/lib/thumb/v7-m/nofp\libc_nano.a(lib_a-fstatr.o)
                0x000000000800c19c                _fstat_r
 .text._isatty_r
                0x000000000800c1c0       0x20 c:/st/stm32cubeide_1.9.0/stm32cubeide/plugins/com.st.stm32cube.ide.mcu.externaltools.gnu-tools-for-stm32.10.3-2021.10.win32_1.0.0.202111181127/tools/bin/../lib/gcc/arm-none-eabi/10.3.1/../../../../arm-none-eabi/lib/thumb/v7-m/nofp\libc_nano.a(lib_a-isattyr.o)
                0x000000000800c1c0                _isatty_r
 .text._lseek_r
                0x000000000800c1e0       0x24 c:/st/stm32cubeide_1.9.0/stm32cubeide/plugins/com.st.stm32cube.ide.mcu.externaltools.gnu-tools-for-stm32.10.3-2021.10.win32_1.0.0.202111181127/tools/bin/../lib/gcc/arm-none-eabi/10.3.1/../../../../arm-none-eabi/lib/thumb/v7-m/nofp\libc_nano.a(lib_a-lseekr.o)
                0x000000000800c1e0                _lseek_r
 .text._malloc_usable_size_r
                0x000000000800c204       0x10 c:/st/stm32cubeide_1.9.0/stm32cubeide/plugins/com.st.stm32cube.ide.mcu.externaltools.gnu-tools-for-stm32.10.3-2021.10.win32_1.0.0.202111181127/tools/bin/../lib/gcc/arm-none-eabi/10.3.1/../../../../arm-none-eabi/lib/thumb/v7-m/nofp\libc_nano.a(lib_a-nano-msizer.o)
                0x000000000800c204                _malloc_usable_size_r
 .text._read_r  0x000000000800c214       0x24 c:/st/stm32cubeide_1.9.0/stm32cubeide/plugins/com.st.stm32cube.ide.mcu.externaltools.gnu-tools-for-stm32.10.3-2021.10.win32_1.0.0.202111181127/tools/bin/../lib/gcc/arm-none-eabi/10.3.1/../../../../arm-none-eabi/lib/thumb/v7-m/nofp\libc_nano.a(lib_a-readr.o)
                0x000000000800c214                _read_r
 *(.glue_7)
 .glue_7        0x000000000800c238        0x0 linker stubs
 *(.glue_7t)
 .glue_7t       0x000000000800c238        0x0 linker stubs
 *(.eh_frame)
 .eh_frame      0x000000000800c238        0x0 c:/st/stm32cubeide_1.9.0/stm32cubeide/plugins/com.st.stm32cube.ide.mcu.externaltools.gnu-tools-for-stm32.10.3-2021.10.win32_1.0.0.202111181127/tools/bin/../lib/gcc/arm-none-eabi/10.3.1/thumb/v7-m/nofp/crtbegin.o
 *(.init)
 .init          0x000000000800c238        0x4 c:/st/stm32cubeide_1.9.0/stm32cubeide/plugins/com.st.stm32cube.ide.mcu.externaltools.gnu-tools-for-stm32.10.3-2021.10.win32_1.0.0.202111181127/tools/bin/../lib/gcc/arm-none-eabi/10.3.1/thumb/v7-m/nofp/crti.o
                0x000000000800c238                _init
 .init          0x000000000800c23c        0x8 c:/st/stm32cubeide_1.9.0/stm32cubeide/plugins/com.st.stm32cube.ide.mcu.externaltools.gnu-tools-for-stm32.10.3-2021.10.win32_1.0.0.202111181127/tools/bin/../lib/gcc/arm-none-eabi/10.3.1/thumb/v7-m/nofp/crtn.o
 *(.fini)
 .fini          0x000000000800c244        0x4 c:/st/stm32cubeide_1.9.0/stm32cubeide/plugins/com.st.stm32cube.ide.mcu.externaltools.gnu-tools-for-stm32.10.3-2021.10.win32_1.0.0.202111181127/tools/bin/../lib/gcc/arm-none-eabi/10.3.1/thumb/v7-m/nofp/crti.o
                0x000000000800c244                _fini
 .fini          0x000000000800c248        0x8 c:/st/stm32cubeide_1.9.0/stm32cubeide/plugins/com.st.stm32cube.ide.mcu.externaltools.gnu-tools-for-stm32.10.3-2021.10.win32_1.0.0.202111181127/tools/bin/../lib/gcc/arm-none-eabi/10.3.1/thumb/v7-m/nofp/crtn.o
                0x000000000800c250                . = ALIGN (0x4)
                0x000000000800c250                _etext = .

.vfp11_veneer   0x000000000800c250        0x0
 .vfp11_veneer  0x000000000800c250        0x0 linker stubs

.v4_bx          0x000000000800c250        0x0
 .v4_bx         0x000000000800c250        0x0 linker stubs

.iplt           0x000000000800c250        0x0
 .iplt          0x000000000800c250        0x0 c:/st/stm32cubeide_1.9.0/stm32cubeide/plugins/com.st.stm32cube.ide.mcu.externaltools.gnu-tools-for-stm32.10.3-2021.10.win32_1.0.0.202111181127/tools/bin/../lib/gcc/arm-none-eabi/10.3.1/thumb/v7-m/nofp/crtbegin.o

.rodata         0x000000000800c250      0x2d0
                0x000000000800c250                . = ALIGN (0x4)
 *(.rodata)
 .rodata        0x000000000800c250       0x16 ./Core/Src/main.o
 *fill*         0x000000000800c266        0x2 
 .rodata        0x000000000800c268       0x10 ./Drivers/STM32F1xx_HAL_Driver/Src/stm32f1xx_hal_rcc.o
 .rodata        0x000000000800c278       0x47 ./USB_DEVICE/App/usbd_desc.o
 *(.rodata*)
 *fill*         0x000000000800c2bf        0x1 
 .rodata.AHBPrescTable
                0x000000000800c2c0       0x10 ./Core/Src/system_stm32f1xx.o
                0x000000000800c2c0                AHBPrescTable
 .rodata.APBPrescTable
                0x000000000800c2d0        0x8 ./Core/Src/system_stm32f1xx.o
                0x000000000800c2d0                APBPrescTable
 .rodata._global_impure_ptr
                0x000000000800c2d8        0x4 c:/st/stm32cubeide_1.9.0/stm32cubeide/plugins/com.st.stm32cube.ide.mcu.externaltools.gnu-tools-for-stm32.10.3-2021.10.win32_1.0.0.202111181127/tools/bin/../lib/gcc/arm-none-eabi/10.3.1/../../../../arm-none-eabi/lib/thumb/v7-m/nofp\libc_nano.a(lib_a-impure.o)
                0x000000000800c2d8                _global_impure_ptr
 .rodata.strtok.str1.1
                0x000000000800c2dc       0x74 c:/st/stm32cubeide_1.9.0/stm32cubeide/plugins/com.st.stm32cube.ide.mcu.externaltools.gnu-tools-for-stm32.10.3-2021.10.win32_1.0.0.202111181127/tools/bin/../lib/gcc/arm-none-eabi/10.3.1/../../../../arm-none-eabi/lib/thumb/v7-m/nofp\libc_nano.a(lib_a-strtok.o)
 .rodata.__assert_func.str1.1
                0x000000000800c350       0x3c c:/st/stm32cubeide_1.9.0/stm32cubeide/plugins/com.st.stm32cube.ide.mcu.externaltools.gnu-tools-for-stm32.10.3-2021.10.win32_1.0.0.202111181127/tools/bin/../lib/gcc/arm-none-eabi/10.3.1/../../../../arm-none-eabi/lib/thumb/v7-m/nofp\libc_nano.a(lib_a-assert.o)
                                         0x3d (size before relaxing)
 .rodata._ctype_
                0x000000000800c38c      0x101 c:/st/stm32cubeide_1.9.0/stm32cubeide/plugins/com.st.stm32cube.ide.mcu.externaltools.gnu-tools-for-stm32.10.3-2021.10.win32_1.0.0.202111181127/tools/bin/../lib/gcc/arm-none-eabi/10.3.1/../../../../arm-none-eabi/lib/thumb/v7-m/nofp\libc_nano.a(lib_a-ctype_.o)
                0x000000000800c38c                _ctype_
 .rodata._svfprintf_r.str1.1
                0x000000000800c48d       0x11 c:/st/stm32cubeide_1.9.0/stm32cubeide/plugins/com.st.stm32cube.ide.mcu.externaltools.gnu-tools-for-stm32.10.3-2021.10.win32_1.0.0.202111181127/tools/bin/../lib/gcc/arm-none-eabi/10.3.1/../../../../arm-none-eabi/lib/thumb/v7-m/nofp\libc_nano.a(lib_a-nano-svfprintf.o)
 .rodata._vfprintf_r.str1.1
                0x000000000800c49e       0x11 c:/st/stm32cubeide_1.9.0/stm32cubeide/plugins/com.st.stm32cube.ide.mcu.externaltools.gnu-tools-for-stm32.10.3-2021.10.win32_1.0.0.202111181127/tools/bin/../lib/gcc/arm-none-eabi/10.3.1/../../../../arm-none-eabi/lib/thumb/v7-m/nofp\libc_nano.a(lib_a-nano-vfprintf.o)
 .rodata._printf_i.str1.1
                0x000000000800c49e       0x22 c:/st/stm32cubeide_1.9.0/stm32cubeide/plugins/com.st.stm32cube.ide.mcu.externaltools.gnu-tools-for-stm32.10.3-2021.10.win32_1.0.0.202111181127/tools/bin/../lib/gcc/arm-none-eabi/10.3.1/../../../../arm-none-eabi/lib/thumb/v7-m/nofp\libc_nano.a(lib_a-nano-vfprintf_i.o)
 .rodata.__sf_fake_stderr
                0x000000000800c4c0       0x20 c:/st/stm32cubeide_1.9.0/stm32cubeide/plugins/com.st.stm32cube.ide.mcu.externaltools.gnu-tools-for-stm32.10.3-2021.10.win32_1.0.0.202111181127/tools/bin/../lib/gcc/arm-none-eabi/10.3.1/../../../../arm-none-eabi/lib/thumb/v7-m/nofp\libc_nano.a(lib_a-findfp.o)
                0x000000000800c4c0                __sf_fake_stderr
 .rodata.__sf_fake_stdin
                0x000000000800c4e0       0x20 c:/st/stm32cubeide_1.9.0/stm32cubeide/plugins/com.st.stm32cube.ide.mcu.externaltools.gnu-tools-for-stm32.10.3-2021.10.win32_1.0.0.202111181127/tools/bin/../lib/gcc/arm-none-eabi/10.3.1/../../../../arm-none-eabi/lib/thumb/v7-m/nofp\libc_nano.a(lib_a-findfp.o)
                0x000000000800c4e0                __sf_fake_stdin
 .rodata.__sf_fake_stdout
                0x000000000800c500       0x20 c:/st/stm32cubeide_1.9.0/stm32cubeide/plugins/com.st.stm32cube.ide.mcu.externaltools.gnu-tools-for-stm32.10.3-2021.10.win32_1.0.0.202111181127/tools/bin/../lib/gcc/arm-none-eabi/10.3.1/../../../../arm-none-eabi/lib/thumb/v7-m/nofp\libc_nano.a(lib_a-findfp.o)
                0x000000000800c500                __sf_fake_stdout
                0x000000000800c520                . = ALIGN (0x4)

.rel.dyn        0x000000000800c520        0x0
 .rel.iplt      0x000000000800c520        0x0 c:/st/stm32cubeide_1.9.0/stm32cubeide/plugins/com.st.stm32cube.ide.mcu.externaltools.gnu-tools-for-stm32.10.3-2021.10.win32_1.0.0.202111181127/tools/bin/../lib/gcc/arm-none-eabi/10.3.1/thumb/v7-m/nofp/crtbegin.o

.ARM.extab      0x000000000800c520        0x0
                0x000000000800c520                . = ALIGN (0x4)
 *(.ARM.extab* .gnu.linkonce.armextab.*)
                0x000000000800c520                . = ALIGN (0x4)

.ARM            0x000000000800c520        0x0
                0x000000000800c520                . = ALIGN (0x4)
                0x000000000800c520                __exidx_start = .
 *(.ARM.exidx*)
                0x000000000800c520                __exidx_end = .
                0x000000000800c520                . = ALIGN (0x4)

.preinit_array  0x000000000800c520        0x0
                0x000000000800c520                . = ALIGN (0x4)
                0x000000000800c520                PROVIDE (__preinit_array_start = .)
 *(.preinit_array*)
                0x000000000800c520                PROVIDE (__preinit_array_end = .)
                0x000000000800c520                . = ALIGN (0x4)

.init_array     0x000000000800c520        0x4
                0x000000000800c520                . = ALIGN (0x4)
                0x000000000800c520                PROVIDE (__init_array_start = .)
 *(SORT_BY_NAME(.init_array.*))
 *(.init_array*)
 .init_array    0x000000000800c520        0x4 c:/st/stm32cubeide_1.9.0/stm32cubeide/plugins/com.st.stm32cube.ide.mcu.externaltools.gnu-tools-for-stm32.10.3-2021.10.win32_1.0.0.202111181127/tools/bin/../lib/gcc/arm-none-eabi/10.3.1/thumb/v7-m/nofp/crtbegin.o
                0x000000000800c524                PROVIDE (__init_array_end = .)
                0x000000000800c524                . = ALIGN (0x4)

.fini_array     0x000000000800c524        0x4
                0x000000000800c524                . = ALIGN (0x4)
                [!provide]                        PROVIDE (__fini_array_start = .)
 *(SORT_BY_NAME(.fini_array.*))
 *(.fini_array*)
 .fini_array    0x000000000800c524        0x4 c:/st/stm32cubeide_1.9.0/stm32cubeide/plugins/com.st.stm32cube.ide.mcu.externaltools.gnu-tools-for-stm32.10.3-2021.10.win32_1.0.0.202111181127/tools/bin/../lib/gcc/arm-none-eabi/10.3.1/thumb/v7-m/nofp/crtbegin.o
                [!provide]                        PROVIDE (__fini_array_end = .)
                0x000000000800c528                . = ALIGN (0x4)
                0x000000000800c528                _sidata = LOADADDR (.data)

.data           0x0000000020000000      0x1d0 load address 0x000000000800c528
                0x0000000020000000                . = ALIGN (0x4)
                0x0000000020000000                _sdata = .
 *(.data)
 *(.data*)
 .data.spi_detection
                0x0000000020000000        0x1 ./Core/Src/main.o
                0x0000000020000000                spi_detection
 *fill*         0x0000000020000001        0x3 
 .data.speed_div_x
                0x0000000020000004        0x4 ./Core/Src/main.o
                0x0000000020000004                speed_div_x
 .data.speed_div_y
                0x0000000020000008        0x4 ./Core/Src/main.o
                0x0000000020000008                speed_div_y
 .data.SystemCoreClock
                0x000000002000000c        0x4 ./Core/Src/system_stm32f1xx.o
                0x000000002000000c                SystemCoreClock
 .data.uwTickPrio
                0x0000000020000010        0x4 ./Drivers/STM32F1xx_HAL_Driver/Src/stm32f1xx_hal.o
                0x0000000020000010                uwTickPrio
 .data.uwTickFreq
                0x0000000020000014        0x1 ./Drivers/STM32F1xx_HAL_Driver/Src/stm32f1xx_hal.o
                0x0000000020000014                uwTickFreq
 *fill*         0x0000000020000015        0x3 
 .data.USBD_CUSTOM_HID
                0x0000000020000018       0x38 ./Middlewares/ST/STM32_USB_Device_Library/Class/CustomHID/Src/usbd_customhid.o
                0x0000000020000018                USBD_CUSTOM_HID
 .data.USBD_CUSTOM_HID_CfgFSDesc
                0x0000000020000050       0x29 ./Middlewares/ST/STM32_USB_Device_Library/Class/CustomHID/Src/usbd_customhid.o
 *fill*         0x0000000020000079        0x3 
 .data.USBD_CUSTOM_HID_CfgHSDesc
                0x000000002000007c       0x29 ./Middlewares/ST/STM32_USB_Device_Library/Class/CustomHID/Src/usbd_customhid.o
 *fill*         0x00000000200000a5        0x3 
 .data.USBD_CUSTOM_HID_OtherSpeedCfgDesc
                0x00000000200000a8       0x29 ./Middlewares/ST/STM32_USB_Device_Library/Class/CustomHID/Src/usbd_customhid.o
 *fill*         0x00000000200000d1        0x3 
 .data.USBD_CUSTOM_HID_Desc
                0x00000000200000d4        0x9 ./Middlewares/ST/STM32_USB_Device_Library/Class/CustomHID/Src/usbd_customhid.o
 *fill*         0x00000000200000dd        0x3 
 .data.USBD_CUSTOM_HID_DeviceQualifierDesc
                0x00000000200000e0        0xa ./Middlewares/ST/STM32_USB_Device_Library/Class/CustomHID/Src/usbd_customhid.o
 *fill*         0x00000000200000ea        0x2 
 .data.CUSTOM_HID_ReportDesc_FS
                0x00000000200000ec       0x1d ./USB_DEVICE/App/usbd_custom_hid_if.o
 *fill*         0x0000000020000109        0x3 
 .data.USBD_CustomHID_fops_FS
                0x000000002000010c       0x10 ./USB_DEVICE/App/usbd_custom_hid_if.o
                0x000000002000010c                USBD_CustomHID_fops_FS
 .data.FS_Desc  0x000000002000011c       0x1c ./USB_DEVICE/App/usbd_desc.o
                0x000000002000011c                FS_Desc
 .data.USBD_FS_DeviceDesc
                0x0000000020000138       0x12 ./USB_DEVICE/App/usbd_desc.o
                0x0000000020000138                USBD_FS_DeviceDesc
 *fill*         0x000000002000014a        0x2 
 .data.USBD_LangIDDesc
                0x000000002000014c        0x4 ./USB_DEVICE/App/usbd_desc.o
                0x000000002000014c                USBD_LangIDDesc
 .data.USBD_StringSerial
                0x0000000020000150       0x1a ./USB_DEVICE/App/usbd_desc.o
                0x0000000020000150                USBD_StringSerial
 *fill*         0x000000002000016a        0x2 
 .data._impure_ptr
                0x000000002000016c        0x4 c:/st/stm32cubeide_1.9.0/stm32cubeide/plugins/com.st.stm32cube.ide.mcu.externaltools.gnu-tools-for-stm32.10.3-2021.10.win32_1.0.0.202111181127/tools/bin/../lib/gcc/arm-none-eabi/10.3.1/../../../../arm-none-eabi/lib/thumb/v7-m/nofp\libc_nano.a(lib_a-impure.o)
                0x000000002000016c                _impure_ptr
 .data.impure_data
                0x0000000020000170       0x60 c:/st/stm32cubeide_1.9.0/stm32cubeide/plugins/com.st.stm32cube.ide.mcu.externaltools.gnu-tools-for-stm32.10.3-2021.10.win32_1.0.0.202111181127/tools/bin/../lib/gcc/arm-none-eabi/10.3.1/../../../../arm-none-eabi/lib/thumb/v7-m/nofp\libc_nano.a(lib_a-impure.o)
 *(.RamFunc)
 *(.RamFunc*)
                0x00000000200001d0                . = ALIGN (0x4)
                0x00000000200001d0                _edata = .

.igot.plt       0x00000000200001d0        0x0 load address 0x000000000800c6f8
 .igot.plt      0x00000000200001d0        0x0 c:/st/stm32cubeide_1.9.0/stm32cubeide/plugins/com.st.stm32cube.ide.mcu.externaltools.gnu-tools-for-stm32.10.3-2021.10.win32_1.0.0.202111181127/tools/bin/../lib/gcc/arm-none-eabi/10.3.1/thumb/v7-m/nofp/crtbegin.o
                0x00000000200001d0                . = ALIGN (0x4)

.bss            0x00000000200001d0      0x9e4 load address 0x000000000800c6f8
                0x00000000200001d0                _sbss = .
                0x00000000200001d0                __bss_start__ = _sbss
 *(.bss)
 .bss           0x00000000200001d0       0x1c c:/st/stm32cubeide_1.9.0/stm32cubeide/plugins/com.st.stm32cube.ide.mcu.externaltools.gnu-tools-for-stm32.10.3-2021.10.win32_1.0.0.202111181127/tools/bin/../lib/gcc/arm-none-eabi/10.3.1/thumb/v7-m/nofp/crtbegin.o
 *(.bss*)
 .bss.hadc1     0x00000000200001ec       0x30 ./Core/Src/main.o
                0x00000000200001ec                hadc1
 .bss.hdma_adc1
                0x000000002000021c       0x44 ./Core/Src/main.o
                0x000000002000021c                hdma_adc1
 .bss.hspi1     0x0000000020000260       0x58 ./Core/Src/main.o
                0x0000000020000260                hspi1
 .bss.hspi2     0x00000000200002b8       0x58 ./Core/Src/main.o
                0x00000000200002b8                hspi2
 .bss.huart1    0x0000000020000310       0x44 ./Core/Src/main.o
                0x0000000020000310                huart1
 .bss.joystickhid
                0x0000000020000354        0x8 ./Core/Src/main.o
                0x0000000020000354                joystickhid
 .bss.spi_values
                0x000000002000035c        0x4 ./Core/Src/main.o
                0x000000002000035c                spi_values
 .bss.ADCValue  0x0000000020000360        0x6 ./Core/Src/main.o
                0x0000000020000360                ADCValue
 *fill*         0x0000000020000366        0x2 
 .bss.rx_buffer
                0x0000000020000368        0x2 ./Core/Src/main.o
                0x0000000020000368                rx_buffer
 *fill*         0x000000002000036a        0x2 
 .bss.__sbrk_heap_end
                0x000000002000036c        0x4 ./Core/Src/sysmem.o
 .bss.uwTick    0x0000000020000370        0x4 ./Drivers/STM32F1xx_HAL_Driver/Src/stm32f1xx_hal.o
                0x0000000020000370                uwTick
 *fill*         0x0000000020000374        0x4 
 .bss.pFlash    0x0000000020000378       0x20 ./Drivers/STM32F1xx_HAL_Driver/Src/stm32f1xx_hal_flash.o
                0x0000000020000378                pFlash
 .bss.cfgidx.0  0x0000000020000398        0x1 ./Middlewares/ST/STM32_USB_Device_Library/Core/Src/usbd_ctlreq.o
 *fill*         0x0000000020000399        0x3 
 .bss.hUsbDeviceFS
                0x000000002000039c      0x2c4 ./USB_DEVICE/App/usb_device.o
                0x000000002000039c                hUsbDeviceFS
 .bss.USBD_StrDesc
                0x0000000020000660      0x200 ./USB_DEVICE/App/usbd_desc.o
                0x0000000020000660                USBD_StrDesc
 .bss.hpcd_USB_FS
                0x0000000020000860      0x2ec ./USB_DEVICE/Target/usbd_conf.o
                0x0000000020000860                hpcd_USB_FS
 .bss.mem.0     0x0000000020000b4c       0x58 ./USB_DEVICE/Target/usbd_conf.o
 .bss.__malloc_free_list
                0x0000000020000ba4        0x4 c:/st/stm32cubeide_1.9.0/stm32cubeide/plugins/com.st.stm32cube.ide.mcu.externaltools.gnu-tools-for-stm32.10.3-2021.10.win32_1.0.0.202111181127/tools/bin/../lib/gcc/arm-none-eabi/10.3.1/../../../../arm-none-eabi/lib/thumb/v7-m/nofp\libc_nano.a(lib_a-nano-mallocr.o)
                0x0000000020000ba4                __malloc_free_list
 .bss.__malloc_sbrk_start
                0x0000000020000ba8        0x4 c:/st/stm32cubeide_1.9.0/stm32cubeide/plugins/com.st.stm32cube.ide.mcu.externaltools.gnu-tools-for-stm32.10.3-2021.10.win32_1.0.0.202111181127/tools/bin/../lib/gcc/arm-none-eabi/10.3.1/../../../../arm-none-eabi/lib/thumb/v7-m/nofp\libc_nano.a(lib_a-nano-mallocr.o)
                0x0000000020000ba8                __malloc_sbrk_start
 .bss.__lock___malloc_recursive_mutex
                0x0000000020000bac        0x1 c:/st/stm32cubeide_1.9.0/stm32cubeide/plugins/com.st.stm32cube.ide.mcu.externaltools.gnu-tools-for-stm32.10.3-2021.10.win32_1.0.0.202111181127/tools/bin/../lib/gcc/arm-none-eabi/10.3.1/../../../../arm-none-eabi/lib/thumb/v7-m/nofp\libc_nano.a(lib_a-lock.o)
                0x0000000020000bac                __lock___malloc_recursive_mutex
 .bss.__lock___sfp_recursive_mutex
                0x0000000020000bad        0x1 c:/st/stm32cubeide_1.9.0/stm32cubeide/plugins/com.st.stm32cube.ide.mcu.externaltools.gnu-tools-for-stm32.10.3-2021.10.win32_1.0.0.202111181127/tools/bin/../lib/gcc/arm-none-eabi/10.3.1/../../../../arm-none-eabi/lib/thumb/v7-m/nofp\libc_nano.a(lib_a-lock.o)
                0x0000000020000bad                __lock___sfp_recursive_mutex
 .bss.__lock___sinit_recursive_mutex
                0x0000000020000bae        0x1 c:/st/stm32cubeide_1.9.0/stm32cubeide/plugins/com.st.stm32cube.ide.mcu.externaltools.gnu-tools-for-stm32.10.3-2021.10.win32_1.0.0.202111181127/tools/bin/../lib/gcc/arm-none-eabi/10.3.1/../../../../arm-none-eabi/lib/thumb/v7-m/nofp\libc_nano.a(lib_a-lock.o)